04-02 22:59:17.212  1727  2334 D BackgroundInstallControlService: Package event received: 0
04-02 22:59:18.747  1727  2334 D BackgroundInstallControlService: Package event received: 0
04-02 22:59:18.750  1727  2334 D BackgroundInstallControlService: Package event received: 0
04-02 22:59:18.750  1727  2334 D BackgroundInstallControlService: Package event received: 0
04-02 22:59:18.750  1727  2334 D BackgroundInstallControlService: Package event received: 0
04-02 22:59:20.296  1727  2334 D BackgroundInstallControlService: Package event received: 0
04-02 22:59:20.305  1727  2334 D BackgroundInstallControlService: Package event received: 0
04-02 22:59:20.305  1727  2334 D BackgroundInstallControlService: Package event received: 0
04-02 22:59:20.305  1727  2334 D BackgroundInstallControlService: Package event received: 0
04-02 22:59:21.845  1727  2334 D BackgroundInstallControlService: Package event received: 0
04-02 22:59:21.849  1727  2334 D BackgroundInstallControlService: Package event received: 0
04-02 22:59:21.853  1727  2334 D BackgroundInstallControlService: Package event received: 0
04-02 22:59:21.858  1727  2334 D BackgroundInstallControlService: Package event received: 0
04-02 22:59:23.392  1727  2334 D BackgroundInstallControlService: Package event received: 0
04-02 22:59:23.395  1727  2334 D BackgroundInstallControlService: Package event received: 0
04-02 22:59:23.397  1727  2334 D BackgroundInstallControlService: Package event received: 0
04-02 22:59:23.398  1727  2334 D BackgroundInstallControlService: Package event received: 0
04-02 22:59:24.950  1727  2334 D BackgroundInstallControlService: Package event received: 0
04-02 22:59:24.954  1727  2334 D BackgroundInstallControlService: Package event received: 0
04-02 22:59:24.956  1727  2334 D BackgroundInstallControlService: Package event received: 0
04-02 22:59:24.956  1727  2334 D BackgroundInstallControlService: Package event received: 0
04-02 22:59:26.495  1727  2334 D BackgroundInstallControlService: Package event received: 0
04-02 22:59:26.503  1727  2334 D BackgroundInstallControlService: Package event received: 0
04-02 22:59:26.504  1727  2334 D BackgroundInstallControlService: Package event received: 0
04-02 22:59:26.505  1727  2334 D BackgroundInstallControlService: Package event received: 0
04-02 22:59:28.046  1727  2334 D BackgroundInstallControlService: Package event received: 0
04-02 22:59:28.048  1727  2334 D BackgroundInstallControlService: Package event received: 0
04-02 22:59:28.048  1727  2334 D BackgroundInstallControlService: Package event received: 0
04-02 22:59:28.053  1727  2334 D BackgroundInstallControlService: Package event received: 0
04-02 22:59:29.592  1727  2334 D BackgroundInstallControlService: Package event received: 0
04-02 22:59:29.595  1727  2334 D BackgroundInstallControlService: Package event received: 0
04-02 22:59:29.595  1727  2334 D BackgroundInstallControlService: Package event received: 0
04-02 22:59:29.596  1727  2334 D BackgroundInstallControlService: Package event received: 0
04-02 22:59:31.136  1727  2334 D BackgroundInstallControlService: Package event received: 0
04-02 22:59:31.141  1727  2334 D BackgroundInstallControlService: Package event received: 0
04-02 22:59:31.141  1727  2334 D BackgroundInstallControlService: Package event received: 0
04-02 22:59:31.141  1727  2334 D BackgroundInstallControlService: Package event received: 0
04-02 22:59:32.685  1727  2334 D BackgroundInstallControlService: Package event received: 0
04-02 22:59:32.694  1727  2334 D BackgroundInstallControlService: Package event received: 0
04-02 22:59:32.694  1727  2334 D BackgroundInstallControlService: Package event received: 0
04-02 22:59:32.694  1727  2334 D BackgroundInstallControlService: Package event received: 0
04-02 22:59:33.349  1727  2334 D BackgroundInstallControlService: Package event received: 0
04-02 22:59:33.361  1727  2821 D ActivityManager: sync unfroze 3815 com.google.android.apps.turbo for 6
04-02 22:59:33.362  1727  2334 D BackgroundInstallControlService: Package event received: 0
04-02 22:59:33.380  1727  2656 W ProcessStats: Tracking association SourceState{e147096 com.google.android.pixelsystemservice/10328 ImpFg #68328} whose proc state 5 is better than process ProcessState{e08b7ae com.google.android.apps.turbo/10102 pkg=com.google.android.apps.turbo} proc state 14 (0 skipped)
04-02 22:59:34.229  1727  2334 D BackgroundInstallControlService: Package event received: 0
04-02 22:59:34.234  1727  2334 D BackgroundInstallControlService: Package event received: 0
04-02 22:59:34.235  1727  2334 D BackgroundInstallControlService: Package event received: 0
04-02 22:59:34.238  1727  2334 D BackgroundInstallControlService: Package event received: 0
04-02 22:59:35.778  1727  2334 D BackgroundInstallControlService: Package event received: 0
04-02 22:59:35.785  1727  2334 D BackgroundInstallControlService: Package event received: 0
04-02 22:59:35.786  1727  2334 D BackgroundInstallControlService: Package event received: 0
04-02 22:59:35.786  1727  2334 D BackgroundInstallControlService: Package event received: 0
04-02 22:59:37.327  1727  2334 D BackgroundInstallControlService: Package event received: 0
04-02 22:59:37.330  1727  2334 D BackgroundInstallControlService: Package event received: 0
04-02 22:59:37.330  1727  2334 D BackgroundInstallControlService: Package event received: 0
04-02 22:59:37.331  1727  2334 D BackgroundInstallControlService: Package event received: 0
04-02 22:59:38.878  1727  2334 D BackgroundInstallControlService: Package event received: 0
04-02 22:59:38.884  1727  2334 D BackgroundInstallControlService: Package event received: 0
04-02 22:59:38.886  1727  2334 D BackgroundInstallControlService: Package event received: 0
04-02 22:59:38.889  1727  2334 D BackgroundInstallControlService: Package event received: 0
04-02 22:59:40.442  1727  2334 D BackgroundInstallControlService: Package event received: 0
04-02 22:59:40.446  1727  2334 D BackgroundInstallControlService: Package event received: 0
04-02 22:59:40.447  1727  2334 D BackgroundInstallControlService: Package event received: 0
04-02 22:59:40.450  1727  2334 D BackgroundInstallControlService: Package event received: 0
04-02 22:59:41.991  1727  2334 D BackgroundInstallControlService: Package event received: 0
04-02 22:59:41.994  1727  2334 D BackgroundInstallControlService: Package event received: 0
04-02 22:59:41.995  1727  2334 D BackgroundInstallControlService: Package event received: 0
04-02 22:59:41.998  1727  2334 D BackgroundInstallControlService: Package event received: 0
04-02 22:59:43.539  1727  2334 D BackgroundInstallControlService: Package event received: 0
04-02 22:59:43.544  1727  2334 D BackgroundInstallControlService: Package event received: 0
04-02 22:59:43.544  1727  2334 D BackgroundInstallControlService: Package event received: 0
04-02 22:59:43.544  1727  2334 D BackgroundInstallControlService: Package event received: 0
04-02 22:59:45.085  1727  2334 D BackgroundInstallControlService: Package event received: 0
04-02 22:59:45.088  1727  2334 D BackgroundInstallControlService: Package event received: 0
04-02 22:59:45.092  1727  2334 D BackgroundInstallControlService: Package event received: 0
04-02 22:59:45.092  1727  2334 D BackgroundInstallControlService: Package event received: 0
04-02 22:59:46.628  1727  2334 D BackgroundInstallControlService: Package event received: 0
04-02 22:59:46.633  1727  2334 D BackgroundInstallControlService: Package event received: 0
04-02 22:59:46.634  1727  2334 D BackgroundInstallControlService: Package event received: 0
04-02 22:59:46.635  1727  2334 D BackgroundInstallControlService: Package event received: 0
04-02 22:59:48.185  1727  2334 D BackgroundInstallControlService: Package event received: 0
04-02 22:59:48.188  1727  2334 D BackgroundInstallControlService: Package event received: 0
04-02 22:59:48.188  1727  2334 D BackgroundInstallControlService: Package event received: 0
04-02 22:59:48.188  1727  2334 D BackgroundInstallControlService: Package event received: 0
04-02 22:59:49.726  1727  2334 D BackgroundInstallControlService: Package event received: 0
04-02 22:59:49.732  1727  2334 D BackgroundInstallControlService: Package event received: 0
04-02 22:59:49.732  1727  2334 D BackgroundInstallControlService: Package event received: 0
04-02 22:59:49.732  1727  2334 D BackgroundInstallControlService: Package event received: 0
04-02 22:59:51.264  1727  2334 D BackgroundInstallControlService: Package event received: 0
04-02 22:59:51.269  1727  2334 D BackgroundInstallControlService: Package event received: 0
04-02 22:59:51.269  1727  2334 D BackgroundInstallControlService: Package event received: 0
04-02 22:59:51.269  1727  2334 D BackgroundInstallControlService: Package event received: 0
04-02 22:59:52.804  1727  2334 D BackgroundInstallControlService: Package event received: 0
04-02 22:59:52.807  1727  2334 D BackgroundInstallControlService: Package event received: 0
04-02 22:59:52.808  1727  2334 D BackgroundInstallControlService: Package event received: 0
04-02 22:59:52.808  1727  2334 D BackgroundInstallControlService: Package event received: 0
04-02 22:59:54.351  1727  2334 D BackgroundInstallControlService: Package event received: 0
04-02 22:59:54.355  1727  2334 D BackgroundInstallControlService: Package event received: 0
04-02 22:59:54.356  1727  2334 D BackgroundInstallControlService: Package event received: 0
04-02 22:59:54.360  1727  2334 D BackgroundInstallControlService: Package event received: 0
04-02 22:59:55.899  1727  2334 D BackgroundInstallControlService: Package event received: 0
04-02 22:59:55.903  1727  2334 D BackgroundInstallControlService: Package event received: 0
04-02 22:59:55.904  1727  2334 D BackgroundInstallControlService: Package event received: 0
04-02 22:59:55.909  1727  2334 D BackgroundInstallControlService: Package event received: 0
04-02 22:59:57.448  1727  2334 D BackgroundInstallControlService: Package event received: 0
04-02 22:59:57.453  1727  2334 D BackgroundInstallControlService: Package event received: 0
04-02 22:59:57.454  1727  2334 D BackgroundInstallControlService: Package event received: 0
04-02 22:59:57.455  1727  2334 D BackgroundInstallControlService: Package event received: 0
04-02 22:59:58.992  1727  2334 D BackgroundInstallControlService: Package event received: 0
04-02 22:59:58.992  1727  2334 D BackgroundInstallControlService: Package event received: 0
04-02 22:59:58.993  1727  2334 D BackgroundInstallControlService: Package event received: 0
04-02 22:59:58.993  1727  2334 D BackgroundInstallControlService: Package event received: 0
04-02 23:00:00.020  1727  1799 D ActivityManager: sync unfroze 5372 com.android.DeviceAsWebcam for 10
04-02 23:00:00.021  1727  1799 D ActivityManager: sync unfroze 3263 com.android.keychain for 10
04-02 23:00:00.247  1727  1810 E BluetoothPowerStatsCollector: Cannot acquire BluetoothActivityEnergyInfo
04-02 23:00:00.247  1727  1810 E BluetoothPowerStatsCollector: java.util.concurrent.ExecutionException: java.lang.RuntimeException: error: 11
04-02 23:00:00.247  1727  1810 E BluetoothPowerStatsCollector: 	at java.util.concurrent.CompletableFuture.reportGet(CompletableFuture.java:372)
04-02 23:00:00.247  1727  1810 E BluetoothPowerStatsCollector: 	at java.util.concurrent.CompletableFuture.get(CompletableFuture.java:2072)
04-02 23:00:00.247  1727  1810 E BluetoothPowerStatsCollector: 	at com.android.server.power.stats.BluetoothPowerStatsCollector.collectBluetoothActivityInfo(BluetoothPowerStatsCollector.java:191)
04-02 23:00:00.247  1727  1810 E BluetoothPowerStatsCollector: 	at com.android.server.power.stats.BluetoothPowerStatsCollector.collectStats(BluetoothPowerStatsCollector.java:155)
04-02 23:00:00.247  1727  1810 E BluetoothPowerStatsCollector: 	at com.android.server.power.stats.PowerStatsCollector.collectAndDeliverStats(PowerStatsCollector.java:196)
04-02 23:00:00.247  1727  1810 E BluetoothPowerStatsCollector: 	at com.android.server.power.stats.PowerStatsCollector.lambda$forceSchedule$1(PowerStatsCollector.java:185)
04-02 23:00:00.247  1727  1810 E BluetoothPowerStatsCollector: 	at com.android.server.power.stats.PowerStatsCollector.$r8$lambda$S8t6eDCBuELjdSNvyveTMprEzE0(PowerStatsCollector.java:0)
04-02 23:00:00.247  1727  1810 E BluetoothPowerStatsCollector: 	at com.android.server.power.stats.PowerStatsCollector$$ExternalSyntheticLambda0.run(R8$$SyntheticClass:0)
04-02 23:00:00.247  1727  1810 E BluetoothPowerStatsCollector: 	at android.os.Handler.handleCallback(Handler.java:1095)
04-02 23:00:00.247  1727  1810 E BluetoothPowerStatsCollector: 	at android.os.Handler.dispatchMessageImpl(Handler.java:135)
04-02 23:00:00.247  1727  1810 E BluetoothPowerStatsCollector: 	at android.os.Handler.dispatchMessage(Handler.java:125)
04-02 23:00:00.247  1727  1810 E BluetoothPowerStatsCollector: 	at android.os.Looper.loopOnce(Looper.java:269)
04-02 23:00:00.247  1727  1810 E BluetoothPowerStatsCollector: 	at android.os.Looper.loop(Looper.java:367)
04-02 23:00:00.247  1727  1810 E BluetoothPowerStatsCollector: 	at android.os.HandlerThread.run(HandlerThread.java:139)
04-02 23:00:00.247  1727  1810 E BluetoothPowerStatsCollector: Caused by: java.lang.RuntimeException: error: 11
04-02 23:00:00.247  1727  1810 E BluetoothPowerStatsCollector: 	at com.android.server.power.stats.BluetoothPowerStatsCollector$1.onBluetoothActivityEnergyInfoError(BluetoothPowerStatsCollector.java:180)
04-02 23:00:00.247  1727  1810 E BluetoothPowerStatsCollector: 	at android.bluetooth.BluetoothAdapter$OnBluetoothActivityEnergyInfoProxy.lambda$onBluetoothActivityEnergyInfoAvailable$0(BluetoothAdapter.java:948)
04-02 23:00:00.247  1727  1810 E BluetoothPowerStatsCollector: 	at android.bluetooth.BluetoothAdapter$OnBluetoothActivityEnergyInfoProxy.$r8$lambda$ks_hN9Vo_x2Jp1k5f-s67WiAd4A(Unknown Source:0)
04-02 23:00:00.247  1727  1810 E BluetoothPowerStatsCollector: 	at android.bluetooth.BluetoothAdapter$OnBluetoothActivityEnergyInfoProxy$$ExternalSyntheticLambda0.run(D8$$SyntheticClass:0)
04-02 23:00:00.247  1727  1810 E BluetoothPowerStatsCollector: 	at android.bluetooth.BluetoothUtils.lambda$executeFromBinder$0(BluetoothUtils.java:342)
04-02 23:00:00.247  1727  1810 E BluetoothPowerStatsCollector: 	at android.bluetooth.BluetoothUtils$$ExternalSyntheticLambda1.run(D8$$SyntheticClass:0)
04-02 23:00:00.247  1727  1810 E BluetoothPowerStatsCollector: 	at com.android.server.SystemServerInitThreadPool$$ExternalSyntheticLambda0.execute(R8$$SyntheticClass:0)
04-02 23:00:00.247  1727  1810 E BluetoothPowerStatsCollector: 	at android.bluetooth.BluetoothUtils.executeFromBinder(BluetoothUtils.java:342)
04-02 23:00:00.247  1727  1810 E BluetoothPowerStatsCollector: 	at android.bluetooth.BluetoothAdapter$OnBluetoothActivityEnergyInfoProxy.onBluetoothActivityEnergyInfoAvailable(BluetoothAdapter.java:946)
04-02 23:00:00.247  1727  1810 E BluetoothPowerStatsCollector: 	at android.bluetooth.IBluetoothActivityEnergyInfoListener$Stub.onTransact(IBluetoothActivityEnergyInfoListener.java:95)
04-02 23:00:00.247  1727  1810 E BluetoothPowerStatsCollector: 	at android.os.Binder.execTransactInternal(Binder.java:1471)
04-02 23:00:00.247  1727  1810 E BluetoothPowerStatsCollector: 	at android.os.Binder.execTransact(Binder.java:1411)
04-02 23:00:00.409  1727  1810 D KernelCpuUidUserSysTimeReader: Removing uids 99042-99042
04-02 23:00:00.512  1727  2334 D BackgroundInstallControlService: Package event received: 0
04-02 23:00:00.513  1727  2334 D BackgroundInstallControlService: Package event received: 0
04-02 23:00:00.514  1727  2334 D BackgroundInstallControlService: Package event received: 0
04-02 23:00:00.514  1727  2334 D BackgroundInstallControlService: Package event received: 0
04-02 23:00:00.524  1727  1810 E BluetoothPowerStatsCollector: Cannot acquire BluetoothActivityEnergyInfo
04-02 23:00:00.524  1727  1810 E BluetoothPowerStatsCollector: java.util.concurrent.ExecutionException: java.lang.RuntimeException: error: 11
04-02 23:00:00.524  1727  1810 E BluetoothPowerStatsCollector: 	at java.util.concurrent.CompletableFuture.reportGet(CompletableFuture.java:372)
04-02 23:00:00.524  1727  1810 E BluetoothPowerStatsCollector: 	at java.util.concurrent.CompletableFuture.get(CompletableFuture.java:2072)
04-02 23:00:00.524  1727  1810 E BluetoothPowerStatsCollector: 	at com.android.server.power.stats.BluetoothPowerStatsCollector.collectBluetoothActivityInfo(BluetoothPowerStatsCollector.java:191)
04-02 23:00:00.524  1727  1810 E BluetoothPowerStatsCollector: 	at com.android.server.power.stats.BluetoothPowerStatsCollector.collectStats(BluetoothPowerStatsCollector.java:155)
04-02 23:00:00.524  1727  1810 E BluetoothPowerStatsCollector: 	at com.android.server.power.stats.PowerStatsCollector.collectAndDeliverStats(PowerStatsCollector.java:196)
04-02 23:00:00.524  1727  1810 E BluetoothPowerStatsCollector: 	at com.android.server.power.stats.PowerStatsCollector.lambda$forceSchedule$1(PowerStatsCollector.java:185)
04-02 23:00:00.524  1727  1810 E BluetoothPowerStatsCollector: 	at com.android.server.power.stats.PowerStatsCollector.$r8$lambda$S8t6eDCBuELjdSNvyveTMprEzE0(PowerStatsCollector.java:0)
04-02 23:00:00.524  1727  1810 E BluetoothPowerStatsCollector: 	at com.android.server.power.stats.PowerStatsCollector$$ExternalSyntheticLambda0.run(R8$$SyntheticClass:0)
04-02 23:00:00.524  1727  1810 E BluetoothPowerStatsCollector: 	at android.os.Handler.handleCallback(Handler.java:1095)
04-02 23:00:00.524  1727  1810 E BluetoothPowerStatsCollector: 	at android.os.Handler.dispatchMessageImpl(Handler.java:135)
04-02 23:00:00.524  1727  1810 E BluetoothPowerStatsCollector: 	at android.os.Handler.dispatchMessage(Handler.java:125)
04-02 23:00:00.524  1727  1810 E BluetoothPowerStatsCollector: 	at android.os.Looper.loopOnce(Looper.java:269)
04-02 23:00:00.524  1727  1810 E BluetoothPowerStatsCollector: 	at android.os.Looper.loop(Looper.java:367)
04-02 23:00:00.524  1727  1810 E BluetoothPowerStatsCollector: 	at android.os.HandlerThread.run(HandlerThread.java:139)
04-02 23:00:00.524  1727  1810 E BluetoothPowerStatsCollector: Caused by: java.lang.RuntimeException: error: 11
04-02 23:00:00.524  1727  1810 E BluetoothPowerStatsCollector: 	at com.android.server.power.stats.BluetoothPowerStatsCollector$1.onBluetoothActivityEnergyInfoError(BluetoothPowerStatsCollector.java:180)
04-02 23:00:00.524  1727  1810 E BluetoothPowerStatsCollector: 	at android.bluetooth.BluetoothAdapter$OnBluetoothActivityEnergyInfoProxy.lambda$onBluetoothActivityEnergyInfoAvailable$0(BluetoothAdapter.java:948)
04-02 23:00:00.524  1727  1810 E BluetoothPowerStatsCollector: 	at android.bluetooth.BluetoothAdapter$OnBluetoothActivityEnergyInfoProxy.$r8$lambda$ks_hN9Vo_x2Jp1k5f-s67WiAd4A(Unknown Source:0)
04-02 23:00:00.524  1727  1810 E BluetoothPowerStatsCollector: 	at android.bluetooth.BluetoothAdapter$OnBluetoothActivityEnergyInfoProxy$$ExternalSyntheticLambda0.run(D8$$SyntheticClass:0)
04-02 23:00:00.524  1727  1810 E BluetoothPowerStatsCollector: 	at android.bluetooth.BluetoothUtils.lambda$executeFromBinder$0(BluetoothUtils.java:342)
04-02 23:00:00.524  1727  1810 E BluetoothPowerStatsCollector: 	at android.bluetooth.BluetoothUtils$$ExternalSyntheticLambda1.run(D8$$SyntheticClass:0)
04-02 23:00:00.524  1727  1810 E BluetoothPowerStatsCollector: 	at com.android.server.SystemServerInitThreadPool$$ExternalSyntheticLambda0.execute(R8$$SyntheticClass:0)
04-02 23:00:00.524  1727  1810 E BluetoothPowerStatsCollector: 	at android.bluetooth.BluetoothUtils.executeFromBinder(BluetoothUtils.java:342)
04-02 23:00:00.524  1727  1810 E BluetoothPowerStatsCollector: 	at android.bluetooth.BluetoothAdapter$OnBluetoothActivityEnergyInfoProxy.onBluetoothActivityEnergyInfoAvailable(BluetoothAdapter.java:946)
04-02 23:00:00.524  1727  1810 E BluetoothPowerStatsCollector: 	at android.bluetooth.IBluetoothActivityEnergyInfoListener$Stub.onTransact(IBluetoothActivityEnergyInfoListener.java:95)
04-02 23:00:00.524  1727  1810 E BluetoothPowerStatsCollector: 	at android.os.Binder.execTransactInternal(Binder.java:1471)
04-02 23:00:00.524  1727  1810 E BluetoothPowerStatsCollector: 	at android.os.Binder.execTransact(Binder.java:1411)
04-02 23:00:00.819  1727  1801 I ActivityManager: Start proc 9905:com.google.android.gms:com.google.android.gms.chimera.IsolatedBoundBrokerService/u0i44 for service {com.google.android.gms/com.google.android.gms.chimera.IsolatedBoundBrokerService}
04-02 23:00:01.048  1727  1801 I ActivityManager: Start proc 9923:com.google.android.gms:snet/u0a115 for service {com.google.android.gms/com.google.android.gms.chimera.SnetIntentOperationService}
04-02 23:00:01.070  9905  9905 W FileUtils: Failed to chmod(/data/user_de/0/com.google.android.gms/app_chimera)
04-02 23:00:01.070  9905  9905 W FileUtils: android.system.ErrnoException: chmod failed: ENOENT (No such file or directory)
04-02 23:00:01.070  9905  9905 W FileUtils: 	at libcore.io.Linux.chmod(Native Method)
04-02 23:00:01.070  9905  9905 W FileUtils: 	at libcore.io.ForwardingOs.chmod(ForwardingOs.java:166)
04-02 23:00:01.070  9905  9905 W FileUtils: 	at libcore.io.BlockGuardOs.chmod(BlockGuardOs.java:83)
04-02 23:00:01.070  9905  9905 W FileUtils: 	at libcore.io.ForwardingOs.chmod(ForwardingOs.java:166)
04-02 23:00:01.070  9905  9905 W FileUtils: 	at android.system.Os.chmod(Os.java:119)
04-02 23:00:01.070  9905  9905 W FileUtils: 	at android.os.FileUtils.setPermissions(FileUtils.java:189)
04-02 23:00:01.070  9905  9905 W FileUtils: 	at android.app.ContextImpl.setFilePermissionsFromMode(ContextImpl.java:3910)
04-02 23:00:01.070  9905  9905 W FileUtils: 	at android.app.ContextImpl.getDir(ContextImpl.java:3516)
04-02 23:00:01.070  9905  9905 W FileUtils: 	at android.content.ContextWrapper.getDir(ContextWrapper.java:353)
04-02 23:00:01.070  9905  9905 W FileUtils: 	at aapl.c(:com.google.android.gms@261133035@26.11.33 (260400-887465546):8)
04-02 23:00:01.070  9905  9905 W FileUtils: 	at aaor.<init>(:com.google.android.gms@261133035@26.11.33 (260400-887465546):26)
04-02 23:00:01.070  9905  9905 W FileUtils: 	at aapw.<init>(:com.google.android.gms@261133035@26.11.33 (260400-887465546):3)
04-02 23:00:01.070  9905  9905 W FileUtils: 	at aapw.f(:com.google.android.gms@261133035@26.11.33 (260400-887465546):14)
04-02 23:00:01.070  9905  9905 W FileUtils: 	at com.google.android.gms.common.app.GmsApplication.attachBaseContext(:com.google.android.gms@261133035@26.11.33 (260400-887465546):1793)
04-02 23:00:01.070  9905  9905 W FileUtils: 	at android.app.Application.attach(Application.java:356)
04-02 23:00:01.070  9905  9905 W FileUtils: 	at android.app.Instrumentation.newApplication(Instrumentation.java:1363)
04-02 23:00:01.070  9905  9905 W FileUtils: 	at android.app.LoadedApk.makeApplicationInner(LoadedApk.java:1636)
04-02 23:00:01.070  9905  9905 W FileUtils: 	at android.app.LoadedApk.makeApplicationInner(LoadedApk.java:1568)
04-02 23:00:01.070  9905  9905 W FileUtils: 	at android.app.ActivityThread.handleBindApplication(ActivityThread.java:8124)
04-02 23:00:01.070  9905  9905 W FileUtils: 	at android.app.ActivityThread.-$$Nest$mhandleBindApplication(Unknown Source:0)
04-02 23:00:01.070  9905  9905 W FileUtils: 	at android.app.ActivityThread$H.handleMessage(ActivityThread.java:2716)
04-02 23:00:01.070  9905  9905 W FileUtils: 	at android.os.Handler.dispatchMessageImpl(Handler.java:142)
04-02 23:00:01.070  9905  9905 W FileUtils: 	at android.os.Handler.dispatchMessage(Handler.java:125)
04-02 23:00:01.070  9905  9905 W FileUtils: 	at android.os.Looper.loopOnce(Looper.java:269)
04-02 23:00:01.070  9905  9905 W FileUtils: 	at android.os.Looper.loop(Looper.java:367)
04-02 23:00:01.070  9905  9905 W FileUtils: 	at android.app.ActivityThread.main(ActivityThread.java:9333)
04-02 23:00:01.070  9905  9905 W FileUtils: 	at java.lang.reflect.Method.invoke(Native Method)
04-02 23:00:01.070  9905  9905 W FileUtils: 	at com.android.internal.os.RuntimeInit$MethodAndArgsCaller.run(RuntimeInit.java:566)
04-02 23:00:01.070  9905  9905 W FileUtils: 	at com.android.internal.os.ZygoteInit.main(ZygoteInit.java:929)
04-02 23:00:01.071  1727  2334 D BackgroundInstallControlService: Package event received: 0
04-02 23:00:01.203  1727  4011 W ActivityManager: Unable to start service Intent { act=com.google.android.gms.mdocstore.service.MDOC_STORE xflg=0x4 pkg=com.google.android.gms } U=0: not found
04-02 23:00:01.204  1727  3956 W ActivityManager: Unbind failed: could not find connection for android.os.BinderProxy@d7c21b7
04-02 23:00:01.227  1727  3956 W ActivityManager: Unable to start service Intent { act=com.google.android.gms.mdocstore.service.MDOC_STORE xflg=0x4 pkg=com.google.android.gms } U=0: not found
04-02 23:00:01.228  1727  3956 W ActivityManager: Unbind failed: could not find connection for android.os.BinderProxy@ee56242
04-02 23:00:01.412  1727  1801 I ActivityManager: Start proc 9995:com.google.android.gms.learning/u0a115 for service {com.google.android.gms/com.google.android.gms.learning.training.background.TrainingGcmTaskService}
04-02 23:00:02.042  1727  2334 D BackgroundInstallControlService: Package event received: 0
04-02 23:00:02.047  1727  2334 D BackgroundInstallControlService: Package event received: 0
04-02 23:00:02.048  1727  2334 D BackgroundInstallControlService: Package event received: 0
04-02 23:00:02.050  1727  2334 D BackgroundInstallControlService: Package event received: 0
04-02 23:00:03.573  1727  2334 D BackgroundInstallControlService: Package event received: 0
04-02 23:00:03.574  1727  2334 D BackgroundInstallControlService: Package event received: 0
04-02 23:00:03.574  1727  2334 D BackgroundInstallControlService: Package event received: 0
04-02 23:00:03.574  1727  2334 D BackgroundInstallControlService: Package event received: 0
04-02 23:00:05.108  1727  2334 D BackgroundInstallControlService: Package event received: 0
04-02 23:00:05.111  1727  2334 D BackgroundInstallControlService: Package event received: 0
04-02 23:00:05.113  1727  2334 D BackgroundInstallControlService: Package event received: 0
04-02 23:00:05.113  1727  2334 D BackgroundInstallControlService: Package event received: 0
04-02 23:00:06.633  1727  2334 D BackgroundInstallControlService: Package event received: 0
04-02 23:00:06.636  1727  2334 D BackgroundInstallControlService: Package event received: 0
04-02 23:00:06.636  1727  2334 D BackgroundInstallControlService: Package event received: 0
04-02 23:00:06.636  1727  2334 D BackgroundInstallControlService: Package event received: 0
04-02 23:00:08.158  1727  2334 D BackgroundInstallControlService: Package event received: 0
04-02 23:00:08.166  1727  2334 D BackgroundInstallControlService: Package event received: 0
04-02 23:00:08.166  1727  2334 D BackgroundInstallControlService: Package event received: 0
04-02 23:00:08.166  1727  2334 D BackgroundInstallControlService: Package event received: 0
04-02 23:00:08.526  1727  1858 D ActivityManager: sync unfroze 21148 com.android.vending:background for 10
04-02 23:00:08.530  1727  2334 D BackgroundInstallControlService: Package event received: 0
04-02 23:00:08.572 14411 10089 V Configuration: Updating configuration, locales updated from [] to [en_US]
04-02 23:00:08.844  1727  4011 D CompatChangeReporter: Compat change id reported: 441041342; UID 99045; state: ENABLED
04-02 23:00:08.846 14411 14453 V Configuration: Updating configuration, locales updated from [] to [en_US]
04-02 23:00:08.866  1727  1801 I ActivityManager: Start proc 10094:com.android.vending:com.google.android.finsky.verifier.apkanalysis.service.ApkContentsScanService/u0i45 for service {com.android.vending/com.google.android.finsky.verifier.apkanalysis.service.ApkContentsScanService}
04-02 23:00:09.319  1727  2334 D BackgroundInstallControlService: Package event received: 0
04-02 23:00:09.686  1727  2334 D BackgroundInstallControlService: Package event received: 0
04-02 23:00:09.689  1727  2334 D BackgroundInstallControlService: Package event received: 0
04-02 23:00:09.690  1727  2334 D BackgroundInstallControlService: Package event received: 0
04-02 23:00:09.691  1727  2334 D BackgroundInstallControlService: Package event received: 0
04-02 23:00:09.995  1727  1826 I ActivityManager: Killing 10094:com.android.vending:com.google.android.finsky.verifier.apkanalysis.service.ApkContentsScanService/u0a122i45 (adj 0): isolated not needed
04-02 23:00:11.106  1727  1858 I PackageManager: Continuing with installation of file:///data/app/vmdl2140403751.tmp
04-02 23:00:11.125  1727  1858 V Configuration: Updating configuration, locales updated from [] to [en_US]
04-02 23:00:11.203  1727  2334 D BackgroundInstallControlService: Package event received: 0
04-02 23:00:11.205  1727  2334 D BackgroundInstallControlService: Package event received: 0
04-02 23:00:11.205  1727  2334 D BackgroundInstallControlService: Package event received: 0
04-02 23:00:11.205  1727  2334 D BackgroundInstallControlService: Package event received: 0
04-02 23:00:11.955  1727  2334 D BackgroundInstallControlService: Package event received: 0
04-02 23:00:12.588  1727  1799 I ActivityManager: Force stopping com.carenet.app appid=10388 user=-1: installPackageLI
04-02 23:00:12.592  1727  1858 I AppsFilter: interaction: PackageSetting{342abf0 com.google.android.microdroid.empty_payload/10303} -> PackageSetting{db496fb com.carenet.app/10388} BLOCKED
04-02 23:00:12.592  1727  1858 I AppsFilter: interaction: PackageSetting{d0ddea com.example.listynest/10277} -> PackageSetting{db496fb com.carenet.app/10388} BLOCKED
04-02 23:00:12.594  1727  1858 I AppsFilter: interaction: PackageSetting{342abf0 com.google.android.microdroid.empty_payload/10303} -> PackageSetting{db496fb com.carenet.app/10388} BLOCKED
04-02 23:00:12.594  1727  1858 I AppsFilter: interaction: PackageSetting{d0ddea com.example.listynest/10277} -> PackageSetting{db496fb com.carenet.app/10388} BLOCKED
04-02 23:00:12.597  1727  1858 I AppsFilter: interaction: PackageSetting{342abf0 com.google.android.microdroid.empty_payload/10303} -> PackageSetting{9b07bde com.carenet.app/10388} BLOCKED
04-02 23:00:12.597  1727  1858 I AppsFilter: interaction: PackageSetting{d0ddea com.example.listynest/10277} -> PackageSetting{9b07bde com.carenet.app/10388} BLOCKED
04-02 23:00:12.598  1727  1858 I AppsFilter: interaction: PackageSetting{342abf0 com.google.android.microdroid.empty_payload/10303} -> PackageSetting{9b07bde com.carenet.app/10388} BLOCKED
04-02 23:00:12.598  1727  1858 I AppsFilter: interaction: PackageSetting{d0ddea com.example.listynest/10277} -> PackageSetting{9b07bde com.carenet.app/10388} BLOCKED
04-02 23:00:12.609  1727  1858 I PackageManager: Update package com.carenet.app code path from /data/app/~~Cbv7asCnC-Z7XP2x83NI7w==/com.carenet.app-0QFHTh5m2USWAnpKNgTMHw== to /data/app/~~Kn40uA_cRuVvfc_7QBnGLQ==/com.carenet.app-WUIgtaW_3pe3pdF9Uqb_WA==; Retain data and using new
04-02 23:00:12.619  1727  1799 E ActivityManager: Unable to freeze binder for 3477: -11
04-02 23:00:12.620  1727  1799 I ActivityManager: Killing 3477:com.carenet.app/u0a388 (adj 900): stop com.carenet.app due to installPackageLI
04-02 23:00:12.755  1727  1786 W Looper  : Slow dispatch took 135ms android.ui app=system_server main=false group=FOREGROUND h=com.android.server.am.ActivityManagerService$UiHandler c=com.android.server.am.UidObserverController$$ExternalSyntheticLambda0@550ad4a m=0
04-02 23:00:12.756  1727  2822 I WindowManager: WIN DEATH: Window{8505bd0 u0 com.carenet.app/com.carenet.app.MainActivity}
04-02 23:00:12.759  1727  1799 D ActivityManager: sync unfroze 3534 com.google.android.webview:sandboxed_process0:org.chromium.content.app.SandboxedProcessService0:0 for 5
04-02 23:00:12.781  1727  1799 W ActivityTaskManager: Force removing ActivityRecord{182978487 u0 com.carenet.app/.MainActivity t45 f}}: app died, no saved state
04-02 23:00:12.781  1727  1799 E TransitionChain: Can't collect into a chain with no transition
04-02 23:00:12.781  1727  1799 E TransitionChain: Can't collect into a chain with no transition
04-02 23:00:12.784  1727  1799 I ActivityManager: Killing 3534:com.google.android.webview:sandboxed_process0:org.chromium.content.app.SandboxedProcessService0:0/u0a388i40 (adj 0): isolated not needed
04-02 23:00:12.795  2473  2506 V ShellTaskOrganizer: Task vanished taskId=45
04-02 23:00:12.795  2473  2506 V ShellTaskOrganizer: Fullscreen Task Vanished: #45
04-02 23:00:12.799  1727  2479 I ActivityManager: Killing 9905:com.google.android.gms:com.google.android.gms.chimera.IsolatedBoundBrokerService/u0a115i44 (adj 0): isolated not needed
04-02 23:00:12.800  2473  2506 D ShellDesktopMode: AppToWebRepository: Task 45 is vanishing. Removing task data from repository
04-02 23:00:12.801  1727  1858 D ActivityManager: sync unfroze 23459 com.google.android.gms.unstable for 10
04-02 23:00:12.801  1727  1858 D ActivityManager: sync unfroze 4529 com.google.android.gms.ui for 10
04-02 23:00:12.803  1727  1788 W ActivityManager: setHasOverlayUi called on unknown pid: 3477
04-02 23:00:12.803  1727  4011 V ActivityManager: Got obituary of 3477:com.carenet.app
04-02 23:00:12.804  1727  2199 W UsageStatsService: Unexpected activity event reported! (com.carenet.app/com.carenet.app.MainActivity event : 23 instanceId : 24729229)
04-02 23:00:12.804  2473  2506 V AppCompat: SingleSurfaceLetterboxController: []
04-02 23:00:12.804  2473  2506 V AppCompat: MultiSurfaceLetterboxController: []
04-02 23:00:12.804  2473  2506 V AppCompat: LetterboxInputController: []
04-02 23:00:12.804  2473  2506 V AppCompat: RoundedCornersLetterboxController: {}
04-02 23:00:12.811  1727  2334 D BackgroundInstallControlService: Package event received: 0
04-02 23:00:12.813  1727  2334 D BackgroundInstallControlService: Package event received: 0
04-02 23:00:12.814  1727  1858 I PackageManager: installation completed for package:com.carenet.app. Final code path: /data/app/~~Kn40uA_cRuVvfc_7QBnGLQ==/com.carenet.app-WUIgtaW_3pe3pdF9Uqb_WA==
04-02 23:00:12.815  1727  1858 I AppsFilter: interaction: PackageSetting{a1e865a com.google.android.microdroid.empty_payload/10303} -> PackageSetting{1291f66 com.carenet.app/10388} BLOCKED
04-02 23:00:12.815  1727  1858 I AppsFilter: interaction: PackageSetting{275568 com.example.listynest/10277} -> PackageSetting{1291f66 com.carenet.app/10388} BLOCKED
04-02 23:00:12.816  1727  1858 I AppsFilter: interaction: PackageSetting{a1e865a com.google.android.microdroid.empty_payload/10303} -> PackageSetting{1291f66 com.carenet.app/10388} BLOCKED
04-02 23:00:12.816  1727  1858 I AppsFilter: interaction: PackageSetting{275568 com.example.listynest/10277} -> PackageSetting{1291f66 com.carenet.app/10388} BLOCKED
04-02 23:00:12.816  1727  2334 D BackgroundInstallControlService: Package event received: 0
04-02 23:00:12.817  1727  2334 D BackgroundInstallControlService: Package event received: 0
04-02 23:00:12.818  1727  2334 D BackgroundInstallControlService: Package event received: 0
04-02 23:00:12.819  1727  2352 W ActivityManager: Unable to launch app com.google.android.permissioncontroller/1010224 for service Intent { act=android.permission.PermissionControllerService cmp=com.google.android.permissioncontroller/com.android.permissioncontroller.permission.service.PermissionControllerServiceImpl }: user 10 is stopped
04-02 23:00:12.826  1727  2334 D BackgroundInstallControlService: Package event received: 0
04-02 23:00:12.844  1727  4018 D CompatChangeReporter: Compat change id reported: 441041342; UID 10133; state: ENABLED
04-02 23:00:12.846  1727  2334 D BackgroundInstallControlService: Package event received: 0
04-02 23:00:12.863  1727  1801 I ActivityManager: Start proc 10222:com.google.android.apps.restore/u0a133 for service {com.google.android.apps.restore/com.google.android.apps.restore.backup.photos.apiservice.PhotosBackupApiEndpointService}
04-02 23:00:12.872  1727  1858 I ActivityManager: Force stopping com.carenet.app appid=10388 user=0: pkg removed
04-02 23:00:12.875  1727  1858 W ActivityManager: pid 1727 system sent binder code 22 with flags 1 and got error -32
04-02 23:00:12.885  1727  1858 I ActivityManager: Force stopping com.carenet.app appid=10388 user=0: pkg removed
04-02 23:00:12.889  1727  1858 W ActivityManager: pid 1727 system sent binder code 22 with flags 1 and got error -32
04-02 23:00:12.889  1727  1858 D ActivityManager: Too many transaction errors, throttling transaction error callback.
04-02 23:00:12.914  1727  2333 D ShortcutService: received package broadcast intent: Intent { act=android.intent.action.PACKAGE_REMOVED dat=package: flg=0x4000010 (has extras) }
04-02 23:00:12.930  1727  2334 D BackgroundInstallControlService: Package event received: 0
04-02 23:00:12.946  1727  2334 D BackgroundInstallControlService: Package event received: 0
04-02 23:00:12.946  1727  2290 E AppOps  : attributionTag VCN not declared in manifest of android
04-02 23:00:12.951  1727  1727 I Telecom : CarModeTracker: Package com.carenet.app is not tracked.: SSH.oR@Eo0
04-02 23:00:12.951  1727  2290 E AppOps  : attributionTag VCN not declared in manifest of android
04-02 23:00:12.952  1727  1727 I Telecom : InCallController: updateCarModeForConnections: car mode apps: : SSH.oR@Eo0
04-02 23:00:12.954  1727  1727 I Telecom : InCallController: update carmode current:UserHandle{0} parent:null: SSH.oR@Eo0
04-02 23:00:12.971  1727  1727 D AS.AudioService: received android.intent.action.PACKAGE_ADDED replacing: false archival: false for package com.carenet.app with uid 1010388
04-02 23:00:12.990  1727  2479 W AppOpService: Ignored setUidMode call for runtime permission app op: uid = 10272, code = RECEIVE_WAP_PUSH, mode = allow, callingUid = 1001, oldMode = allow
04-02 23:00:12.991  1727  2479 W AppOpService: Ignored setUidMode call for runtime permission app op: uid = 10272, code = READ_CELL_BROADCASTS, mode = allow, callingUid = 1001, oldMode = allow
04-02 23:00:13.000  1727  1799 D ActivityManager: sync unfroze 2558 com.google.android.packageinstaller for 3
04-02 23:00:13.005 13477 13477 D ActivityThread: Package [com.carenet.app] reported as REPLACED, but missing application info. Assuming REMOVED.
04-02 23:00:13.005 14411 14411 D ActivityThread: Package [com.carenet.app] reported as REPLACED, but missing application info. Assuming REMOVED.
04-02 23:00:13.006 13010 13010 D ActivityThread: Package [com.carenet.app] reported as REPLACED, but missing application info. Assuming REMOVED.
04-02 23:00:13.006  2878  2878 D ActivityThread: Package [com.carenet.app] reported as REPLACED, but missing application info. Assuming REMOVED.
04-02 23:00:13.006  3060  3060 D ActivityThread: Package [com.carenet.app] reported as REPLACED, but missing application info. Assuming REMOVED.
04-02 23:00:13.006  2827  2827 D ActivityThread: Package [com.carenet.app] reported as REPLACED, but missing application info. Assuming REMOVED.
04-02 23:00:13.007  3660  3660 D ActivityThread: Package [com.carenet.app] reported as REPLACED, but missing application info. Assuming REMOVED.
04-02 23:00:13.007  3815  3815 D ActivityThread: Package [com.carenet.app] reported as REPLACED, but missing application info. Assuming REMOVED.
04-02 23:00:13.007  9923  9923 D ActivityThread: Package [com.carenet.app] reported as REPLACED, but missing application info. Assuming REMOVED.
04-02 23:00:13.007 10152 10152 D ActivityThread: Package [com.carenet.app] reported as REPLACED, but missing application info. Assuming REMOVED.
04-02 23:00:13.007 23459 23459 D ActivityThread: Package [com.carenet.app] reported as REPLACED, but missing application info. Assuming REMOVED.
04-02 23:00:13.008 13548 13548 D ActivityThread: Package [com.carenet.app] reported as REPLACED, but missing application info. Assuming REMOVED.
04-02 23:00:13.008  4544  4544 D ActivityThread: Package [com.carenet.app] reported as REPLACED, but missing application info. Assuming REMOVED.
04-02 23:00:13.009  9995  9995 D ActivityThread: Package [com.carenet.app] reported as REPLACED, but missing application info. Assuming REMOVED.
04-02 23:00:13.010  3978  3978 D ActivityThread: Package [com.carenet.app] reported as REPLACED, but missing application info. Assuming REMOVED.
04-02 23:00:13.010  2475  2475 D ActivityThread: Package [com.carenet.app] reported as REPLACED, but missing application info. Assuming REMOVED.
04-02 23:00:13.010  3288  3288 D ActivityThread: Package [com.carenet.app] reported as REPLACED, but missing application info. Assuming REMOVED.
04-02 23:00:13.010  9733  9733 D ActivityThread: Package [com.carenet.app] reported as REPLACED, but missing application info. Assuming REMOVED.
04-02 23:00:13.011 17182 17182 D ActivityThread: Package [com.carenet.app] reported as REPLACED, but missing application info. Assuming REMOVED.
04-02 23:00:13.011  3019  3019 D ActivityThread: Package [com.carenet.app] reported as REPLACED, but missing application info. Assuming REMOVED.
04-02 23:00:13.011  5139  5139 D ActivityThread: Package [com.carenet.app] reported as REPLACED, but missing application info. Assuming REMOVED.
04-02 23:00:13.011  3803  3803 D ActivityThread: Package [com.carenet.app] reported as REPLACED, but missing application info. Assuming REMOVED.
04-02 23:00:13.012  3727  3727 D ActivityThread: Package [com.carenet.app] reported as REPLACED, but missing application info. Assuming REMOVED.
04-02 23:00:13.012  3871  3871 D ActivityThread: Package [com.carenet.app] reported as REPLACED, but missing application info. Assuming REMOVED.
04-02 23:00:13.013  3716  3716 D ActivityThread: Package [com.carenet.app] reported as REPLACED, but missing application info. Assuming REMOVED.
04-02 23:00:13.013 21148 21148 D ActivityThread: Package [com.carenet.app] reported as REPLACED, but missing application info. Assuming REMOVED.
04-02 23:00:13.013 26570 26570 D ActivityThread: Package [com.carenet.app] reported as REPLACED, but missing application info. Assuming REMOVED.
04-02 23:00:13.013  4253  4253 D ActivityThread: Package [com.carenet.app] reported as REPLACED, but missing application info. Assuming REMOVED.
04-02 23:00:13.014  6718  6718 D ActivityThread: Package [com.carenet.app] reported as REPLACED, but missing application info. Assuming REMOVED.
04-02 23:00:13.014  2744  2744 D ActivityThread: Package [com.carenet.app] reported as REPLACED, but missing application info. Assuming REMOVED.
04-02 23:00:13.014 23796 23796 D ActivityThread: Package [com.carenet.app] reported as REPLACED, but missing application info. Assuming REMOVED.
04-02 23:00:13.014 21200 21200 D ActivityThread: Package [com.carenet.app] reported as REPLACED, but missing application info. Assuming REMOVED.
04-02 23:00:13.014  2697  2697 D ActivityThread: Package [com.carenet.app] reported as REPLACED, but missing application info. Assuming REMOVED.
04-02 23:00:13.014  2701  2701 D ActivityThread: Package [com.carenet.app] reported as REPLACED, but missing application info. Assuming REMOVED.
04-02 23:00:13.014 21254 21254 D ActivityThread: Package [com.carenet.app] reported as REPLACED, but missing application info. Assuming REMOVED.
04-02 23:00:13.015  3319  3319 D ActivityThread: Package [com.carenet.app] reported as REPLACED, but missing application info. Assuming REMOVED.
04-02 23:00:13.015  5372  5372 D ActivityThread: Package [com.carenet.app] reported as REPLACED, but missing application info. Assuming REMOVED.
04-02 23:00:13.015 21034 21034 D ActivityThread: Package [com.carenet.app] reported as REPLACED, but missing application info. Assuming REMOVED.
04-02 23:00:13.015  2700  2700 D ActivityThread: Package [com.carenet.app] reported as REPLACED, but missing application info. Assuming REMOVED.
04-02 23:00:13.016  2473  2473 D ActivityThread: Package [com.carenet.app] reported as REPLACED, but missing application info. Assuming REMOVED.
04-02 23:00:13.016  2675  2675 D ActivityThread: Package [com.carenet.app] reported as REPLACED, but missing application info. Assuming REMOVED.
04-02 23:00:13.016 20677 20677 D ActivityThread: Package [com.carenet.app] reported as REPLACED, but missing application info. Assuming REMOVED.
04-02 23:00:13.016  2599  2599 D ActivityThread: Package [com.carenet.app] reported as REPLACED, but missing application info. Assuming REMOVED.
04-02 23:00:13.016  4529  4529 D ActivityThread: Package [com.carenet.app] reported as REPLACED, but missing application info. Assuming REMOVED.
04-02 23:00:13.016  2757  2757 D ActivityThread: Package [com.carenet.app] reported as REPLACED, but missing application info. Assuming REMOVED.
04-02 23:00:13.017  1727  1727 D ActivityThread: Package [com.carenet.app] reported as REPLACED, but missing application info. Assuming REMOVED.
04-02 23:00:13.017  2695  2695 D ActivityThread: Package [com.carenet.app] reported as REPLACED, but missing application info. Assuming REMOVED.
04-02 23:00:13.017  2762  2762 D ActivityThread: Package [com.carenet.app] reported as REPLACED, but missing application info. Assuming REMOVED.
04-02 23:00:13.018  6702  6702 D ActivityThread: Package [com.carenet.app] reported as REPLACED, but missing application info. Assuming REMOVED.
04-02 23:00:13.019  2654  2654 D ActivityThread: Package [com.carenet.app] reported as REPLACED, but missing application info. Assuming REMOVED.
04-02 23:00:13.020 10423 10423 D ActivityThread: Package [com.carenet.app] reported as REPLACED, but missing application info. Assuming REMOVED.
04-02 23:00:13.021  2660  2660 D ActivityThread: Package [com.carenet.app] reported as REPLACED, but missing application info. Assuming REMOVED.
04-02 23:00:13.021  2633  2633 D ActivityThread: Package [com.carenet.app] reported as REPLACED, but missing application info. Assuming REMOVED.
04-02 23:00:13.026  1727  4001 W AppOpService: Ignored setUidMode call for runtime permission app op: uid = 1001, code = READ_SMS, mode = allow, callingUid = 1001, oldMode = allow
04-02 23:00:13.026  1727  4001 W AppOpService: Ignored setUidMode call for runtime permission app op: uid = 1001, code = RECEIVE_SMS, mode = allow, callingUid = 1001, oldMode = allow
04-02 23:00:13.026  1727  4001 W AppOpService: Ignored setUidMode call for runtime permission app op: uid = 1001, code = RECEIVE_WAP_PUSH, mode = allow, callingUid = 1001, oldMode = allow
04-02 23:00:13.026  1727  4001 W AppOpService: Ignored setUidMode call for runtime permission app op: uid = 1001, code = SEND_SMS, mode = allow, callingUid = 1001, oldMode = allow
04-02 23:00:13.026  1727  4001 W AppOpService: Ignored setUidMode call for runtime permission app op: uid = 1001, code = READ_CELL_BROADCASTS, mode = allow, callingUid = 1001, oldMode = allow
04-02 23:00:13.033  2558  2558 D ActivityThread: Package [com.carenet.app] reported as REPLACED, but missing application info. Assuming REMOVED.
04-02 23:00:13.041  2832  2832 D ActivityThread: Package [com.carenet.app] reported as REPLACED, but missing application info. Assuming REMOVED.
04-02 23:00:13.045  1727  2333 D ShortcutService: received package broadcast intent: Intent { act=android.intent.action.PACKAGE_ADDED dat=package: flg=0x4000010 (has extras) }
04-02 23:00:13.049  1727  2333 D ShortcutService: replacing package: com.carenet.app userId=0
04-02 23:00:13.054  1727  1727 D AS.AudioService: received android.intent.action.PACKAGE_ADDED replacing: true archival: false for package com.carenet.app with uid 10388
04-02 23:00:13.057  1727  2800 D ActivityManager: sync unfroze 19022 com.google.android.euicc for 6
04-02 23:00:13.057 19022 19022 D ActivityThread: Package [com.carenet.app] reported as REPLACED, but missing application info. Assuming REMOVED.
04-02 23:00:13.063  1727  2352 W ActivityManager: Unable to launch app com.google.android.permissioncontroller/1010224 for service Intent { act=android.permission.PermissionControllerService cmp=com.google.android.permissioncontroller/com.android.permissioncontroller.permission.service.PermissionControllerServiceImpl }: user 10 is stopped
04-02 23:00:13.065  1727  2243 W PackageConfigPersister: App-specific configuration not found for packageName: com.carenet.app and userId: 0
04-02 23:00:13.065 13477 13477 D ActivityThread: Package [com.carenet.app] reported as REPLACED, but missing application info. Assuming REMOVED.
04-02 23:00:13.065 13010 13010 D ActivityThread: Package [com.carenet.app] reported as REPLACED, but missing application info. Assuming REMOVED.
04-02 23:00:13.066  2878  2878 D ActivityThread: Package [com.carenet.app] reported as REPLACED, but missing application info. Assuming REMOVED.
04-02 23:00:13.066  3060  3060 D ActivityThread: Package [com.carenet.app] reported as REPLACED, but missing application info. Assuming REMOVED.
04-02 23:00:13.066  2827  2827 D ActivityThread: Package [com.carenet.app] reported as REPLACED, but missing application info. Assuming REMOVED.
04-02 23:00:13.066  4544  4544 D ActivityThread: Package [com.carenet.app] reported as REPLACED, but missing application info. Assuming REMOVED.
04-02 23:00:13.066  3978  3978 D ActivityThread: Package [com.carenet.app] reported as REPLACED, but missing application info. Assuming REMOVED.
04-02 23:00:13.066  3660  3660 D ActivityThread: Package [com.carenet.app] reported as REPLACED, but missing application info. Assuming REMOVED.
04-02 23:00:13.066  9733  9733 D ActivityThread: Package [com.carenet.app] reported as REPLACED, but missing application info. Assuming REMOVED.
04-02 23:00:13.067 23796 23796 D ActivityThread: Package [com.carenet.app] reported as REPLACED, but missing application info. Assuming REMOVED.
04-02 23:00:13.067 10423 10423 D ActivityThread: Package [com.carenet.app] reported as REPLACED, but missing application info. Assuming REMOVED.
04-02 23:00:13.067 10152 10152 D ActivityThread: Package [com.carenet.app] reported as REPLACED, but missing application info. Assuming REMOVED.
04-02 23:00:13.067  9995  9995 D ActivityThread: Package [com.carenet.app] reported as REPLACED, but missing application info. Assuming REMOVED.
