04-02 23:00:13.067  9923  9923 D ActivityThread: Package [com.carenet.app] reported as REPLACED, but missing application info. Assuming REMOVED.
04-02 23:00:13.067  3815  3815 D ActivityThread: Package [com.carenet.app] reported as REPLACED, but missing application info. Assuming REMOVED.
04-02 23:00:13.067  5139  5139 D ActivityThread: Package [com.carenet.app] reported as REPLACED, but missing application info. Assuming REMOVED.
04-02 23:00:13.068  3871  3871 D ActivityThread: Package [com.carenet.app] reported as REPLACED, but missing application info. Assuming REMOVED.
04-02 23:00:13.068 17182 17182 D ActivityThread: Package [com.carenet.app] reported as REPLACED, but missing application info. Assuming REMOVED.
04-02 23:00:13.068  6718  6718 D ActivityThread: Package [com.carenet.app] reported as REPLACED, but missing application info. Assuming REMOVED.
04-02 23:00:13.068 23459 23459 D ActivityThread: Package [com.carenet.app] reported as REPLACED, but missing application info. Assuming REMOVED.
04-02 23:00:13.068 21200 21200 D ActivityThread: Package [com.carenet.app] reported as REPLACED, but missing application info. Assuming REMOVED.
04-02 23:00:13.068 20677 20677 D ActivityThread: Package [com.carenet.app] reported as REPLACED, but missing application info. Assuming REMOVED.
04-02 23:00:13.068 21254 21254 D ActivityThread: Package [com.carenet.app] reported as REPLACED, but missing application info. Assuming REMOVED.
04-02 23:00:13.068  3319  3319 D ActivityThread: Package [com.carenet.app] reported as REPLACED, but missing application info. Assuming REMOVED.
04-02 23:00:13.069  3019  3019 D ActivityThread: Package [com.carenet.app] reported as REPLACED, but missing application info. Assuming REMOVED.
04-02 23:00:13.069  5372  5372 D ActivityThread: Package [com.carenet.app] reported as REPLACED, but missing application info. Assuming REMOVED.
04-02 23:00:13.069  4253  4253 D ActivityThread: Package [com.carenet.app] reported as REPLACED, but missing application info. Assuming REMOVED.
04-02 23:00:13.069  4529  4529 D ActivityThread: Package [com.carenet.app] reported as REPLACED, but missing application info. Assuming REMOVED.
04-02 23:00:13.069 13548 13548 D ActivityThread: Package [com.carenet.app] reported as REPLACED, but missing application info. Assuming REMOVED.
04-02 23:00:13.069  6702  6702 D ActivityThread: Package [com.carenet.app] reported as REPLACED, but missing application info. Assuming REMOVED.
04-02 23:00:13.070 26570 26570 D ActivityThread: Package [com.carenet.app] reported as REPLACED, but missing application info. Assuming REMOVED.
04-02 23:00:13.070  3288  3288 D ActivityThread: Package [com.carenet.app] reported as REPLACED, but missing application info. Assuming REMOVED.
04-02 23:00:13.070  3727  3727 D ActivityThread: Package [com.carenet.app] reported as REPLACED, but missing application info. Assuming REMOVED.
04-02 23:00:13.070  3803  3803 D ActivityThread: Package [com.carenet.app] reported as REPLACED, but missing application info. Assuming REMOVED.
04-02 23:00:13.070  2762  2762 D ActivityThread: Package [com.carenet.app] reported as REPLACED, but missing application info. Assuming REMOVED.
04-02 23:00:13.070 21034 21034 D ActivityThread: Package [com.carenet.app] reported as REPLACED, but missing application info. Assuming REMOVED.
04-02 23:00:13.070  2744  2744 D ActivityThread: Package [com.carenet.app] reported as REPLACED, but missing application info. Assuming REMOVED.
04-02 23:00:13.071  2701  2701 D ActivityThread: Package [com.carenet.app] reported as REPLACED, but missing application info. Assuming REMOVED.
04-02 23:00:13.071  3716  3716 D ActivityThread: Package [com.carenet.app] reported as REPLACED, but missing application info. Assuming REMOVED.
04-02 23:00:13.071  2757  2757 D ActivityThread: Package [com.carenet.app] reported as REPLACED, but missing application info. Assuming REMOVED.
04-02 23:00:13.072  2700  2700 D ActivityThread: Package [com.carenet.app] reported as REPLACED, but missing application info. Assuming REMOVED.
04-02 23:00:13.072  2832  2832 D ActivityThread: Package [com.carenet.app] reported as REPLACED, but missing application info. Assuming REMOVED.
04-02 23:00:13.072  2675  2675 D ActivityThread: Package [com.carenet.app] reported as REPLACED, but missing application info. Assuming REMOVED.
04-02 23:00:13.073  2697  2697 D ActivityThread: Package [com.carenet.app] reported as REPLACED, but missing application info. Assuming REMOVED.
04-02 23:00:13.073  2695  2695 D ActivityThread: Package [com.carenet.app] reported as REPLACED, but missing application info. Assuming REMOVED.
04-02 23:00:13.073  2558  2558 D ActivityThread: Package [com.carenet.app] reported as REPLACED, but missing application info. Assuming REMOVED.
04-02 23:00:13.073  2654  2654 D ActivityThread: Package [com.carenet.app] reported as REPLACED, but missing application info. Assuming REMOVED.
04-02 23:00:13.074  2660  2660 D ActivityThread: Package [com.carenet.app] reported as REPLACED, but missing application info. Assuming REMOVED.
04-02 23:00:13.074  2633  2633 D ActivityThread: Package [com.carenet.app] reported as REPLACED, but missing application info. Assuming REMOVED.
04-02 23:00:13.074  2599  2599 D ActivityThread: Package [com.carenet.app] reported as REPLACED, but missing application info. Assuming REMOVED.
04-02 23:00:13.074  2473  2473 D ActivityThread: Package [com.carenet.app] reported as REPLACED, but missing application info. Assuming REMOVED.
04-02 23:00:13.077 13477 13477 D ActivityThread: Package [com.carenet.app] reported as REPLACED, but missing application info. Assuming REMOVED.
04-02 23:00:13.078 13010 13010 D ActivityThread: Package [com.carenet.app] reported as REPLACED, but missing application info. Assuming REMOVED.
04-02 23:00:13.078  2878  2878 D ActivityThread: Package [com.carenet.app] reported as REPLACED, but missing application info. Assuming REMOVED.
04-02 23:00:13.079  4544  4544 D ActivityThread: Package [com.carenet.app] reported as REPLACED, but missing application info. Assuming REMOVED.
04-02 23:00:13.079  3060  3060 D ActivityThread: Package [com.carenet.app] reported as REPLACED, but missing application info. Assuming REMOVED.
04-02 23:00:13.080  2827  2827 D ActivityThread: Package [com.carenet.app] reported as REPLACED, but missing application info. Assuming REMOVED.
04-02 23:00:13.080  2558  2558 D ActivityThread: Package [com.carenet.app] reported as REPLACED, but missing application info. Assuming REMOVED.
04-02 23:00:13.080  2832  2832 D ActivityThread: Package [com.carenet.app] reported as REPLACED, but missing application info. Assuming REMOVED.
04-02 23:00:13.080  3660  3660 D ActivityThread: Package [com.carenet.app] reported as REPLACED, but missing application info. Assuming REMOVED.
04-02 23:00:13.081  9733  9733 D ActivityThread: Package [com.carenet.app] reported as REPLACED, but missing application info. Assuming REMOVED.
04-02 23:00:13.083 23459 23459 D ActivityThread: Package [com.carenet.app] reported as REPLACED, but missing application info. Assuming REMOVED.
04-02 23:00:13.083  6718  6718 D ActivityThread: Package [com.carenet.app] reported as REPLACED, but missing application info. Assuming REMOVED.
04-02 23:00:13.083 20677 20677 D ActivityThread: Package [com.carenet.app] reported as REPLACED, but missing application info. Assuming REMOVED.
04-02 23:00:13.083 21200 21200 D ActivityThread: Package [com.carenet.app] reported as REPLACED, but missing application info. Assuming REMOVED.
04-02 23:00:13.083  9923  9923 D ActivityThread: Package [com.carenet.app] reported as REPLACED, but missing application info. Assuming REMOVED.
04-02 23:00:13.083 10423 10423 D ActivityThread: Package [com.carenet.app] reported as REPLACED, but missing application info. Assuming REMOVED.
04-02 23:00:13.083 21254 21254 D ActivityThread: Package [com.carenet.app] reported as REPLACED, but missing application info. Assuming REMOVED.
04-02 23:00:13.083  3815  3815 D ActivityThread: Package [com.carenet.app] reported as REPLACED, but missing application info. Assuming REMOVED.
04-02 23:00:13.083  9995  9995 D ActivityThread: Package [com.carenet.app] reported as REPLACED, but missing application info. Assuming REMOVED.
04-02 23:00:13.083 17182 17182 D ActivityThread: Package [com.carenet.app] reported as REPLACED, but missing application info. Assuming REMOVED.
04-02 23:00:13.084 10152 10152 D ActivityThread: Package [com.carenet.app] reported as REPLACED, but missing application info. Assuming REMOVED.
04-02 23:00:13.084  3871  3871 D ActivityThread: Package [com.carenet.app] reported as REPLACED, but missing application info. Assuming REMOVED.
04-02 23:00:13.084 13548 13548 D ActivityThread: Package [com.carenet.app] reported as REPLACED, but missing application info. Assuming REMOVED.
04-02 23:00:13.085  2473  2473 D ActivityThread: Package [com.carenet.app] reported as REPLACED, but missing application info. Assuming REMOVED.
04-02 23:00:13.086  2675  2675 D ActivityThread: Package [com.carenet.app] reported as REPLACED, but missing application info. Assuming REMOVED.
04-02 23:00:13.086  2697  2697 D ActivityThread: Package [com.carenet.app] reported as REPLACED, but missing application info. Assuming REMOVED.
04-02 23:00:13.086  2695  2695 D ActivityThread: Package [com.carenet.app] reported as REPLACED, but missing application info. Assuming REMOVED.
04-02 23:00:13.086  3727  3727 D ActivityThread: Package [com.carenet.app] reported as REPLACED, but missing application info. Assuming REMOVED.
04-02 23:00:13.086  2654  2654 D ActivityThread: Package [com.carenet.app] reported as REPLACED, but missing application info. Assuming REMOVED.
04-02 23:00:13.086  2660  2660 D ActivityThread: Package [com.carenet.app] reported as REPLACED, but missing application info. Assuming REMOVED.
04-02 23:00:13.086  2633  2633 D ActivityThread: Package [com.carenet.app] reported as REPLACED, but missing application info. Assuming REMOVED.
04-02 23:00:13.087  2599  2599 D ActivityThread: Package [com.carenet.app] reported as REPLACED, but missing application info. Assuming REMOVED.
04-02 23:00:13.087  5139  5139 D ActivityThread: Package [com.carenet.app] reported as REPLACED, but missing application info. Assuming REMOVED.
04-02 23:00:13.087  2700  2700 D ActivityThread: Package [com.carenet.app] reported as REPLACED, but missing application info. Assuming REMOVED.
04-02 23:00:13.088  2744  2744 D ActivityThread: Package [com.carenet.app] reported as REPLACED, but missing application info. Assuming REMOVED.
04-02 23:00:13.088  3288  3288 D ActivityThread: Package [com.carenet.app] reported as REPLACED, but missing application info. Assuming REMOVED.
04-02 23:00:13.088  2762  2762 D ActivityThread: Package [com.carenet.app] reported as REPLACED, but missing application info. Assuming REMOVED.
04-02 23:00:13.088  2757  2757 D ActivityThread: Package [com.carenet.app] reported as REPLACED, but missing application info. Assuming REMOVED.
04-02 23:00:13.089  2701  2701 D ActivityThread: Package [com.carenet.app] reported as REPLACED, but missing application info. Assuming REMOVED.
04-02 23:00:13.089  3716  3716 D ActivityThread: Package [com.carenet.app] reported as REPLACED, but missing application info. Assuming REMOVED.
04-02 23:00:13.089 21034 21034 D ActivityThread: Package [com.carenet.app] reported as REPLACED, but missing application info. Assuming REMOVED.
04-02 23:00:13.089  6702  6702 D ActivityThread: Package [com.carenet.app] reported as REPLACED, but missing application info. Assuming REMOVED.
04-02 23:00:13.089 26570 26570 D ActivityThread: Package [com.carenet.app] reported as REPLACED, but missing application info. Assuming REMOVED.
04-02 23:00:13.089  3319  3319 D ActivityThread: Package [com.carenet.app] reported as REPLACED, but missing application info. Assuming REMOVED.
04-02 23:00:13.090 23796 23796 D ActivityThread: Package [com.carenet.app] reported as REPLACED, but missing application info. Assuming REMOVED.
04-02 23:00:13.090  1727  1727 D BackupManagerConstants: getFullBackupIntervalMilliseconds(...) returns 86400000
04-02 23:00:13.090  1727  1727 D BackupManagerConstants: getFullBackupRequiredNetworkType(...) returns 2
04-02 23:00:13.090  4529  4529 D ActivityThread: Package [com.carenet.app] reported as REPLACED, but missing application info. Assuming REMOVED.
04-02 23:00:13.090  1727  1727 D BackupManagerConstants: getFullBackupRequireCharging(...) returns true
04-02 23:00:13.092  3978  3978 D ActivityThread: Package [com.carenet.app] reported as REPLACED, but missing application info. Assuming REMOVED.
04-02 23:00:13.092  3019  3019 D ActivityThread: Package [com.carenet.app] reported as REPLACED, but missing application info. Assuming REMOVED.
04-02 23:00:13.093  3803  3803 D ActivityThread: Package [com.carenet.app] reported as REPLACED, but missing application info. Assuming REMOVED.
04-02 23:00:13.093  5372  5372 D ActivityThread: Package [com.carenet.app] reported as REPLACED, but missing application info. Assuming REMOVED.
04-02 23:00:13.093  1727  1858 D PackageInstallerSession: Marking session 2140403751 as applied
04-02 23:00:13.093  4253  4253 D ActivityThread: Package [com.carenet.app] reported as REPLACED, but missing application info. Assuming REMOVED.
04-02 23:00:13.100  1727  2601 I DevicePolicyManager: Found non test-only non precreated users, not allowing bypassing
04-02 23:00:13.103  1727  2601 I DevicePolicyManager: Found non test-only non precreated users, not allowing bypassing
04-02 23:00:13.104  1727  1727 D AS.AudioService: received android.intent.action.PACKAGE_REPLACED replacing: true archival: false for package com.carenet.app with uid 10388
04-02 23:00:13.108  1727  1727 W AlarmManager: Package com.carenet.app, uid 10388 lost permission to set exact alarms!
04-02 23:00:13.108  1727 16963 V Configuration: Updating configuration, locales updated from [] to [en_US]
04-02 23:00:13.108  1727 16963 V Configuration: Updating configuration, locales updated from [] to [en_US]
04-02 23:00:13.108  1727 16963 V Configuration: Updating configuration, locales updated from [] to [en_US]
04-02 23:00:13.108  1727 16963 V Configuration: Updating configuration, locales updated from [] to [en_US]
04-02 23:00:13.108  1727 16963 V Configuration: Updating configuration, locales updated from [] to [en_US]
04-02 23:00:13.108  1727 16963 V Configuration: Updating configuration, locales updated from [] to [en_US]
04-02 23:00:13.109  1727 16963 V Configuration: Updating configuration, locales updated from [] to [en_US]
04-02 23:00:13.109  1727 16963 V Configuration: Updating configuration, locales updated from [] to [en_US]
04-02 23:00:13.109  1727 16963 V Configuration: Updating configuration, locales updated from [] to [en_US]
04-02 23:00:13.109  1727 16963 V Configuration: Updating configuration, locales updated from [] to [en_US]
04-02 23:00:13.109  1727 16963 V Configuration: Updating configuration, locales updated from [] to [en_US]
04-02 23:00:13.109  1727 16963 V Configuration: Updating configuration, locales updated from [] to [en_US]
04-02 23:00:13.109  1727 16963 V Configuration: Updating configuration, locales updated from [] to [en_US]
04-02 23:00:13.109  1727 16963 V Configuration: Updating configuration, locales updated from [] to [en_US]
04-02 23:00:13.109  1727 16963 V Configuration: Updating configuration, locales updated from [] to [en_US]
04-02 23:00:13.109  1727 16963 V Configuration: Updating configuration, locales updated from [] to [en_US]
04-02 23:00:13.109  1727 16963 V Configuration: Updating configuration, locales updated from [] to [en_US]
04-02 23:00:13.109  1727 16963 V Configuration: Updating configuration, locales updated from [] to [en_US]
04-02 23:00:13.109  1727 16963 D IntervalStats: Unable to parse usage stats packages: [28, 239, 270, 285, 289, 295, 303, 310, 335, 380, 406, 422, 430, 432, 475, 497, 542, 579, 621, 623, 624, 722, 793, 861, 963, 966, 972, 973, 987, 1081, 1088, 1133, 1138, 1141, 1142, 1157, 1160, 1165, 1172, 1180, 1182, 1230, 1231, 1232, 1233, 1243, 1244, 1245, 1246, 1248, 1250, 1251, 1252, 1255, 1260, 1269, 1271, 1272, 1273, 1274, 1275, 1276, 1279, 1310, 1311, 1312, 1313, 1314, 1315, 1316, 1318, 1320, 1321, 1322, 1328, 1339, 1340, 1345, 1346, 1351, 1352, 1353, 1354, 1356, 1357, 1386, 1387, 1388, 1397, 1402]
04-02 23:00:13.110  1727  1727 D ActivityThread: Package [com.carenet.app] reported as REPLACED, but missing application info. Assuming REMOVED.
04-02 23:00:13.110  1727  1727 D ActivityThread: Package [com.carenet.app] reported as REPLACED, but missing application info. Assuming REMOVED.
04-02 23:00:13.118  1727 17287 I DevicePolicyManager: Found non test-only non precreated users, not allowing bypassing
04-02 23:00:13.122  1727  2334 D BackgroundInstallControlService: Package event received: 0
04-02 23:00:13.122  1727  2334 D BackgroundInstallControlService: Package event received: 0
04-02 23:00:13.122  1727  4020 W AppOpService: Ignored setUidMode call for runtime permission app op: uid = 10272, code = RECEIVE_WAP_PUSH, mode = allow, callingUid = 1001, oldMode = allow
04-02 23:00:13.125  1727  4020 W AppOpService: Ignored setUidMode call for runtime permission app op: uid = 10272, code = READ_CELL_BROADCASTS, mode = allow, callingUid = 1001, oldMode = allow
04-02 23:00:13.130  1727  4001 W AppOpService: Ignored setUidMode call for runtime permission app op: uid = 1001, code = READ_SMS, mode = allow, callingUid = 1001, oldMode = allow
04-02 23:00:13.130  1727  4001 W AppOpService: Ignored setUidMode call for runtime permission app op: uid = 1001, code = RECEIVE_SMS, mode = allow, callingUid = 1001, oldMode = allow
04-02 23:00:13.130  1727  4001 W AppOpService: Ignored setUidMode call for runtime permission app op: uid = 1001, code = RECEIVE_WAP_PUSH, mode = allow, callingUid = 1001, oldMode = allow
04-02 23:00:13.130  1727  2800 W AppOpService: Ignored setUidMode call for runtime permission app op: uid = 1001, code = SEND_SMS, mode = allow, callingUid = 1001, oldMode = allow
04-02 23:00:13.130  1727  2800 W AppOpService: Ignored setUidMode call for runtime permission app op: uid = 1001, code = READ_CELL_BROADCASTS, mode = allow, callingUid = 1001, oldMode = allow
04-02 23:00:13.140  1727 16963 W UsageStatsService: Failed to query usage stats for locked user 10
04-02 23:00:13.142  1727  4001 W AppOpService: Ignored setUidMode call for runtime permission app op: uid = 10272, code = RECEIVE_WAP_PUSH, mode = allow, callingUid = 1001, oldMode = allow
04-02 23:00:13.143  1727  4001 W AppOpService: Ignored setUidMode call for runtime permission app op: uid = 10272, code = READ_CELL_BROADCASTS, mode = allow, callingUid = 1001, oldMode = allow
04-02 23:00:13.148  1727 17287 I DevicePolicyManager: Found non test-only non precreated users, not allowing bypassing
04-02 23:00:13.156  1727  4020 W AppOpService: Ignored setUidMode call for runtime permission app op: uid = 1001, code = READ_SMS, mode = allow, callingUid = 1001, oldMode = allow
04-02 23:00:13.157  1727  4020 W AppOpService: Ignored setUidMode call for runtime permission app op: uid = 1001, code = RECEIVE_SMS, mode = allow, callingUid = 1001, oldMode = allow
04-02 23:00:13.157  1727  4020 W AppOpService: Ignored setUidMode call for runtime permission app op: uid = 1001, code = RECEIVE_WAP_PUSH, mode = allow, callingUid = 1001, oldMode = allow
04-02 23:00:13.157  1727  4020 W AppOpService: Ignored setUidMode call for runtime permission app op: uid = 1001, code = SEND_SMS, mode = allow, callingUid = 1001, oldMode = allow
04-02 23:00:13.157  1727  4020 W AppOpService: Ignored setUidMode call for runtime permission app op: uid = 1001, code = READ_CELL_BROADCASTS, mode = allow, callingUid = 1001, oldMode = allow
04-02 23:00:13.170  1727  2800 W AppOpService: Ignored setUidMode call for runtime permission app op: uid = 10272, code = RECEIVE_WAP_PUSH, mode = allow, callingUid = 1001, oldMode = allow
04-02 23:00:13.170  1727  2800 W AppOpService: Ignored setUidMode call for runtime permission app op: uid = 10272, code = READ_CELL_BROADCASTS, mode = allow, callingUid = 1001, oldMode = allow
04-02 23:00:13.171  1727  2800 W AppOpService: Ignored setUidMode call for runtime permission app op: uid = 1001, code = READ_SMS, mode = allow, callingUid = 1001, oldMode = allow
04-02 23:00:13.172  1727  2800 W AppOpService: Ignored setUidMode call for runtime permission app op: uid = 1001, code = RECEIVE_SMS, mode = allow, callingUid = 1001, oldMode = allow
04-02 23:00:13.173  1727  3956 W AppOpService: Ignored setUidMode call for runtime permission app op: uid = 1001, code = RECEIVE_WAP_PUSH, mode = allow, callingUid = 1001, oldMode = allow
04-02 23:00:13.175  1727  2800 W AppOpService: Ignored setUidMode call for runtime permission app op: uid = 1001, code = SEND_SMS, mode = allow, callingUid = 1001, oldMode = allow
04-02 23:00:13.175  1727  2800 W AppOpService: Ignored setUidMode call for runtime permission app op: uid = 1001, code = READ_CELL_BROADCASTS, mode = allow, callingUid = 1001, oldMode = allow
04-02 23:00:13.209  2738  2738 D ActivityThread: Package [com.carenet.app] reported as REPLACED, but missing application info. Assuming REMOVED.
04-02 23:00:13.209  2738  2738 D ActivityThread: Package [com.carenet.app] reported as REPLACED, but missing application info. Assuming REMOVED.
04-02 23:00:13.209  2738  2738 D ActivityThread: Package [com.carenet.app] reported as REPLACED, but missing application info. Assuming REMOVED.
04-02 23:00:13.236  2475  2475 D ActivityThread: Package [com.carenet.app] reported as REPLACED, but missing application info. Assuming REMOVED.
04-02 23:00:13.241  2475  2475 D ActivityThread: Package [com.carenet.app] reported as REPLACED, but missing application info. Assuming REMOVED.
04-02 23:00:13.242  2799  2799 D ActivityThread: Package [com.carenet.app] reported as REPLACED, but missing application info. Assuming REMOVED.
04-02 23:00:13.249 21148 21148 D ActivityThread: Package [com.carenet.app] reported as REPLACED, but missing application info. Assuming REMOVED.
04-02 23:00:13.251 21148 21148 D ActivityThread: Package [com.carenet.app] reported as REPLACED, but missing application info. Assuming REMOVED.
04-02 23:00:13.254  2799  2799 D ActivityThread: Package [com.carenet.app] reported as REPLACED, but missing application info. Assuming REMOVED.
04-02 23:00:13.254  2799  2799 D ActivityThread: Package [com.carenet.app] reported as REPLACED, but missing application info. Assuming REMOVED.
04-02 23:00:13.297  1727  4001 V Configuration: Updating configuration, locales updated from [] to [en_US]
04-02 23:00:13.297  1727  4001 V Configuration: Updating configuration, locales updated from [] to [en_US]
04-02 23:00:13.297  1727  4001 V Configuration: Updating configuration, locales updated from [] to [en_US]
04-02 23:00:13.297  1727  4001 V Configuration: Updating configuration, locales updated from [] to [en_US]
04-02 23:00:13.297  1727  4001 V Configuration: Updating configuration, locales updated from [] to [en_US]
04-02 23:00:13.297  1727  4001 V Configuration: Updating configuration, locales updated from [] to [en_US]
04-02 23:00:13.297  1727  4001 V Configuration: Updating configuration, locales updated from [] to [en_US]
04-02 23:00:13.298  1727  4001 V Configuration: Updating configuration, locales updated from [] to [en_US]
04-02 23:00:13.298  1727  4001 V Configuration: Updating configuration, locales updated from [] to [en_US]
04-02 23:00:13.298  1727  4001 V Configuration: Updating configuration, locales updated from [] to [en_US]
04-02 23:00:13.298  1727  4001 V Configuration: Updating configuration, locales updated from [] to [en_US]
04-02 23:00:13.298  1727  4001 V Configuration: Updating configuration, locales updated from [] to [en_US]
04-02 23:00:13.298  1727  4001 V Configuration: Updating configuration, locales updated from [] to [en_US]
04-02 23:00:13.298  1727  4001 V Configuration: Updating configuration, locales updated from [] to [en_US]
04-02 23:00:13.298  1727  4001 V Configuration: Updating configuration, locales updated from [] to [en_US]
04-02 23:00:13.298  1727  4001 V Configuration: Updating configuration, locales updated from [] to [en_US]
04-02 23:00:13.298  1727  4001 V Configuration: Updating configuration, locales updated from [] to [en_US]
04-02 23:00:13.298  1727  4001 V Configuration: Updating configuration, locales updated from [] to [en_US]
04-02 23:00:13.299  1727  4001 D IntervalStats: Unable to parse usage stats packages: [28, 239, 270, 285, 289, 295, 303, 310, 335, 380, 406, 422, 430, 432, 475, 497, 542, 579, 621, 623, 624, 722, 793, 861, 963, 966, 972, 973, 987, 1081, 1088, 1133, 1138, 1141, 1142, 1157, 1160, 1165, 1172, 1180, 1182, 1230, 1231, 1232, 1233, 1243, 1244, 1245, 1246, 1248, 1250, 1251, 1252, 1255, 1260, 1269, 1271, 1272, 1273, 1274, 1275, 1276, 1279, 1310, 1311, 1312, 1313, 1314, 1315, 1316, 1318, 1320, 1321, 1322, 1328, 1339, 1340, 1345, 1346, 1351, 1352, 1353, 1354, 1356, 1357, 1386, 1387, 1388, 1397, 1402]
04-02 23:00:13.380  3263  3263 D ActivityThread: Package [com.carenet.app] reported as REPLACED, but missing application info. Assuming REMOVED.
04-02 23:00:13.381  3263  3263 D ActivityThread: Package [com.carenet.app] reported as REPLACED, but missing application info. Assuming REMOVED.
04-02 23:00:13.384  3263  3263 D ActivityThread: Package [com.carenet.app] reported as REPLACED, but missing application info. Assuming REMOVED.
04-02 23:00:13.398  1727  2334 D BackgroundInstallControlService: Package event received: 0
04-02 23:00:13.401  1727  2334 D BackgroundInstallControlService: Package event received: 0
04-02 23:00:13.409  1727  2800 V Configuration: Updating configuration, locales updated from [] to [en_US]
04-02 23:00:13.410  1727  2800 V Configuration: Updating configuration, locales updated from [] to [en_US]
04-02 23:00:13.410  1727  2800 V Configuration: Updating configuration, locales updated from [] to [en_US]
04-02 23:00:13.410  1727  2800 V Configuration: Updating configuration, locales updated from [] to [en_US]
04-02 23:00:13.410  1727  2800 V Configuration: Updating configuration, locales updated from [] to [en_US]
04-02 23:00:13.410  1727  2800 V Configuration: Updating configuration, locales updated from [] to [en_US]
04-02 23:00:13.410  1727  2800 V Configuration: Updating configuration, locales updated from [] to [en_US]
04-02 23:00:13.410  1727  2800 V Configuration: Updating configuration, locales updated from [] to [en_US]
04-02 23:00:13.410  1727  2800 V Configuration: Updating configuration, locales updated from [] to [en_US]
04-02 23:00:13.410  1727  2800 V Configuration: Updating configuration, locales updated from [] to [en_US]
04-02 23:00:13.410  1727  2800 V Configuration: Updating configuration, locales updated from [] to [en_US]
04-02 23:00:13.410  1727  2800 V Configuration: Updating configuration, locales updated from [] to [en_US]
04-02 23:00:13.419  1727  2800 V Configuration: Updating configuration, locales updated from [] to [en_US]
04-02 23:00:13.419  1727  2800 V Configuration: Updating configuration, locales updated from [] to [en_US]
04-02 23:00:13.419  1727  2800 V Configuration: Updating configuration, locales updated from [] to [en_US]
04-02 23:00:13.419  1727  2800 V Configuration: Updating configuration, locales updated from [] to [en_US]
04-02 23:00:13.419  1727  2800 V Configuration: Updating configuration, locales updated from [] to [en_US]
04-02 23:00:13.419  1727  2800 V Configuration: Updating configuration, locales updated from [] to [en_US]
04-02 23:00:13.420  1727  2800 D IntervalStats: Unable to parse usage stats packages: [28, 239, 270, 285, 289, 295, 303, 310, 335, 380, 406, 422, 430, 432, 475, 497, 542, 579, 621, 623, 624, 722, 793, 861, 963, 966, 972, 973, 987, 1081, 1088, 1133, 1138, 1141, 1142, 1157, 1160, 1165, 1172, 1180, 1182, 1230, 1231, 1232, 1233, 1243, 1244, 1245, 1246, 1248, 1250, 1251, 1252, 1255, 1260, 1269, 1271, 1272, 1273, 1274, 1275, 1276, 1279, 1310, 1311, 1312, 1313, 1314, 1315, 1316, 1318, 1320, 1321, 1322, 1328, 1339, 1340, 1345, 1346, 1351, 1352, 1353, 1354, 1356, 1357, 1386, 1387, 1388, 1397, 1402]
04-02 23:00:13.432  1727  2334 D BackgroundInstallControlService: Package event received: 0
04-02 23:00:13.436 14411 14411 D ActivityThread: Package [com.carenet.app] reported as REPLACED, but missing application info. Assuming REMOVED.
04-02 23:00:13.439 14411 14411 D ActivityThread: Package [com.carenet.app] reported as REPLACED, but missing application info. Assuming REMOVED.
04-02 23:00:13.450  1727  2334 D BackgroundInstallControlService: Package event received: 0
04-02 23:00:13.451 10222 10222 D ActivityThread: Package [com.carenet.app] reported as REPLACED, but missing application info. Assuming REMOVED.
04-02 23:00:13.453 10222 10222 D ActivityThread: Package [com.carenet.app] reported as REPLACED, but missing application info. Assuming REMOVED.
04-02 23:00:13.456 10222 10222 D ActivityThread: Package [com.carenet.app] reported as REPLACED, but missing application info. Assuming REMOVED.
04-02 23:00:13.556  1727  3709 V Configuration: Updating configuration, locales updated from [en_US] to [af]
04-02 23:00:13.556  1727  3709 V Configuration: Updating configuration, locales updated from [en_US] to [af_ZA]
04-02 23:00:13.557  1727  3709 V Configuration: Updating configuration, locales updated from [en_US] to [am]
04-02 23:00:13.561  1727  3709 V Configuration: Updating configuration, locales updated from [en_US] to [am_ET]
04-02 23:00:13.566  1727  3709 V Configuration: Updating configuration, locales updated from [en_US] to [ar]
04-02 23:00:13.571  1727  3709 V Configuration: Updating configuration, locales updated from [en_US] to [ar_EG]
04-02 23:00:13.572  1727  3709 V Configuration: Updating configuration, locales updated from [en_US] to [ar_XB]
04-02 23:00:13.572  1727  3709 V Configuration: Updating configuration, locales updated from [en_US] to [as]
04-02 23:00:13.572  1727  3709 V Configuration: Updating configuration, locales updated from [en_US] to [az]
04-02 23:00:13.573  1727  3709 V Configuration: Updating configuration, locales updated from [en_US] to [be]
04-02 23:00:13.573  1727  3709 V Configuration: Updating configuration, locales updated from [en_US] to [bg]
04-02 23:00:13.573  1727  3709 V Configuration: Updating configuration, locales updated from [en_US] to [bg_BG]
04-02 23:00:13.574  1727  3709 V Configuration: Updating configuration, locales updated from [en_US] to [bn]
04-02 23:00:13.574  1727  3709 V Configuration: Updating configuration, locales updated from [en_US] to [bs]
04-02 23:00:13.574  1727  3709 V Configuration: Updating configuration, locales updated from [en_US] to [ca]
04-02 23:00:13.574  1727  3709 V Configuration: Updating configuration, locales updated from [en_US] to [ca_ES]
04-02 23:00:13.580  1727  3709 V Configuration: Updating configuration, locales updated from [en_US] to [cs]
04-02 23:00:13.580  1727  3709 V Configuration: Updating configuration, locales updated from [en_US] to [cs_CZ]
04-02 23:00:13.580  1727  3709 V Configuration: Updating configuration, locales updated from [en_US] to [da]
04-02 23:00:13.581  1727  3709 V Configuration: Updating configuration, locales updated from [en_US] to [da_DK]
04-02 23:00:13.581  1727  3709 V Configuration: Updating configuration, locales updated from [en_US] to [de]
04-02 23:00:13.581  1727  3709 V Configuration: Updating configuration, locales updated from [en_US] to [de_DE]
04-02 23:00:13.581  1727  3709 V Configuration: Updating configuration, locales updated from [en_US] to [el]
04-02 23:00:13.581  1727  3709 V Configuration: Updating configuration, locales updated from [en_US] to [el_GR]
04-02 23:00:13.582  1727  3709 V Configuration: Updating configuration, locales updated from [en_US] to [en]
04-02 23:00:13.582  1727  3709 V Configuration: Updating configuration, locales updated from [en_US] to [en_AU]
04-02 23:00:13.582  1727  3709 V Configuration: Updating configuration, locales updated from [en_US] to [en_CA]
04-02 23:00:13.583  1727  3709 V Configuration: Updating configuration, locales updated from [en_US] to [en_GB]
04-02 23:00:13.583  1727  3709 V Configuration: Updating configuration, locales updated from [en_US] to [en_IN]
04-02 23:00:13.583  1727  3709 V Configuration: Updating configuration, locales updated from [en_US] to [en_XA]
04-02 23:00:13.585  1727  3709 V Configuration: Updating configuration, locales updated from [en_US] to [en_XC]
04-02 23:00:13.585  1727  3709 V Configuration: Updating configuration, locales updated from [en_US] to [es]
04-02 23:00:13.585  1727  3709 V Configuration: Updating configuration, locales updated from [en_US] to [es_419]
04-02 23:00:13.585  1727  3709 V Configuration: Updating configuration, locales updated from [en_US] to [es_ES]
04-02 23:00:13.585  1727  3709 V Configuration: Updating configuration, locales updated from [en_US] to [es_US]
04-02 23:00:13.586  1727  3709 V Configuration: Updating configuration, locales updated from [en_US] to [et]
04-02 23:00:13.586  1727  3709 V Configuration: Updating configuration, locales updated from [en_US] to [et_EE]
04-02 23:00:13.586  1727  3709 V Configuration: Updating configuration, locales updated from [en_US] to [eu]
04-02 23:00:13.586  1727  3709 V Configuration: Updating configuration, locales updated from [en_US] to [fa]
04-02 23:00:13.587  1727  3709 V Configuration: Updating configuration, locales updated from [en_US] to [fa_IR]
04-02 23:00:13.587  1727  3709 V Configuration: Updating configuration, locales updated from [en_US] to [fi]
04-02 23:00:13.587  1727  3709 V Configuration: Updating configuration, locales updated from [en_US] to [fi_FI]
04-02 23:00:13.587  1727  3709 V Configuration: Updating configuration, locales updated from [en_US] to [fil]
04-02 23:00:13.589  1727  3709 V Configuration: Updating configuration, locales updated from [en_US] to [fil_PH]
04-02 23:00:13.589  1727  3709 V Configuration: Updating configuration, locales updated from [en_US] to [fr]
04-02 23:00:13.589  1727  3709 V Configuration: Updating configuration, locales updated from [en_US] to [fr_CA]
04-02 23:00:13.589  1727  3709 V Configuration: Updating configuration, locales updated from [en_US] to [fr_FR]
04-02 23:00:13.590  1727  3709 V Configuration: Updating configuration, locales updated from [en_US] to [gl]
04-02 23:00:13.590  1727  3709 V Configuration: Updating configuration, locales updated from [en_US] to [gu]
04-02 23:00:13.590  1727  3709 V Configuration: Updating configuration, locales updated from [en_US] to [hi]
04-02 23:00:13.591  1727  3709 V Configuration: Updating configuration, locales updated from [en_US] to [hi_IN]
04-02 23:00:13.591  1727  3709 V Configuration: Updating configuration, locales updated from [en_US] to [hr]
04-02 23:00:13.591  1727  3709 V Configuration: Updating configuration, locales updated from [en_US] to [hr_HR]
04-02 23:00:13.592  1727  3709 V Configuration: Updating configuration, locales updated from [en_US] to [hu]
04-02 23:00:13.592  1727  3709 V Configuration: Updating configuration, locales updated from [en_US] to [hu_HU]
04-02 23:00:13.592  1727  3709 V Configuration: Updating configuration, locales updated from [en_US] to [hy]
04-02 23:00:13.593  1727  3709 V Configuration: Updating configuration, locales updated from [en_US] to [id]
04-02 23:00:13.593  1727  3709 V Configuration: Updating configuration, locales updated from [en_US] to [id_ID]
04-02 23:00:13.593  1727  3709 V Configuration: Updating configuration, locales updated from [en_US] to [is]
04-02 23:00:13.594  1727  3709 V Configuration: Updating configuration, locales updated from [en_US] to [it]
04-02 23:00:13.594  1727  3709 V Configuration: Updating configuration, locales updated from [en_US] to [it_IT]
04-02 23:00:13.594  1727  3709 V Configuration: Updating configuration, locales updated from [en_US] to [he]
04-02 23:00:13.594  1727  3709 V Configuration: Updating configuration, locales updated from [en_US] to [he_IL]
04-02 23:00:13.595  1727  3709 V Configuration: Updating configuration, locales updated from [en_US] to [ja]
04-02 23:00:13.595  1727  3709 V Configuration: Updating configuration, locales updated from [en_US] to [ja_JP]
04-02 23:00:13.595  1727  3709 V Configuration: Updating configuration, locales updated from [en_US] to [ka]
04-02 23:00:13.595  1727  3709 V Configuration: Updating configuration, locales updated from [en_US] to [kk]
04-02 23:00:13.596  1727  3709 V Configuration: Updating configuration, locales updated from [en_US] to [km]
04-02 23:00:13.596  1727  3709 V Configuration: Updating configuration, locales updated from [en_US] to [kn]
04-02 23:00:13.596  1727  3709 V Configuration: Updating configuration, locales updated from [en_US] to [ko]
04-02 23:00:13.597  1727  3709 V Configuration: Updating configuration, locales updated from [en_US] to [ko_KR]
04-02 23:00:13.597  1727  3709 V Configuration: Updating configuration, locales updated from [en_US] to [ky]
04-02 23:00:13.597  1727  3709 V Configuration: Updating configuration, locales updated from [en_US] to [lo]
04-02 23:00:13.598  1727  3709 V Configuration: Updating configuration, locales updated from [en_US] to [lt]
04-02 23:00:13.598  1727  3709 V Configuration: Updating configuration, locales updated from [en_US] to [lt_LT]
04-02 23:00:13.598  1727  3709 V Configuration: Updating configuration, locales updated from [en_US] to [lv]
04-02 23:00:13.598  1727  3709 V Configuration: Updating configuration, locales updated from [en_US] to [lv_LV]
04-02 23:00:13.599  1727  3709 V Configuration: Updating configuration, locales updated from [en_US] to [mk]
04-02 23:00:13.599  1727  3709 V Configuration: Updating configuration, locales updated from [en_US] to [ml]
04-02 23:00:13.599  1727  3709 V Configuration: Updating configuration, locales updated from [en_US] to [mn]
04-02 23:00:13.600  1727  3709 V Configuration: Updating configuration, locales updated from [en_US] to [mr]
04-02 23:00:13.600  1727  3709 V Configuration: Updating configuration, locales updated from [en_US] to [ms]
04-02 23:00:13.600  1727  3709 V Configuration: Updating configuration, locales updated from [en_US] to [ms_MY]
04-02 23:00:13.601  1727  3709 V Configuration: Updating configuration, locales updated from [en_US] to [my]
04-02 23:00:13.601  1727  3709 V Configuration: Updating configuration, locales updated from [en_US] to [nb]
04-02 23:00:13.601  1727  3709 V Configuration: Updating configuration, locales updated from [en_US] to [nb_NO]
04-02 23:00:13.602  1727  3709 V Configuration: Updating configuration, locales updated from [en_US] to [ne]
04-02 23:00:13.602  1727  3709 V Configuration: Updating configuration, locales updated from [en_US] to [nl]
04-02 23:00:13.602  1727  3709 V Configuration: Updating configuration, locales updated from [en_US] to [nl_NL]
04-02 23:00:13.602  1727  3709 V Configuration: Updating configuration, locales updated from [en_US] to [or]
04-02 23:00:13.603  1727  3709 V Configuration: Updating configuration, locales updated from [en_US] to [pa]
04-02 23:00:13.603  1727  3709 V Configuration: Updating configuration, locales updated from [en_US] to [pl]
04-02 23:00:13.605  1727  3709 V Configuration: Updating configuration, locales updated from [en_US] to [pl_PL]
04-02 23:00:13.605  1727  3709 V Configuration: Updating configuration, locales updated from [en_US] to [pt]
04-02 23:00:13.606  1727  3709 V Configuration: Updating configuration, locales updated from [en_US] to [pt_BR]
04-02 23:00:13.606  1727  3709 V Configuration: Updating configuration, locales updated from [en_US] to [pt_PT]
04-02 23:00:13.607  1727  3709 V Configuration: Updating configuration, locales updated from [en_US] to [ro]
04-02 23:00:13.607  1727  3709 V Configuration: Updating configuration, locales updated from [en_US] to [ro_RO]
04-02 23:00:13.607  1727  3709 V Configuration: Updating configuration, locales updated from [en_US] to [ru]
04-02 23:00:13.608  1727  3709 V Configuration: Updating configuration, locales updated from [en_US] to [ru_RU]
04-02 23:00:13.608  1727  3709 V Configuration: Updating configuration, locales updated from [en_US] to [si]
04-02 23:00:13.608  1727  3709 V Configuration: Updating configuration, locales updated from [en_US] to [sk]
04-02 23:00:13.609  1727  3709 V Configuration: Updating configuration, locales updated from [en_US] to [sk_SK]
04-02 23:00:13.609  1727  3709 V Configuration: Updating configuration, locales updated from [en_US] to [sl]
04-02 23:00:13.609  1727  3709 V Configuration: Updating configuration, locales updated from [en_US] to [sl_SI]
04-02 23:00:13.609  1727  3709 V Configuration: Updating configuration, locales updated from [en_US] to [sq]
04-02 23:00:13.610  1727  3709 V Configuration: Updating configuration, locales updated from [en_US] to [sr]
04-02 23:00:13.610  1727  3709 V Configuration: Updating configuration, locales updated from [en_US] to [sr__#Latn]
04-02 23:00:13.611  1727  3709 V Configuration: Updating configuration, locales updated from [en_US] to [sr_RS]
04-02 23:00:13.611  1727  3709 V Configuration: Updating configuration, locales updated from [en_US] to [sv]
04-02 23:00:13.611  1727  3709 V Configuration: Updating configuration, locales updated from [en_US] to [sv_SE]
04-02 23:00:13.612  1727  3709 V Configuration: Updating configuration, locales updated from [en_US] to [sw]
04-02 23:00:13.612  1727  3709 V Configuration: Updating configuration, locales updated from [en_US] to [sw_TZ]
04-02 23:00:13.612  1727  3709 V Configuration: Updating configuration, locales updated from [en_US] to [ta]
04-02 23:00:13.613  1727  3709 V Configuration: Updating configuration, locales updated from [en_US] to [te]
04-02 23:00:13.613  1727  3709 V Configuration: Updating configuration, locales updated from [en_US] to [th]
04-02 23:00:13.613  1727  3709 V Configuration: Updating configuration, locales updated from [en_US] to [th_TH]
04-02 23:00:13.614  1727  3709 V Configuration: Updating configuration, locales updated from [en_US] to [tr]
04-02 23:00:13.614  1727  3709 V Configuration: Updating configuration, locales updated from [en_US] to [tr_TR]
04-02 23:00:13.614  1727  3709 V Configuration: Updating configuration, locales updated from [en_US] to [uk]
04-02 23:00:13.620  1727  3709 V Configuration: Updating configuration, locales updated from [en_US] to [uk_UA]
04-02 23:00:13.622  1727  3709 V Configuration: Updating configuration, locales updated from [en_US] to [ur]
04-02 23:00:13.622  1727  3709 V Configuration: Updating configuration, locales updated from [en_US] to [uz]
04-02 23:00:13.622  1727  3709 V Configuration: Updating configuration, locales updated from [en_US] to [vi]
04-02 23:00:13.623  1727  3709 V Configuration: Updating configuration, locales updated from [en_US] to [vi_VN]
04-02 23:00:13.623  1727  3709 V Configuration: Updating configuration, locales updated from [en_US] to [zh_CN]
04-02 23:00:13.623  1727  3709 V Configuration: Updating configuration, locales updated from [en_US] to [zh_HK]
04-02 23:00:13.624  1727  3709 V Configuration: Updating configuration, locales updated from [en_US] to [zh_TW]
04-02 23:00:13.625  1727  3709 V Configuration: Updating configuration, locales updated from [en_US] to [zu]
04-02 23:00:13.625  1727  3709 V Configuration: Updating configuration, locales updated from [en_US] to [zu_ZA]
04-02 23:00:13.773  1727  2235 W AccessibilityTileUtils: TileService could not be resolved: ComponentInfo{com.google.android.marvin.talkback/com.google.android.accessibility.selecttospeak.system.TileService}
04-02 23:00:13.773  1727  2235 W AccessibilityTileUtils: TileService could not be resolved: ComponentInfo{com.google.android.accessibility.soundamplifier/com.google.android.accessibility.soundamplifier.SoundAmplifierTileService}
04-02 23:00:13.774  1727  2235 W AccessibilityTileUtils: TileService could not be resolved: ComponentInfo{com.google.audio.hearing.visualization.accessibility.scribe/com.google.audio.hearing.visualization.accessibility.scribe.service.ScribeTileService}
04-02 23:00:13.774  1727  2235 W AccessibilityTileUtils: TileService could not be resolved: ComponentInfo{com.google.audio.hearing.visualization.accessibility.scribe/com.google.audio.hearing.visualization.accessibility.dolphin.service.DolphinTileService}
04-02 23:00:13.815  1727  2235 V AccessibilityUserState: updateShortcutTargets: type:accessibility_shortcut_target_service, current:{}, new:{}
04-02 23:00:13.816  1727  2235 V AccessibilityUserState: updateShortcutTargets: type:accessibility_qs_targets, current:{com.android.server.accessibility/OneHandedMode, com.android.server.accessibility/ReduceBrightColors}, new:{com.android.server.accessibility/OneHandedMode, com.android.server.accessibility/ReduceBrightColors}
04-02 23:00:13.816  1727  2235 V AccessibilityUserState: updateShortcutTargets: type:accessibility_button_targets, current:{}, new:{}
04-02 23:00:13.816  1727  2235 V AccessibilityUserState: updateShortcutTargets: type:accessibility_gesture_targets, current:{}, new:{}
04-02 23:00:13.816  1727  2235 V AccessibilityUserState: updateShortcutTargets: type:accessibility_key_gesture_targets, current:{}, new:{}
04-02 23:00:13.816  1727  2235 V AccessibilityManagerService: onUserStateChangedLocked for userId: 0, forceUpdate: false
04-02 23:00:13.816  1727  2235 V AccessibilityUserState: updateShortcutTargets: type:accessibility_shortcut_target_service, current:{}, new:{}
04-02 23:00:13.816  1727  2235 V AccessibilityUserState: updateShortcutTargets: type:accessibility_button_targets, current:{}, new:{}
04-02 23:00:13.816  1727  2235 V AccessibilityUserState: updateShortcutTargets: type:accessibility_gesture_targets, current:{}, new:{}
04-02 23:00:13.817  1727  2235 V AccessibilityUserState: updateShortcutTargets: type:accessibility_qs_targets, current:{com.android.server.accessibility/OneHandedMode, com.android.server.accessibility/ReduceBrightColors}, new:{com.android.server.accessibility/OneHandedMode, com.android.server.accessibility/ReduceBrightColors}
04-02 23:00:13.817  1727  2235 V AccessibilityUserState: updateShortcutTargets: type:accessibility_key_gesture_targets, current:{}, new:{}
04-02 23:00:13.817  1727  2235 W MagnificationConnectionManager: requestConnection duplicated request: connect=false, mConnectionState=DISCONNECTED
04-02 23:00:13.817  1727  2235 V AccessibilityUserState: updateShortcutTargets: type:accessibility_button_targets, current:{}, new:{}
04-02 23:00:13.817  1727  2235 V AccessibilityUserState: updateShortcutTargets: type:accessibility_qs_targets, current:{com.android.server.accessibility/OneHandedMode, com.android.server.accessibility/ReduceBrightColors}, new:{com.android.server.accessibility/OneHandedMode, com.android.server.accessibility/ReduceBrightColors}
04-02 23:00:13.821  1727  2235 V AccessibilityUserState: updateShortcutTargets: type:accessibility_shortcut_target_service, current:{}, new:{}
04-02 23:00:13.821  1727  2235 V AccessibilityUserState: updateShortcutTargets: type:accessibility_qs_targets, current:{com.android.server.accessibility/OneHandedMode, com.android.server.accessibility/ReduceBrightColors}, new:{com.android.server.accessibility/OneHandedMode, com.android.server.accessibility/ReduceBrightColors}
04-02 23:00:13.821  1727  2235 V AccessibilityUserState: updateShortcutTargets: type:accessibility_button_targets, current:{}, new:{}
04-02 23:00:13.821  1727  2235 V AccessibilityUserState: updateShortcutTargets: type:accessibility_gesture_targets, current:{}, new:{}
04-02 23:00:13.821  1727  2235 V AccessibilityUserState: updateShortcutTargets: type:accessibility_key_gesture_targets, current:{}, new:{}
04-02 23:00:13.822  1727  2235 V AccessibilityManagerService: onUserStateChangedLocked for userId: 0, forceUpdate: false
04-02 23:00:13.822  1727  2235 V AccessibilityUserState: updateShortcutTargets: type:accessibility_shortcut_target_service, current:{}, new:{}
04-02 23:00:13.822  1727  2235 V AccessibilityUserState: updateShortcutTargets: type:accessibility_button_targets, current:{}, new:{}
04-02 23:00:13.822  1727  2235 V AccessibilityUserState: updateShortcutTargets: type:accessibility_gesture_targets, current:{}, new:{}
04-02 23:00:13.822  1727  2235 V AccessibilityUserState: updateShortcutTargets: type:accessibility_qs_targets, current:{com.android.server.accessibility/OneHandedMode, com.android.server.accessibility/ReduceBrightColors}, new:{com.android.server.accessibility/OneHandedMode, com.android.server.accessibility/ReduceBrightColors}
04-02 23:00:13.822  1727  2235 V AccessibilityUserState: updateShortcutTargets: type:accessibility_key_gesture_targets, current:{}, new:{}
04-02 23:00:13.822  1727  2235 W MagnificationConnectionManager: requestConnection duplicated request: connect=false, mConnectionState=DISCONNECTED
04-02 23:00:13.930  1727  2334 D BackgroundInstallControlService: Package event received: 0
04-02 23:00:13.932  1727  4020 D ActivityManager: sync unfroze 6633 com.google.android.apps.photos for 6
04-02 23:00:13.933  1727  2334 D BackgroundInstallControlService: Package event received: 0
04-02 23:00:13.937  1727  2334 D BackgroundInstallControlService: Package event received: 0
04-02 23:00:13.949  1727  4020 W ProcessStats: Tracking association SourceState{5b0ef52 com.google.android.apps.restore/10133 BFgs #68689} whose proc state 4 is better than process ProcessState{1dc88c6 com.google.android.apps.photos/10192 pkg=com.google.android.apps.photos} proc state 14 (0 skipped)
04-02 23:00:13.949  1727  4020 E AppOps  : attributionTag VCN not declared in manifest of android
04-02 23:00:13.957 19022 19022 D ActivityThread: Package [com.carenet.app] reported as REPLACED, but missing application info. Assuming REMOVED.
