04-02 23:00:20.701  1727  2334 D BackgroundInstallControlService: Package event received: 0
04-02 23:00:20.709  1727  1727 I TransportConnection: BackupTransportService#708: Notifying [AppBackupUtils.appIsRunningAndEligibleForBackupWithTransport] transport = BackupTransportClient
04-02 23:00:20.713  1727  3961 D BackupTransportManager: [UserID:0] Transport com.google.android.gms/.backup.BackupTransportService updated its attributes
04-02 23:00:20.716  1727  2334 D BackgroundInstallControlService: Package event received: 0
04-02 23:00:20.722  1727  1727 I TransportConnection: BackupTransportService#711: Notifying [AppBackupUtils.appIsRunningAndEligibleForBackupWithTransport] transport = BackupTransportClient
04-02 23:00:20.724  1727  2482 D BackupTransportManager: [UserID:0] Transport com.google.android.gms/.backup.BackupTransportService updated its attributes
04-02 23:00:20.730  1727  2334 D BackgroundInstallControlService: Package event received: 0
04-02 23:00:20.736  1727  1727 I TransportConnection: BackupTransportService#712: Notifying [AppBackupUtils.appIsRunningAndEligibleForBackupWithTransport] transport = BackupTransportClient
04-02 23:00:20.738  1727  2800 D BackupTransportManager: [UserID:0] Transport com.google.android.gms/.backup.BackupTransportService updated its attributes
04-02 23:00:20.742  1727  2334 D BackgroundInstallControlService: Package event received: 0
04-02 23:00:20.749  1727  1727 I TransportConnection: BackupTransportService#713: Notifying [AppBackupUtils.appIsRunningAndEligibleForBackupWithTransport] transport = BackupTransportClient
04-02 23:00:20.752  1727  2800 D BackupTransportManager: [UserID:0] Transport com.google.android.gms/.backup.BackupTransportService updated its attributes
04-02 23:00:20.759  1727  2334 D BackgroundInstallControlService: Package event received: 0
04-02 23:00:20.767  1727  1727 I TransportConnection: BackupTransportService#715: Notifying [AppBackupUtils.appIsRunningAndEligibleForBackupWithTransport] transport = BackupTransportClient
04-02 23:00:20.770  1727  2482 D BackupTransportManager: [UserID:0] Transport com.google.android.gms/.backup.BackupTransportService updated its attributes
04-02 23:00:20.777  1727  2334 D BackgroundInstallControlService: Package event received: 0
04-02 23:00:20.785  1727  1727 I TransportConnection: BackupTransportService#716: Notifying [AppBackupUtils.appIsRunningAndEligibleForBackupWithTransport] transport = BackupTransportClient
04-02 23:00:20.789  1727  2482 D BackupTransportManager: [UserID:0] Transport com.google.android.gms/.backup.BackupTransportService updated its attributes
04-02 23:00:20.793  1727  2334 D BackgroundInstallControlService: Package event received: 0
04-02 23:00:20.799  1727  1727 I TransportConnection: BackupTransportService#718: Notifying [AppBackupUtils.appIsRunningAndEligibleForBackupWithTransport] transport = BackupTransportClient
04-02 23:00:20.801  1727  2823 D BackupTransportManager: [UserID:0] Transport com.google.android.gms/.backup.BackupTransportService updated its attributes
04-02 23:00:20.808  1727  2334 D BackgroundInstallControlService: Package event received: 0
04-02 23:00:20.814  1727  1727 I TransportConnection: BackupTransportService#721: Notifying [AppBackupUtils.appIsRunningAndEligibleForBackupWithTransport] transport = BackupTransportClient
04-02 23:00:20.817  1727  3961 D BackupTransportManager: [UserID:0] Transport com.google.android.gms/.backup.BackupTransportService updated its attributes
04-02 23:00:20.825  1727  2334 D BackgroundInstallControlService: Package event received: 0
04-02 23:00:20.840  1727  1727 I TransportConnection: BackupTransportService#722: Notifying [AppBackupUtils.appIsRunningAndEligibleForBackupWithTransport] transport = BackupTransportClient
04-02 23:00:20.843  1727  3961 D BackupTransportManager: [UserID:0] Transport com.google.android.gms/.backup.BackupTransportService updated its attributes
04-02 23:00:20.851  1727  2334 D BackgroundInstallControlService: Package event received: 0
04-02 23:00:20.860  1727  1727 I TransportConnection: BackupTransportService#723: Notifying [AppBackupUtils.appIsRunningAndEligibleForBackupWithTransport] transport = BackupTransportClient
04-02 23:00:20.865  1727  2800 D BackupTransportManager: [UserID:0] Transport com.google.android.gms/.backup.BackupTransportService updated its attributes
04-02 23:00:20.873  1727  2334 D BackgroundInstallControlService: Package event received: 0
04-02 23:00:20.883  1727  1727 I TransportConnection: BackupTransportService#724: Notifying [AppBackupUtils.appIsRunningAndEligibleForBackupWithTransport] transport = BackupTransportClient
04-02 23:00:20.888  1727  2823 D BackupTransportManager: [UserID:0] Transport com.google.android.gms/.backup.BackupTransportService updated its attributes
04-02 23:00:20.896  1727  2334 D BackgroundInstallControlService: Package event received: 0
04-02 23:00:20.930  1727  1727 I TransportConnection: BackupTransportService#725: Notifying [AppBackupUtils.appIsRunningAndEligibleForBackupWithTransport] transport = BackupTransportClient
04-02 23:00:20.935  1727  2482 D BackupTransportManager: [UserID:0] Transport com.google.android.gms/.backup.BackupTransportService updated its attributes
04-02 23:00:20.947  1727  2334 D BackgroundInstallControlService: Package event received: 0
04-02 23:00:20.959  1727  1727 I TransportConnection: BackupTransportService#726: Notifying [AppBackupUtils.appIsRunningAndEligibleForBackupWithTransport] transport = BackupTransportClient
04-02 23:00:20.963  1727  3961 D BackupTransportManager: [UserID:0] Transport com.google.android.gms/.backup.BackupTransportService updated its attributes
04-02 23:00:20.974  1727  2334 D BackgroundInstallControlService: Package event received: 0
04-02 23:00:20.988  1727  1727 I TransportConnection: BackupTransportService#727: Notifying [AppBackupUtils.appIsRunningAndEligibleForBackupWithTransport] transport = BackupTransportClient
04-02 23:00:20.992  1727  2800 D BackupTransportManager: [UserID:0] Transport com.google.android.gms/.backup.BackupTransportService updated its attributes
04-02 23:00:21.008  1727  2334 D BackgroundInstallControlService: Package event received: 0
04-02 23:00:21.019  1727  1727 I TransportConnection: BackupTransportService#728: Notifying [AppBackupUtils.appIsRunningAndEligibleForBackupWithTransport] transport = BackupTransportClient
04-02 23:00:21.023  1727  2800 D BackupTransportManager: [UserID:0] Transport com.google.android.gms/.backup.BackupTransportService updated its attributes
04-02 23:00:21.033  1727  2334 D BackgroundInstallControlService: Package event received: 0
04-02 23:00:21.044  1727  1727 I TransportConnection: BackupTransportService#729: Notifying [AppBackupUtils.appIsRunningAndEligibleForBackupWithTransport] transport = BackupTransportClient
04-02 23:00:21.052  1727  2800 D BackupTransportManager: [UserID:0] Transport com.google.android.gms/.backup.BackupTransportService updated its attributes
04-02 23:00:21.061  1727  2334 D BackgroundInstallControlService: Package event received: 0
04-02 23:00:21.075  1727  1727 I TransportConnection: BackupTransportService#730: Notifying [AppBackupUtils.appIsRunningAndEligibleForBackupWithTransport] transport = BackupTransportClient
04-02 23:00:21.080  1727  2482 D BackupTransportManager: [UserID:0] Transport com.google.android.gms/.backup.BackupTransportService updated its attributes
04-02 23:00:21.093  1727  2334 D BackgroundInstallControlService: Package event received: 0
04-02 23:00:21.114  1727  1727 I TransportConnection: BackupTransportService#733: Notifying [AppBackupUtils.appIsRunningAndEligibleForBackupWithTransport] transport = BackupTransportClient
04-02 23:00:21.120  1727  3961 D BackupTransportManager: [UserID:0] Transport com.google.android.gms/.backup.BackupTransportService updated its attributes
04-02 23:00:21.135  1727  2334 D BackgroundInstallControlService: Package event received: 0
04-02 23:00:21.149  1727  1727 I TransportConnection: BackupTransportService#735: Notifying [AppBackupUtils.appIsRunningAndEligibleForBackupWithTransport] transport = BackupTransportClient
04-02 23:00:21.154  1727  3961 D BackupTransportManager: [UserID:0] Transport com.google.android.gms/.backup.BackupTransportService updated its attributes
04-02 23:00:21.161  1727  2334 D BackgroundInstallControlService: Package event received: 0
04-02 23:00:21.173  1727  1727 I TransportConnection: BackupTransportService#736: Notifying [AppBackupUtils.appIsRunningAndEligibleForBackupWithTransport] transport = BackupTransportClient
04-02 23:00:21.177  1727  2482 D BackupTransportManager: [UserID:0] Transport com.google.android.gms/.backup.BackupTransportService updated its attributes
04-02 23:00:21.186  1727  2334 D BackgroundInstallControlService: Package event received: 0
04-02 23:00:21.199  1727  1727 I TransportConnection: BackupTransportService#737: Notifying [AppBackupUtils.appIsRunningAndEligibleForBackupWithTransport] transport = BackupTransportClient
04-02 23:00:21.204  1727  2800 D BackupTransportManager: [UserID:0] Transport com.google.android.gms/.backup.BackupTransportService updated its attributes
04-02 23:00:21.221  1727  2334 D BackgroundInstallControlService: Package event received: 0
04-02 23:00:21.238  1727  1727 I TransportConnection: BackupTransportService#743: Notifying [AppBackupUtils.appIsRunningAndEligibleForBackupWithTransport] transport = BackupTransportClient
04-02 23:00:21.243  1727  2482 D BackupTransportManager: [UserID:0] Transport com.google.android.gms/.backup.BackupTransportService updated its attributes
04-02 23:00:21.255  1727  2334 D BackgroundInstallControlService: Package event received: 0
04-02 23:00:21.268  1727  1727 I TransportConnection: BackupTransportService#744: Notifying [AppBackupUtils.appIsRunningAndEligibleForBackupWithTransport] transport = BackupTransportClient
04-02 23:00:21.271  1727  2482 D BackupTransportManager: [UserID:0] Transport com.google.android.gms/.backup.BackupTransportService updated its attributes
04-02 23:00:21.286  1727  2334 D BackgroundInstallControlService: Package event received: 0
04-02 23:00:21.301  1727  1727 I TransportConnection: BackupTransportService#745: Notifying [AppBackupUtils.appIsRunningAndEligibleForBackupWithTransport] transport = BackupTransportClient
04-02 23:00:21.307  1727  3961 D BackupTransportManager: [UserID:0] Transport com.google.android.gms/.backup.BackupTransportService updated its attributes
04-02 23:00:21.313  1727  2334 D BackgroundInstallControlService: Package event received: 0
04-02 23:00:21.325  1727  1727 I TransportConnection: BackupTransportService#746: Notifying [AppBackupUtils.appIsRunningAndEligibleForBackupWithTransport] transport = BackupTransportClient
04-02 23:00:21.329  1727  2482 D BackupTransportManager: [UserID:0] Transport com.google.android.gms/.backup.BackupTransportService updated its attributes
04-02 23:00:21.347  1727  2334 D BackgroundInstallControlService: Package event received: 0
04-02 23:00:21.361  1727  1727 I TransportConnection: BackupTransportService#747: Notifying [AppBackupUtils.appIsRunningAndEligibleForBackupWithTransport] transport = BackupTransportClient
04-02 23:00:21.366  1727  3961 D BackupTransportManager: [UserID:0] Transport com.google.android.gms/.backup.BackupTransportService updated its attributes
04-02 23:00:21.380  1727  2334 D BackgroundInstallControlService: Package event received: 0
04-02 23:00:21.394  1727  1727 I TransportConnection: BackupTransportService#748: Notifying [AppBackupUtils.appIsRunningAndEligibleForBackupWithTransport] transport = BackupTransportClient
04-02 23:00:21.399  1727  2823 D BackupTransportManager: [UserID:0] Transport com.google.android.gms/.backup.BackupTransportService updated its attributes
04-02 23:00:21.410  1727  2334 D BackgroundInstallControlService: Package event received: 0
04-02 23:00:21.423  1727  1727 I TransportConnection: BackupTransportService#749: Notifying [AppBackupUtils.appIsRunningAndEligibleForBackupWithTransport] transport = BackupTransportClient
04-02 23:00:21.428  1727  2823 D BackupTransportManager: [UserID:0] Transport com.google.android.gms/.backup.BackupTransportService updated its attributes
04-02 23:00:21.436  1727  2334 D BackgroundInstallControlService: Package event received: 0
04-02 23:00:21.447  1727  1727 I TransportConnection: BackupTransportService#751: Notifying [AppBackupUtils.appIsRunningAndEligibleForBackupWithTransport] transport = BackupTransportClient
04-02 23:00:21.450  1727  2482 D BackupTransportManager: [UserID:0] Transport com.google.android.gms/.backup.BackupTransportService updated its attributes
04-02 23:00:21.463  1727  2334 D BackgroundInstallControlService: Package event received: 0
04-02 23:00:21.478  1727  1727 I TransportConnection: BackupTransportService#752: Notifying [AppBackupUtils.appIsRunningAndEligibleForBackupWithTransport] transport = BackupTransportClient
04-02 23:00:21.483  1727  2823 D BackupTransportManager: [UserID:0] Transport com.google.android.gms/.backup.BackupTransportService updated its attributes
04-02 23:00:21.492  1727  2334 D BackgroundInstallControlService: Package event received: 0
04-02 23:00:21.504  1727  1727 I TransportConnection: BackupTransportService#753: Notifying [AppBackupUtils.appIsRunningAndEligibleForBackupWithTransport] transport = BackupTransportClient
04-02 23:00:21.511  1727  2482 D BackupTransportManager: [UserID:0] Transport com.google.android.gms/.backup.BackupTransportService updated its attributes
04-02 23:00:21.518  1727  2334 D BackgroundInstallControlService: Package event received: 0
04-02 23:00:21.532  1727  1727 I TransportConnection: BackupTransportService#754: Notifying [AppBackupUtils.appIsRunningAndEligibleForBackupWithTransport] transport = BackupTransportClient
04-02 23:00:21.537  1727  2823 D BackupTransportManager: [UserID:0] Transport com.google.android.gms/.backup.BackupTransportService updated its attributes
04-02 23:00:21.548  1727  2334 D BackgroundInstallControlService: Package event received: 0
04-02 23:00:21.560  1727  1727 I TransportConnection: BackupTransportService#755: Notifying [AppBackupUtils.appIsRunningAndEligibleForBackupWithTransport] transport = BackupTransportClient
04-02 23:00:21.565  1727  2800 D BackupTransportManager: [UserID:0] Transport com.google.android.gms/.backup.BackupTransportService updated its attributes
04-02 23:00:21.581  1727  2334 D BackgroundInstallControlService: Package event received: 0
04-02 23:00:21.595  1727  1727 I TransportConnection: BackupTransportService#757: Notifying [AppBackupUtils.appIsRunningAndEligibleForBackupWithTransport] transport = BackupTransportClient
04-02 23:00:21.600  1727  2823 D BackupTransportManager: [UserID:0] Transport com.google.android.gms/.backup.BackupTransportService updated its attributes
04-02 23:00:21.613  1727  2334 D BackgroundInstallControlService: Package event received: 0
04-02 23:00:21.626  1727  1727 I TransportConnection: BackupTransportService#760: Notifying [AppBackupUtils.appIsRunningAndEligibleForBackupWithTransport] transport = BackupTransportClient
04-02 23:00:21.631  1727  2800 D BackupTransportManager: [UserID:0] Transport com.google.android.gms/.backup.BackupTransportService updated its attributes
04-02 23:00:21.646  1727  2334 D BackgroundInstallControlService: Package event received: 0
04-02 23:00:21.657  1727  1727 I TransportConnection: BackupTransportService#762: Notifying [AppBackupUtils.appIsRunningAndEligibleForBackupWithTransport] transport = BackupTransportClient
04-02 23:00:21.665  1727  2800 D BackupTransportManager: [UserID:0] Transport com.google.android.gms/.backup.BackupTransportService updated its attributes
04-02 23:00:21.668  1727  2334 D BackgroundInstallControlService: Package event received: 0
04-02 23:00:21.682  1727  1727 I TransportConnection: BackupTransportService#763: Notifying [AppBackupUtils.appIsRunningAndEligibleForBackupWithTransport] transport = BackupTransportClient
04-02 23:00:21.686  1727  2823 D BackupTransportManager: [UserID:0] Transport com.google.android.gms/.backup.BackupTransportService updated its attributes
04-02 23:00:21.700  1727  2334 D BackgroundInstallControlService: Package event received: 0
04-02 23:00:21.714  1727  1727 I TransportConnection: BackupTransportService#765: Notifying [AppBackupUtils.appIsRunningAndEligibleForBackupWithTransport] transport = BackupTransportClient
04-02 23:00:21.720  1727  2800 D BackupTransportManager: [UserID:0] Transport com.google.android.gms/.backup.BackupTransportService updated its attributes
04-02 23:00:21.728  1727  2334 D BackgroundInstallControlService: Package event received: 0
04-02 23:00:21.740  1727  1727 I TransportConnection: BackupTransportService#767: Notifying [AppBackupUtils.appIsRunningAndEligibleForBackupWithTransport] transport = BackupTransportClient
04-02 23:00:21.744  1727  3961 D BackupTransportManager: [UserID:0] Transport com.google.android.gms/.backup.BackupTransportService updated its attributes
04-02 23:00:21.760  1727  2334 D BackgroundInstallControlService: Package event received: 0
04-02 23:00:21.772  1727  1727 I TransportConnection: BackupTransportService#771: Notifying [AppBackupUtils.appIsRunningAndEligibleForBackupWithTransport] transport = BackupTransportClient
04-02 23:00:21.778  1727  2482 D BackupTransportManager: [UserID:0] Transport com.google.android.gms/.backup.BackupTransportService updated its attributes
04-02 23:00:21.791  1727  2334 D BackgroundInstallControlService: Package event received: 0
04-02 23:00:21.809  1727  1727 I TransportConnection: BackupTransportService#772: Notifying [AppBackupUtils.appIsRunningAndEligibleForBackupWithTransport] transport = BackupTransportClient
04-02 23:00:21.814  1727  2800 D BackupTransportManager: [UserID:0] Transport com.google.android.gms/.backup.BackupTransportService updated its attributes
04-02 23:00:21.830  1727  2334 D BackgroundInstallControlService: Package event received: 0
04-02 23:00:21.846  1727  1727 I TransportConnection: BackupTransportService#774: Notifying [AppBackupUtils.appIsRunningAndEligibleForBackupWithTransport] transport = BackupTransportClient
04-02 23:00:21.852  1727  2482 D BackupTransportManager: [UserID:0] Transport com.google.android.gms/.backup.BackupTransportService updated its attributes
04-02 23:00:21.858  1727  2334 D BackgroundInstallControlService: Package event received: 0
04-02 23:00:21.870  1727  1727 I TransportConnection: BackupTransportService#777: Notifying [AppBackupUtils.appIsRunningAndEligibleForBackupWithTransport] transport = BackupTransportClient
04-02 23:00:21.875  1727  2482 D BackupTransportManager: [UserID:0] Transport com.google.android.gms/.backup.BackupTransportService updated its attributes
04-02 23:00:21.886  1727  2334 D BackgroundInstallControlService: Package event received: 0
04-02 23:00:21.899  1727  1727 I TransportConnection: BackupTransportService#778: Notifying [AppBackupUtils.appIsRunningAndEligibleForBackupWithTransport] transport = BackupTransportClient
04-02 23:00:21.906  1727  2800 D BackupTransportManager: [UserID:0] Transport com.google.android.gms/.backup.BackupTransportService updated its attributes
04-02 23:00:21.916  1727  2334 D BackgroundInstallControlService: Package event received: 0
04-02 23:00:21.931  1727  1727 I TransportConnection: BackupTransportService#779: Notifying [AppBackupUtils.appIsRunningAndEligibleForBackupWithTransport] transport = BackupTransportClient
04-02 23:00:21.940  1727  2482 D BackupTransportManager: [UserID:0] Transport com.google.android.gms/.backup.BackupTransportService updated its attributes
04-02 23:00:21.956  1727  2334 D BackgroundInstallControlService: Package event received: 0
04-02 23:00:21.963  1727  2334 D BackgroundInstallControlService: Package event received: 0
04-02 23:00:21.967  1727  2334 D BackgroundInstallControlService: Package event received: 0
04-02 23:00:21.967  1727  2334 D BackgroundInstallControlService: Package event received: 0
04-02 23:00:21.969  1727  2334 D BackgroundInstallControlService: Package event received: 0
04-02 23:00:21.984  1727  1727 I TransportConnection: BackupTransportService#780: Notifying [AppBackupUtils.appIsRunningAndEligibleForBackupWithTransport] transport = BackupTransportClient
04-02 23:00:21.989  1727  4019 D BackupTransportManager: [UserID:0] Transport com.google.android.gms/.backup.BackupTransportService updated its attributes
04-02 23:00:22.003  1727  2334 D BackgroundInstallControlService: Package event received: 0
04-02 23:00:22.019  1727  1727 I TransportConnection: BackupTransportService#781: Notifying [AppBackupUtils.appIsRunningAndEligibleForBackupWithTransport] transport = BackupTransportClient
04-02 23:00:22.024  1727  2800 D BackupTransportManager: [UserID:0] Transport com.google.android.gms/.backup.BackupTransportService updated its attributes
04-02 23:00:22.038  1727  2334 D BackgroundInstallControlService: Package event received: 0
04-02 23:00:22.051  1727  1727 I TransportConnection: BackupTransportService#782: Notifying [AppBackupUtils.appIsRunningAndEligibleForBackupWithTransport] transport = BackupTransportClient
04-02 23:00:22.057  1727  2800 D BackupTransportManager: [UserID:0] Transport com.google.android.gms/.backup.BackupTransportService updated its attributes
04-02 23:00:22.062  1727  2334 D BackgroundInstallControlService: Package event received: 0
04-02 23:00:22.091  1727  1727 I TransportConnection: BackupTransportService#783: Notifying [AppBackupUtils.appIsRunningAndEligibleForBackupWithTransport] transport = BackupTransportClient
04-02 23:00:22.096  1727  4019 D BackupTransportManager: [UserID:0] Transport com.google.android.gms/.backup.BackupTransportService updated its attributes
04-02 23:00:22.106  1727  2334 D BackgroundInstallControlService: Package event received: 0
04-02 23:00:22.117  1727  1727 I TransportConnection: BackupTransportService#788: Notifying [AppBackupUtils.appIsRunningAndEligibleForBackupWithTransport] transport = BackupTransportClient
04-02 23:00:22.122  1727  2482 D BackupTransportManager: [UserID:0] Transport com.google.android.gms/.backup.BackupTransportService updated its attributes
04-02 23:00:22.130  1727  2334 D BackgroundInstallControlService: Package event received: 0
04-02 23:00:22.138  1727  1727 I TransportConnection: BackupTransportService#790: Notifying [AppBackupUtils.appIsRunningAndEligibleForBackupWithTransport] transport = BackupTransportClient
04-02 23:00:22.142  1727  4019 D BackupTransportManager: [UserID:0] Transport com.google.android.gms/.backup.BackupTransportService updated its attributes
04-02 23:00:22.150  1727  2334 D BackgroundInstallControlService: Package event received: 0
04-02 23:00:22.163  1727  1727 I TransportConnection: BackupTransportService#793: Notifying [AppBackupUtils.appIsRunningAndEligibleForBackupWithTransport] transport = BackupTransportClient
04-02 23:00:22.168  1727  4019 D BackupTransportManager: [UserID:0] Transport com.google.android.gms/.backup.BackupTransportService updated its attributes
04-02 23:00:22.180  1727  2334 D BackgroundInstallControlService: Package event received: 0
04-02 23:00:22.192  1727  1727 I TransportConnection: BackupTransportService#794: Notifying [AppBackupUtils.appIsRunningAndEligibleForBackupWithTransport] transport = BackupTransportClient
04-02 23:00:22.201  1727  2800 D BackupTransportManager: [UserID:0] Transport com.google.android.gms/.backup.BackupTransportService updated its attributes
04-02 23:00:22.208  1727  2334 D BackgroundInstallControlService: Package event received: 0
04-02 23:00:22.221  1727  1727 I TransportConnection: BackupTransportService#796: Notifying [AppBackupUtils.appIsRunningAndEligibleForBackupWithTransport] transport = BackupTransportClient
04-02 23:00:22.227  1727  4020 D BackupTransportManager: [UserID:0] Transport com.google.android.gms/.backup.BackupTransportService updated its attributes
04-02 23:00:23.087  1727  2210 D ActivityManager: freezing 2558 com.google.android.packageinstaller
04-02 23:00:23.462  1727  2482 W ActivityTaskManager: callingPackage for (uid=2000, pid=10399) has no WPC
04-02 23:00:23.512  1727  2482 D ActivityTaskManager: Temporarily retain top process state for launching app
04-02 23:00:23.521  1727  2334 D BackgroundInstallControlService: Package event received: 0
04-02 23:00:23.523  1727  2334 D BackgroundInstallControlService: Package event received: 0
04-02 23:00:23.524  1727  2334 D BackgroundInstallControlService: Package event received: 0
04-02 23:00:23.525  1727  2334 D BackgroundInstallControlService: Package event received: 0
04-02 23:00:23.536  1727  2200 D ActivityManager: sync unfroze 28406 com.google.android.gm for 6
04-02 23:00:23.536  1727  2482 W TransitionChain: Combining AR.finish-resume-no-history into #172(OPEN|R|0x0) from startAct
04-02 23:00:23.537  1727  2200 D ActivityManager: sync unfroze 28745 com.google.android.webview:sandboxed_process0:org.chromium.content.app.SandboxedProcessService0:0 for 6
04-02 23:00:23.543  2473  2506 D Bubbles : BubbleTaskStackListener.onTaskMovedToFront(): taskId=50
04-02 23:00:23.544  1727  2482 V ActivityTaskManager: TaskLaunchParamsModifier: phase=3 task=Task{97335b7 #50 type=standard A=10388:com.carenet.app} activity=ActivityRecord{32511790 u0 com.carenet.app/.MainActivity t-1} display-from-task=0 display-id=0 task-display-area-windowing-mode=1 suggested-display-area=DefaultTaskDisplayArea@76206638 inherit-from-task=fullscreen non-freeform-task-display-area display-area=DefaultTaskDisplayArea@76206638 default-portrait freeform-size-mismatch=Rect(268, 663 - 812, 1743)
04-02 23:00:23.544  1727  2482 I ActivityTaskManager: START u0 {flg=0x10000000 xflg=0x5 cmp=com.carenet.app/.MainActivity} with LAUNCH_SINGLE_TASK from uid 2000 (com.android.shell) (BAL_ALLOW_PERMISSION) result code=0
04-02 23:00:23.545  2473  2506 V WindowManagerShell: Transition requested (#172): android.os.BinderProxy@84041ed TransitionRequestInfo { type = OPEN, triggerTask = TaskInfo{userId=0 taskId=50 effectiveUid=10388 displayId=0 isRunning=true baseIntent=Intent { flg=0x10000000 cmp=com.carenet.app/.MainActivity } baseActivity=ComponentInfo{com.carenet.app/com.carenet.app.MainActivity} topActivity=ComponentInfo{com.carenet.app/com.carenet.app.MainActivity} origActivity=null realActivity=ComponentInfo{com.carenet.app/com.carenet.app.MainActivity} realActivityIsAppLockEnabled=false numActivities=1 lastActiveTime=36564412 supportsMultiWindow=true resizeMode=1 isResizeable=true minWidth=-1 minHeight=-1 defaultMinSize=220 token=WCT{android.os.BinderProxy@1c07822} topActivityType=1 pictureInPictureParams=null shouldDockBigOverlays=false launchIntoPipHostTaskId=-1 lastParentTaskIdBeforePip=-1 displayCutoutSafeInsets=Rect(0, 132 - 0, 0) topActivityInfo=ActivityInfo{fd9b2b3 com.carenet.app.MainActivity} launchCookies=[] positionInParent=Point(0, 0) parentTaskId=-1 isFocused=false isVisible=false isVisibleRequested=false isTopActivityNoDisplay=false isSleeping=true locusId=null displayAreaFeatureId=1 isTopActivityTransparent=false isActivityStackTransparent=false lastNonFullscreenBounds=Rect(268, 663 - 812, 1743) leafTaskBoundsFromOptions= false capturedLink=null capturedLinkTimestamp=0 requestedVisibleTypes=503 topActivityRequestOpenInBrowserEducationTimestamp=0 appCompatTaskInfo=AppCompatTaskInfo { topActivityInSizeCompat=false isLeafTask= true eligibleForLetterboxEducation= false isLetterboxEducationEnabled= false isLetterboxDoubleTapEnabled= false eligibleForUserAspectRatioButton= false topActivityBoundsLetterboxed= false isFromLetterboxDoubleTap= false topActivityLetterboxVerticalPosition= -1 topActivityLetterboxHorizontalPosition= -1 topActivityLetterboxWidth=-1 topActivityLetterboxHeight=-1 topActivityAppBounds=Rect(0, 132 - 1080, 2274) isUserFullscreenOverrideEnabled=false isSystemFullscreenOverrideEnabled=false hasMinAspectRatioOverride=false topActivityLetterboxBounds=null topNonResizableActivityAspectRatio=-1.0} topActivityMainWindowFrame=null isAppBubble=false}, pipChange = null, remoteTransitionInfo = null, displayChange = null, requestedLocation = null, userChange = null, windowingLayerChange = null, fullscreenRequestChange = null, flags = 0, debugId = 172 }
04-02 23:00:23.548  2473  2506 D ShellSplitScreen: logExit: no-op, mLoggerSessionId is null
04-02 23:00:23.559  1727  1801 I ActivityManager: Start proc 10406:com.carenet.app/u0a388 for top-activity {com.carenet.app/com.carenet.app.MainActivity}
04-02 23:00:23.559 28745 28745 D ActivityThread: Package [com.carenet.app] reported as REPLACED, but missing application info. Assuming REMOVED.
04-02 23:00:23.563  1727  2200 D ActivityManager: sync unfroze 9452 com.twitter.android for 6
04-02 23:00:23.567 28745 28745 D ActivityThread: Package [com.carenet.app] reported as REPLACED, but missing application info. Assuming REMOVED.
04-02 23:00:23.568 28745 28745 D ActivityThread: Package [com.carenet.app] reported as REPLACED, but missing application info. Assuming REMOVED.
04-02 23:00:23.568 28745 28745 D ActivityThread: Package [com.carenet.app] reported as REPLACED, but missing application info. Assuming REMOVED.
04-02 23:00:23.568 28745 28745 D ActivityThread: Package [com.carenet.app] reported as REPLACED, but missing application info. Assuming REMOVED.
04-02 23:00:23.568 28745 28745 D ActivityThread: Package [com.carenet.app] reported as REPLACED, but missing application info. Assuming REMOVED.
04-02 23:00:23.570  1727  2200 W JobServiceContext: Sending onNetworkChanged for a job that isn't started. JobStatus{5a0103c androidx.work.systemjobscheduler:u0a114/570 #AnalyticsFlushWorker#@androidx.work.systemjobscheduler@com.twitter.android/androidx.work.impl.background.systemjob.SystemJobService u=0 s=10114 TIME=-3m46s317ms:none NET READY}
04-02 23:00:23.584  1727  2334 D BackgroundInstallControlService: Package event received: 0
04-02 23:00:23.589  1727  2355 D ActivityManager: sync unfroze 27917 com.whatsapp.w4b for 6
04-02 23:00:23.594 27917 27917 D ActivityThread: Package [com.carenet.app] reported as REPLACED, but missing application info. Assuming REMOVED.
04-02 23:00:23.595  1727  2334 D BackgroundInstallControlService: Package event received: 0
04-02 23:00:23.595  1727  2355 D ActivityManager: sync unfroze 14629 com.whatsapp for 6
04-02 23:00:23.597 14629 14629 D ActivityThread: Package [com.carenet.app] reported as REPLACED, but missing application info. Assuming REMOVED.
04-02 23:00:23.598 27917 27917 D ActivityThread: Package [com.carenet.app] reported as REPLACED, but missing application info. Assuming REMOVED.
04-02 23:00:23.598 14629 14629 D ActivityThread: Package [com.carenet.app] reported as REPLACED, but missing application info. Assuming REMOVED.
04-02 23:00:23.598 27917 27917 D ActivityThread: Package [com.carenet.app] reported as REPLACED, but missing application info. Assuming REMOVED.
04-02 23:00:23.600 14629 14629 D ActivityThread: Package [com.carenet.app] reported as REPLACED, but missing application info. Assuming REMOVED.
04-02 23:00:23.623  1727  2482 D CoreBackPreview: Window{5843029 u0 com.android.vending/com.google.android.finsky.protectdialogs.activity.PlayProtectDialogsActivity}: Setting back callback null
04-02 23:00:23.730  1727  2482 D CoreBackPreview: Window{fd41e57 u0 com.android.vending/com.google.android.finsky.protectdialogs.activity.PlayProtectDialogsActivity}: Setting back callback null
04-02 23:00:23.731  1727  2334 D BackgroundInstallControlService: Package event received: 0
04-02 23:00:23.731  1727  2334 D BackgroundInstallControlService: Package event received: 0
04-02 23:00:23.732  1727  2334 D BackgroundInstallControlService: Package event received: 0
04-02 23:00:23.737 10406 10420 I DisplayManager: Choreographer implicitly registered for the refresh rate.
04-02 23:00:23.741  1727  2199 W UsageStatsService: Unexpected activity event reported! (com.android.vending/com.google.android.finsky.protectdialogs.activity.PlayProtectDialogsActivity event : 23 instanceId : 103356675)
04-02 23:00:23.742  2473  2506 V ShellTaskOrganizer: Task vanished taskId=49
04-02 23:00:23.742  2473  2506 V ShellTaskOrganizer: Fullscreen Task Vanished: #49
04-02 23:00:23.744  2473  2506 D ShellDesktopMode: AppToWebRepository: Task 49 is vanishing. Removing task data from repository
04-02 23:00:23.744  2473  2506 V AppCompat: SingleSurfaceLetterboxController: []
04-02 23:00:23.744  2473  2506 V AppCompat: MultiSurfaceLetterboxController: []
04-02 23:00:23.744  2473  2506 V AppCompat: LetterboxInputController: []
04-02 23:00:23.744  2473  2506 V AppCompat: RoundedCornersLetterboxController: {}
04-02 23:00:23.785 10406 10406 V ResourcesManager: The following library key has been added: ResourcesKey{ mHash=64223be mResDir=null mSplitDirs=[] mOverlayDirs=[] mLibDirs=[/data/app/~~fo5NWjB77i9ytm5PS7CGMg==/com.google.android.webview-bE7Hg6czIT_dn_SYEci0XA==/base.apk,/system/framework/android.test.base.jar,/system_ext/framework/androidx.window.extensions.jar] mDisplayId=0 mOverrideConfig=v36 mCompatInfo={420dpi always-compat} mLoaders=[]}
04-02 23:00:23.821  1727  1858 I PackageManager: Continuing with installation of file:///data/app/vmdl633161994.tmp
04-02 23:00:23.844  1727  1858 V Configuration: Updating configuration, locales updated from [] to [en_US]
04-02 23:00:23.943  1727  3966 D CompatChangeReporter: Compat change id reported: 161145287; UID 10388; state: ENABLED
04-02 23:00:23.947  1727  3966 D CompatChangeReporter: Compat change id reported: 441041342; UID 99046; state: ENABLED
04-02 23:00:23.949  1727  2823 D CompatChangeReporter: Compat change id reported: 261072174; UID 10388; state: ENABLED
04-02 23:00:23.961  1727  1801 I ActivityManager: Start proc 10469:com.google.android.webview:sandboxed_process0:org.chromium.content.app.SandboxedProcessService0:0/u0i46 for  {com.carenet.app/org.chromium.content.app.SandboxedProcessService0:0}
04-02 23:00:23.985  1727  2334 D BackgroundInstallControlService: Package event received: 0
04-02 23:00:24.125 28406 28406 D ActivityThread: Package [com.carenet.app] reported as REPLACED, but missing application info. Assuming REMOVED.
04-02 23:00:24.126 28406 28406 D ActivityThread: Package [com.carenet.app] reported as REPLACED, but missing application info. Assuming REMOVED.
04-02 23:00:24.127 28406 28406 D ActivityThread: Package [com.carenet.app] reported as REPLACED, but missing application info. Assuming REMOVED.
04-02 23:00:24.127 28406 28406 D ActivityThread: Package [com.carenet.app] reported as REPLACED, but missing application info. Assuming REMOVED.
04-02 23:00:24.127 28406 28406 D ActivityThread: Package [com.carenet.app] reported as REPLACED, but missing application info. Assuming REMOVED.
04-02 23:00:24.127 28406 28406 D ActivityThread: Package [com.carenet.app] reported as REPLACED, but missing application info. Assuming REMOVED.
04-02 23:00:24.195  1727  2823 W ProcessStats: Tracking association SourceState{10ff807 com.google.android.gm/10190 ImpBg #69903} whose proc state 6 is better than process ProcessState{5a50130 com.google.android.webview:sandboxed_process0:org.chromium.content.app.SandboxedProcessService0:0/10190 pkg=com.google.android.gm} proc state 14 (1200 skipped)
04-02 23:00:24.230  1727  1788 W ActivityTaskManager: Activity top resumed state loss timeout for ActivityRecord{32511790 u0 com.carenet.app/.MainActivity t50}
04-02 23:00:24.230  1727  1788 W ActivityTaskManager: Activity pause timeout for ActivityRecord{32511790 u0 com.carenet.app/.MainActivity t50}
04-02 23:00:24.231  1727  2334 D BackgroundInstallControlService: Package event received: 0
04-02 23:00:24.243  1727  1827 D ActivityManager: sync unfroze 4075 android.process.acore for 7
04-02 23:00:24.245  4075  4075 D ActivityThread: Package [com.carenet.app] reported as REPLACED, but missing application info. Assuming REMOVED.
04-02 23:00:24.245  4075  4075 D ActivityThread: Package [com.carenet.app] reported as REPLACED, but missing application info. Assuming REMOVED.
04-02 23:00:24.246  4075  4075 D ActivityThread: Package [com.carenet.app] reported as REPLACED, but missing application info. Assuming REMOVED.
04-02 23:00:24.246  4075  4094 W Looper  : Slow delivery took 296076ms android.bg app=android.process.acore main=false group=BACKGROUND h=android.database.sqlite.SQLiteConnectionPool$IdleConnectionHandler c=null m=5
04-02 23:00:24.402  1727  2823 D CoreBackPreview: Window{f8204db u0 com.carenet.app/com.carenet.app.MainActivity}: Setting back callback OnBackInvokedCallbackInfo{mCallback=android.window.IOnBackInvokedCallback$Stub$Proxy@a366bc, mPriority=0, mIsAnimationCallback=false, mOverrideBehavior=0}
04-02 23:00:24.410  1727  1785 V WindowManager: Sent Transition (#172) createdAt=04-02 23:00:23.511 via request=TransitionRequestInfo { type = OPEN, triggerTask = TaskInfo{userId=0 taskId=50 effectiveUid=10388 displayId=0 isRunning=true baseIntent=Intent { flg=0x10000000 cmp=com.carenet.app/.MainActivity } baseActivity=ComponentInfo{com.carenet.app/com.carenet.app.MainActivity} topActivity=ComponentInfo{com.carenet.app/com.carenet.app.MainActivity} origActivity=null realActivity=ComponentInfo{com.carenet.app/com.carenet.app.MainActivity} realActivityIsAppLockEnabled=false numActivities=1 lastActiveTime=36564412 supportsMultiWindow=true resizeMode=1 isResizeable=true minWidth=-1 minHeight=-1 defaultMinSize=220 token=WCT{RemoteToken{3c9dacb Task{97335b7 #50 type=standard A=10388:com.carenet.app}}} topActivityType=1 pictureInPictureParams=null shouldDockBigOverlays=false launchIntoPipHostTaskId=-1 lastParentTaskIdBeforePip=-1 displayCutoutSafeInsets=Rect(0, 132 - 0, 0) topActivityInfo=ActivityInfo{19e32a8 com.carenet.app.MainActivity} launchCookies=[] positionInParent=Point(0, 0) parentTaskId=-1 isFocused=false isVisible=false isVisibleRequested=false isTopActivityNoDisplay=false isSleeping=true locusId=null displayAreaFeatureId=1 isTopActivityTransparent=false isActivityStackTransparent=false lastNonFullscreenBounds=Rect(268, 663 - 812, 1743) leafTaskBoundsFromOptions= false capturedLink=null capturedLinkTimestamp=0 requestedVisibleTypes=503 topActivityRequestOpenInBrowserEducationTimestamp=0 appCompatTaskInfo=AppCompatTaskInfo { topActivityInSizeCompat=false isLeafTask= true eligibleForLetterboxEducation= false isLetterboxEducationEnabled= false isLetterboxDoubleTapEnabled= false eligibleForUserAspectRatioButton= false topActivityBoundsLetterboxed= false isFromLetterboxDoubleTap= false topActivityLetterboxVerticalPosition= -1 topActivityLetterboxHorizontalPosition= -1 topActivityLetterboxWidth=-1 topActivityLetterboxHeight=-1 topActivityAppBounds=Rect(0, 132 - 1080, 2274) isUserFullscreenOverrideEnabled=false isSystemFullscreenOverrideEnabled=false hasMinAspectRatioOverride=false topActivityLetterboxBounds=null topNonResizableActivityAspectRatio=-1.0} topActivityMainWindowFrame=null isAppBubble=false}, pipChange = null, remoteTransitionInfo = null, displayChange = null, requestedLocation = null, userChange = null, windowingLayerChange = null, fullscreenRequestChange = null, flags = 0, debugId = 172 }
04-02 23:00:24.410  1727  1785 V WindowManager:     startWCT=WindowContainerTransaction { changes= {} hops= [] flags= 0 errorCallbackToken=null taskFragmentOrganizer=null }
04-02 23:00:24.410  1727  1785 V WindowManager:     info={id=172 t=OPEN f=0x40 trk=0 r=[] c=[]}
04-02 23:00:24.411  1727  2329 I MR2ServiceImpl: Updating composite discovery preference | preference: RouteDiscoveryRequest{ preferredFeatures={}, activeScan=false }, active routers: []
04-02 23:00:24.413  2473  2872 V WindowManagerShell: onTransitionReady(transaction=7417408546326)
04-02 23:00:24.414  2473  2506 V WindowManagerShell: onTransitionReady (#172) android.os.BinderProxy@84041ed: {id=172 t=OPEN f=0x40 trk=0 r=[] c=[]}
04-02 23:00:24.422  2473  2506 V WindowManagerShell: No transition roots in (#172) android.os.BinderProxy@84041ed@0 so abort
04-02 23:00:24.423  2473  2506 V WindowManagerShell: Transition animation finished (aborted=true), notifying core (#172) android.os.BinderProxy@84041ed@0
04-02 23:00:24.426  1727  1785 V WindowManager: Finish Transition (#172): created at 04-02 23:00:23.511 collect-started=0.073ms request-sent=28.512ms started=46.022ms ready=218.913ms sent=896.907ms finished=915.008ms
04-02 23:00:24.427  2473  2506 V WindowManagerShell: Track 0 became idle
04-02 23:00:24.427  2473  2506 V WindowManagerShell: All active transition animations finished
04-02 23:00:24.431  1727  2329 I MR2ServiceImpl: Updating composite discovery preference | preference: RouteDiscoveryRequest{ preferredFeatures={}, activeScan=false }, active routers: []
04-02 23:00:24.439  1727  1785 D HintManagerService: Sent cleanup message for uid 10388
04-02 23:00:24.454  1727  2334 D BackgroundInstallControlService: Package event received: 0
04-02 23:00:24.456  1727  2823 W ActivityTaskManager: Request to remove task ignored for non-existent task 49
04-02 23:00:24.528  1727  2334 D BackgroundInstallControlService: Package event received: 0
04-02 23:00:24.585  9452  9452 D ActivityThread: Package [com.carenet.app] reported as REPLACED, but missing application info. Assuming REMOVED.
04-02 23:00:24.588  9452  9452 D ActivityThread: Package [com.carenet.app] reported as REPLACED, but missing application info. Assuming REMOVED.
04-02 23:00:24.588  9452  9452 D ActivityThread: Package [com.carenet.app] reported as REPLACED, but missing application info. Assuming REMOVED.
04-02 23:00:25.039  1727  2334 D BackgroundInstallControlService: Package event received: 0
04-02 23:00:25.040  1727  2334 D BackgroundInstallControlService: Package event received: 0
04-02 23:00:25.040  1727  2334 D BackgroundInstallControlService: Package event received: 0
04-02 23:00:25.040  1727  2334 D BackgroundInstallControlService: Package event received: 0
04-02 23:00:25.113  1727  1827 D CompatChangeReporter: Compat change id reported: 311208629; UID 10114; state: ENABLED
04-02 23:00:25.116  1727  1827 W JobScheduler: Job didn't exist in JobStore: 5a0103c {androidx.work.systemjobscheduler} #u0a114/570 #AnalyticsFlushWorker#@androidx.work.systemjobscheduler@com.twitter.android/androidx.work.impl.background.systemjob.SystemJobService
04-02 23:00:25.231 23796  1953 E ActivityThread: Failed to find provider info for gmail-ofls
04-02 23:00:25.378  1727  2334 D BackgroundInstallControlService: Package event received: 0
04-02 23:00:25.443  1727  2211 D HintManagerService: Starts cleaning for 10388
04-02 23:00:25.597  1727  2823 W ActivityManager: Background start not allowed: service Intent { act=com.whatsapp.messageservice.messaging.MessageService.START xflg=0x4 cmp=com.whatsapp.w4b/com.whatsapp.messageservice.messaging.MessageService } to com.whatsapp.w4b/com.whatsapp.messageservice.messaging.MessageService from pid=27917 uid=10350 pkg=com.whatsapp.w4b startFg?=false
04-02 23:00:25.605  1727  3966 W ActivityManager: Background start not allowed: service Intent { act=com.whatsapp.messageservice.messaging.MessageService.START xflg=0x4 cmp=com.whatsapp/.messageservice.messaging.MessageService } to com.whatsapp/.messageservice.messaging.MessageService from pid=14629 uid=10347 pkg=com.whatsapp startFg?=false
04-02 23:00:26.592  1727  1858 I AppsFilter: interaction: PackageSetting{342abf0 com.google.android.microdroid.empty_payload/10303} -> PackageSetting{6e3f8a4 com.carenet.app/10388} BLOCKED
04-02 23:00:26.592  1727  1858 I AppsFilter: interaction: PackageSetting{d0ddea com.example.listynest/10277} -> PackageSetting{6e3f8a4 com.carenet.app/10388} BLOCKED
04-02 23:00:26.594  1727  1858 I AppsFilter: interaction: PackageSetting{342abf0 com.google.android.microdroid.empty_payload/10303} -> PackageSetting{6e3f8a4 com.carenet.app/10388} BLOCKED
04-02 23:00:26.594  1727  1858 I AppsFilter: interaction: PackageSetting{d0ddea com.example.listynest/10277} -> PackageSetting{6e3f8a4 com.carenet.app/10388} BLOCKED
04-02 23:00:26.598  1727  1858 I AppsFilter: interaction: PackageSetting{342abf0 com.google.android.microdroid.empty_payload/10303} -> PackageSetting{9b07bde com.carenet.app/10388} BLOCKED
04-02 23:00:26.598  1727  1858 I AppsFilter: interaction: PackageSetting{d0ddea com.example.listynest/10277} -> PackageSetting{9b07bde com.carenet.app/10388} BLOCKED
04-02 23:00:26.599  1727  1858 I AppsFilter: interaction: PackageSetting{342abf0 com.google.android.microdroid.empty_payload/10303} -> PackageSetting{9b07bde com.carenet.app/10388} BLOCKED
04-02 23:00:26.599  1727  1858 I AppsFilter: interaction: PackageSetting{d0ddea com.example.listynest/10277} -> PackageSetting{9b07bde com.carenet.app/10388} BLOCKED
04-02 23:00:26.608  1727  1858 I PackageManager: Update package com.carenet.app code path from /data/app/~~Kn40uA_cRuVvfc_7QBnGLQ==/com.carenet.app-WUIgtaW_3pe3pdF9Uqb_WA== to /data/app/~~bGxytNYsgrZ9wGmsBuoq5g==/com.carenet.app-qvu-9a_oKQs8gUHt8TYKcw==; Retain data and using new
04-02 23:00:26.736  1727  1799 I ActivityManager: Force stopping com.carenet.app appid=10388 user=-1: installPackageLI
04-02 23:00:26.742  1727  1799 I ActivityManager: Killing 10406:com.carenet.app/u0a388 (adj 0): stop com.carenet.app due to installPackageLI
04-02 23:00:26.754  1727  1799 D CompatChangeReporter: Compat change id reported: 261072174; UID 10388; state: ENABLED
04-02 23:00:26.761  1727  1799 W ActivityTaskManager: Force removing ActivityRecord{32511790 u0 com.carenet.app/.MainActivity t50 f}}: app died, no saved state
04-02 23:00:26.762  1727  1799 E TransitionChain: Can't collect into a chain with no transition
04-02 23:00:26.762  1727  1799 E TransitionChain: Can't collect into a chain with no transition
04-02 23:00:26.762  1727  2199 W UsageStatsService: Unexpected activity event reported! (com.carenet.app/com.carenet.app.MainActivity event : 23 instanceId : 49664292)
04-02 23:00:26.768   545  9988 I keystore2: system/security/keystore2/watchdog/src/lib.rs:371 - Watchdog thread idle -> terminating. Have a great day.
04-02 23:00:26.777  1727  1799 I ActivityManager: Killing 10469:com.google.android.webview:sandboxed_process0:org.chromium.content.app.SandboxedProcessService0:0/u0a388i46 (adj 0): isolated not needed
04-02 23:00:26.805  1727  2334 D BackgroundInstallControlService: Package event received: 0
04-02 23:00:26.806  1727  2334 D BackgroundInstallControlService: Package event received: 0
04-02 23:00:26.807  1727  1858 I PackageManager: installation completed for package:com.carenet.app. Final code path: /data/app/~~bGxytNYsgrZ9wGmsBuoq5g==/com.carenet.app-qvu-9a_oKQs8gUHt8TYKcw==
04-02 23:00:26.808  1727  1858 I AppsFilter: interaction: PackageSetting{17347b3 com.google.android.microdroid.empty_payload/10303} -> PackageSetting{5604170 com.carenet.app/10388} BLOCKED
04-02 23:00:26.808  1727  1858 I AppsFilter: interaction: PackageSetting{a8c2ce9 com.example.listynest/10277} -> PackageSetting{5604170 com.carenet.app/10388} BLOCKED
04-02 23:00:26.809  1727  2334 D BackgroundInstallControlService: Package event received: 0
04-02 23:00:26.809  1727  2334 D BackgroundInstallControlService: Package event received: 0
04-02 23:00:26.812  1727  1858 I AppsFilter: interaction: PackageSetting{17347b3 com.google.android.microdroid.empty_payload/10303} -> PackageSetting{5604170 com.carenet.app/10388} BLOCKED
04-02 23:00:26.812  1727  1858 I AppsFilter: interaction: PackageSetting{a8c2ce9 com.example.listynest/10277} -> PackageSetting{5604170 com.carenet.app/10388} BLOCKED
04-02 23:00:26.815  1727  2334 D BackgroundInstallControlService: Package event received: 0
04-02 23:00:26.816  1727  2334 D BackgroundInstallControlService: Package event received: 0
04-02 23:00:26.822 23796  1953 E ActivityThread: Failed to find provider info for gmail-ofls
04-02 23:00:26.876  1727  2800 V ActivityManager: Got obituary of 10406:com.carenet.app
04-02 23:00:26.879  1727  1788 W ActivityManager: setHasOverlayUi called on unknown pid: 10406
04-02 23:00:26.891  1727  1858 I ActivityManager: Force stopping com.carenet.app appid=10388 user=10: pkg removed
04-02 23:00:26.906  1727  1858 I ActivityManager: Force stopping com.carenet.app appid=10388 user=0: pkg removed
04-02 23:00:26.911  1727  1858 W ActivityManager: pid 1727 system sent binder code 22 with flags 1 and got error -32
04-02 23:00:26.914  1727  3966 W AppOpService: Ignored setUidMode call for runtime permission app op: uid = 10272, code = RECEIVE_WAP_PUSH, mode = allow, callingUid = 1001, oldMode = allow
04-02 23:00:26.915  1727  3966 W AppOpService: Ignored setUidMode call for runtime permission app op: uid = 10272, code = READ_CELL_BROADCASTS, mode = allow, callingUid = 1001, oldMode = allow
04-02 23:00:26.929  1727  3966 W AppOpService: Ignored setUidMode call for runtime permission app op: uid = 1001, code = READ_SMS, mode = allow, callingUid = 1001, oldMode = allow
04-02 23:00:26.935  1727  2333 D ShortcutService: received package broadcast intent: Intent { act=android.intent.action.PACKAGE_REMOVED dat=package: flg=0x4000010 (has extras) }
04-02 23:00:26.939  1727  1727 W ActivityManager: Unable to start service Intent { act=android.intent.action.PACKAGE_REMOVED xflg=0x4 cmp=com.android.keychain/.KeyChainService } U=10: not found
04-02 23:00:26.942  1727  4017 W AppOpService: Ignored setUidMode call for runtime permission app op: uid = 1001, code = RECEIVE_SMS, mode = allow, callingUid = 1001, oldMode = allow
04-02 23:00:26.943  1727  4017 W AppOpService: Ignored setUidMode call for runtime permission app op: uid = 1001, code = RECEIVE_WAP_PUSH, mode = allow, callingUid = 1001, oldMode = allow
04-02 23:00:26.943  1727  4017 W AppOpService: Ignored setUidMode call for runtime permission app op: uid = 1001, code = SEND_SMS, mode = allow, callingUid = 1001, oldMode = allow
04-02 23:00:26.943  1727  4017 W AppOpService: Ignored setUidMode call for runtime permission app op: uid = 1001, code = READ_CELL_BROADCASTS, mode = allow, callingUid = 1001, oldMode = allow
