04-02 23:00:26.945  1727  2243 W PackageConfigPersister: App-specific configuration not found for packageName: com.carenet.app and userId: 0
04-02 23:00:26.946  1727  2243 W PackageConfigPersister: App-specific configuration not found for packageName: com.carenet.app and userId: 10
04-02 23:00:26.953  1727  2333 D ShortcutService: received package broadcast intent: Intent { act=android.intent.action.PACKAGE_ADDED dat=package: flg=0x4000010 (has extras) }
04-02 23:00:26.953  1727  2333 D ShortcutService: replacing package: com.carenet.app userId=0
04-02 23:00:26.960  1727  2290 E AppOps  : attributionTag VCN not declared in manifest of android
04-02 23:00:26.961 13477 13477 D ActivityThread: Package [com.carenet.app] reported as REPLACED, but missing application info. Assuming REMOVED.
04-02 23:00:26.961 13010 13010 D ActivityThread: Package [com.carenet.app] reported as REPLACED, but missing application info. Assuming REMOVED.
04-02 23:00:26.961  3660  3660 D ActivityThread: Package [com.carenet.app] reported as REPLACED, but missing application info. Assuming REMOVED.
04-02 23:00:26.961 14629 14629 D ActivityThread: Package [com.carenet.app] reported as REPLACED, but missing application info. Assuming REMOVED.
04-02 23:00:26.961 14411 14411 D ActivityThread: Package [com.carenet.app] reported as REPLACED, but missing application info. Assuming REMOVED.
04-02 23:00:26.962  4544  4544 D ActivityThread: Package [com.carenet.app] reported as REPLACED, but missing application info. Assuming REMOVED.
04-02 23:00:26.962 28406 28406 D ActivityThread: Package [com.carenet.app] reported as REPLACED, but missing application info. Assuming REMOVED.
04-02 23:00:26.962  2827  2827 D ActivityThread: Package [com.carenet.app] reported as REPLACED, but missing application info. Assuming REMOVED.
04-02 23:00:26.962  2878  2878 D ActivityThread: Package [com.carenet.app] reported as REPLACED, but missing application info. Assuming REMOVED.
04-02 23:00:26.962  4075  4075 D ActivityThread: Package [com.carenet.app] reported as REPLACED, but missing application info. Assuming REMOVED.
04-02 23:00:26.962  6718  6718 D ActivityThread: Package [com.carenet.app] reported as REPLACED, but missing application info. Assuming REMOVED.
04-02 23:00:26.962  9452  9452 D ActivityThread: Package [com.carenet.app] reported as REPLACED, but missing application info. Assuming REMOVED.
04-02 23:00:26.962  6633  6633 D ActivityThread: Package [com.carenet.app] reported as REPLACED, but missing application info. Assuming REMOVED.
04-02 23:00:26.962  3060  3060 D ActivityThread: Package [com.carenet.app] reported as REPLACED, but missing application info. Assuming REMOVED.
04-02 23:00:26.962  9733  9733 D ActivityThread: Package [com.carenet.app] reported as REPLACED, but missing application info. Assuming REMOVED.
04-02 23:00:26.963  3311  3311 D ActivityThread: Package [com.carenet.app] reported as REPLACED, but missing application info. Assuming REMOVED.
04-02 23:00:26.963 27917 27917 D ActivityThread: Package [com.carenet.app] reported as REPLACED, but missing application info. Assuming REMOVED.
04-02 23:00:26.963 21254 21254 D ActivityThread: Package [com.carenet.app] reported as REPLACED, but missing application info. Assuming REMOVED.
04-02 23:00:26.963 17182 17182 D ActivityThread: Package [com.carenet.app] reported as REPLACED, but missing application info. Assuming REMOVED.
04-02 23:00:26.963 10222 10222 D ActivityThread: Package [com.carenet.app] reported as REPLACED, but missing application info. Assuming REMOVED.
04-02 23:00:26.963 10423 10423 D ActivityThread: Package [com.carenet.app] reported as REPLACED, but missing application info. Assuming REMOVED.
04-02 23:00:26.963 28745 28745 D ActivityThread: Package [com.carenet.app] reported as REPLACED, but missing application info. Assuming REMOVED.
04-02 23:00:26.963  3871  3871 D ActivityThread: Package [com.carenet.app] reported as REPLACED, but missing application info. Assuming REMOVED.
04-02 23:00:26.963 10152 10152 D ActivityThread: Package [com.carenet.app] reported as REPLACED, but missing application info. Assuming REMOVED.
04-02 23:00:26.963  2832  2832 D ActivityThread: Package [com.carenet.app] reported as REPLACED, but missing application info. Assuming REMOVED.
04-02 23:00:26.963  3263  3263 D ActivityThread: Package [com.carenet.app] reported as REPLACED, but missing application info. Assuming REMOVED.
04-02 23:00:26.964 23796 23796 D ActivityThread: Package [com.carenet.app] reported as REPLACED, but missing application info. Assuming REMOVED.
04-02 23:00:26.964 21200 21200 D ActivityThread: Package [com.carenet.app] reported as REPLACED, but missing application info. Assuming REMOVED.
04-02 23:00:26.964 20677 20677 D ActivityThread: Package [com.carenet.app] reported as REPLACED, but missing application info. Assuming REMOVED.
04-02 23:00:26.965  3978  3978 D ActivityThread: Package [com.carenet.app] reported as REPLACED, but missing application info. Assuming REMOVED.
04-02 23:00:26.965  9995  9995 D ActivityThread: Package [com.carenet.app] reported as REPLACED, but missing application info. Assuming REMOVED.
04-02 23:00:26.965  3815  3815 D ActivityThread: Package [com.carenet.app] reported as REPLACED, but missing application info. Assuming REMOVED.
04-02 23:00:26.966 19022 19022 D ActivityThread: Package [com.carenet.app] reported as REPLACED, but missing application info. Assuming REMOVED.
04-02 23:00:26.966  5139  5139 D ActivityThread: Package [com.carenet.app] reported as REPLACED, but missing application info. Assuming REMOVED.
04-02 23:00:26.966 23459 23459 D ActivityThread: Package [com.carenet.app] reported as REPLACED, but missing application info. Assuming REMOVED.
04-02 23:00:26.966 21148 21148 D ActivityThread: Package [com.carenet.app] reported as REPLACED, but missing application info. Assuming REMOVED.
04-02 23:00:26.966  3319  3319 D ActivityThread: Package [com.carenet.app] reported as REPLACED, but missing application info. Assuming REMOVED.
04-02 23:00:26.966  2475  2475 D ActivityThread: Package [com.carenet.app] reported as REPLACED, but missing application info. Assuming REMOVED.
04-02 23:00:26.966  4253  4253 D ActivityThread: Package [com.carenet.app] reported as REPLACED, but missing application info. Assuming REMOVED.
04-02 23:00:26.966  9923  9923 D ActivityThread: Package [com.carenet.app] reported as REPLACED, but missing application info. Assuming REMOVED.
04-02 23:00:26.967  3019  3019 D ActivityThread: Package [com.carenet.app] reported as REPLACED, but missing application info. Assuming REMOVED.
04-02 23:00:26.967  4529  4529 D ActivityThread: Package [com.carenet.app] reported as REPLACED, but missing application info. Assuming REMOVED.
04-02 23:00:26.967  5372  5372 D ActivityThread: Package [com.carenet.app] reported as REPLACED, but missing application info. Assuming REMOVED.
04-02 23:00:26.967  6702  6702 D ActivityThread: Package [com.carenet.app] reported as REPLACED, but missing application info. Assuming REMOVED.
04-02 23:00:26.967 13548 13548 D ActivityThread: Package [com.carenet.app] reported as REPLACED, but missing application info. Assuming REMOVED.
04-02 23:00:26.967  3716  3716 D ActivityThread: Package [com.carenet.app] reported as REPLACED, but missing application info. Assuming REMOVED.
04-02 23:00:26.967 26570 26570 D ActivityThread: Package [com.carenet.app] reported as REPLACED, but missing application info. Assuming REMOVED.
04-02 23:00:26.967 21034 21034 D ActivityThread: Package [com.carenet.app] reported as REPLACED, but missing application info. Assuming REMOVED.
04-02 23:00:26.967  3288  3288 D ActivityThread: Package [com.carenet.app] reported as REPLACED, but missing application info. Assuming REMOVED.
04-02 23:00:26.968  2700  2700 D ActivityThread: Package [com.carenet.app] reported as REPLACED, but missing application info. Assuming REMOVED.
04-02 23:00:26.968  2701  2701 D ActivityThread: Package [com.carenet.app] reported as REPLACED, but missing application info. Assuming REMOVED.
04-02 23:00:26.968  3803  3803 D ActivityThread: Package [com.carenet.app] reported as REPLACED, but missing application info. Assuming REMOVED.
04-02 23:00:26.968  2675  2675 D ActivityThread: Package [com.carenet.app] reported as REPLACED, but missing application info. Assuming REMOVED.
04-02 23:00:26.968  2695  2695 D ActivityThread: Package [com.carenet.app] reported as REPLACED, but missing application info. Assuming REMOVED.
04-02 23:00:26.968  2697  2697 D ActivityThread: Package [com.carenet.app] reported as REPLACED, but missing application info. Assuming REMOVED.
04-02 23:00:26.968  2654  2654 D ActivityThread: Package [com.carenet.app] reported as REPLACED, but missing application info. Assuming REMOVED.
04-02 23:00:26.969  2744  2744 D ActivityThread: Package [com.carenet.app] reported as REPLACED, but missing application info. Assuming REMOVED.
04-02 23:00:26.969  2660  2660 D ActivityThread: Package [com.carenet.app] reported as REPLACED, but missing application info. Assuming REMOVED.
04-02 23:00:26.969  2762  2762 D ActivityThread: Package [com.carenet.app] reported as REPLACED, but missing application info. Assuming REMOVED.
04-02 23:00:26.969  2633  2633 D ActivityThread: Package [com.carenet.app] reported as REPLACED, but missing application info. Assuming REMOVED.
04-02 23:00:26.969  2599  2599 D ActivityThread: Package [com.carenet.app] reported as REPLACED, but missing application info. Assuming REMOVED.
04-02 23:00:26.969  2473  2473 D ActivityThread: Package [com.carenet.app] reported as REPLACED, but missing application info. Assuming REMOVED.
04-02 23:00:26.969  3727  3727 D ActivityThread: Package [com.carenet.app] reported as REPLACED, but missing application info. Assuming REMOVED.
04-02 23:00:26.970  2757  2757 D ActivityThread: Package [com.carenet.app] reported as REPLACED, but missing application info. Assuming REMOVED.
04-02 23:00:26.972 13477 13477 D ActivityThread: Package [com.carenet.app] reported as REPLACED, but missing application info. Assuming REMOVED.
04-02 23:00:26.972 13010 13010 D ActivityThread: Package [com.carenet.app] reported as REPLACED, but missing application info. Assuming REMOVED.
04-02 23:00:26.973  3660  3660 D ActivityThread: Package [com.carenet.app] reported as REPLACED, but missing application info. Assuming REMOVED.
04-02 23:00:26.973 14411 14411 D ActivityThread: Package [com.carenet.app] reported as REPLACED, but missing application info. Assuming REMOVED.
04-02 23:00:26.973  2878  2878 D ActivityThread: Package [com.carenet.app] reported as REPLACED, but missing application info. Assuming REMOVED.
04-02 23:00:26.973  2827  2827 D ActivityThread: Package [com.carenet.app] reported as REPLACED, but missing application info. Assuming REMOVED.
04-02 23:00:26.973  4544  4544 D ActivityThread: Package [com.carenet.app] reported as REPLACED, but missing application info. Assuming REMOVED.
04-02 23:00:26.974  3060  3060 D ActivityThread: Package [com.carenet.app] reported as REPLACED, but missing application info. Assuming REMOVED.
04-02 23:00:26.974  5139  5139 D ActivityThread: Package [com.carenet.app] reported as REPLACED, but missing application info. Assuming REMOVED.
04-02 23:00:26.975 13548 13548 D ActivityThread: Package [com.carenet.app] reported as REPLACED, but missing application info. Assuming REMOVED.
04-02 23:00:26.975  3727  3727 D ActivityThread: Package [com.carenet.app] reported as REPLACED, but missing application info. Assuming REMOVED.
04-02 23:00:26.975  3311  3311 D ActivityThread: Package [com.carenet.app] reported as REPLACED, but missing application info. Assuming REMOVED.
04-02 23:00:26.975 27917 27917 D ActivityThread: Package [com.carenet.app] reported as REPLACED, but missing application info. Assuming REMOVED.
04-02 23:00:26.975  3716  3716 D ActivityThread: Package [com.carenet.app] reported as REPLACED, but missing application info. Assuming REMOVED.
04-02 23:00:26.975  2473  2473 D ActivityThread: Package [com.carenet.app] reported as REPLACED, but missing application info. Assuming REMOVED.
04-02 23:00:26.975  2832  2832 D ActivityThread: Package [com.carenet.app] reported as REPLACED, but missing application info. Assuming REMOVED.
04-02 23:00:26.976  2757  2757 D ActivityThread: Package [com.carenet.app] reported as REPLACED, but missing application info. Assuming REMOVED.
04-02 23:00:26.976 21200 21200 D ActivityThread: Package [com.carenet.app] reported as REPLACED, but missing application info. Assuming REMOVED.
04-02 23:00:26.976  2695  2695 D ActivityThread: Package [com.carenet.app] reported as REPLACED, but missing application info. Assuming REMOVED.
04-02 23:00:26.976 20677 20677 D ActivityThread: Package [com.carenet.app] reported as REPLACED, but missing application info. Assuming REMOVED.
04-02 23:00:26.976  2599  2599 D ActivityThread: Package [com.carenet.app] reported as REPLACED, but missing application info. Assuming REMOVED.
04-02 23:00:26.976  2744  2744 D ActivityThread: Package [com.carenet.app] reported as REPLACED, but missing application info. Assuming REMOVED.
04-02 23:00:26.976 17182 17182 D ActivityThread: Package [com.carenet.app] reported as REPLACED, but missing application info. Assuming REMOVED.
04-02 23:00:26.976  2633  2633 D ActivityThread: Package [com.carenet.app] reported as REPLACED, but missing application info. Assuming REMOVED.
04-02 23:00:26.976  2701  2701 D ActivityThread: Package [com.carenet.app] reported as REPLACED, but missing application info. Assuming REMOVED.
04-02 23:00:26.976  6718  6718 D ActivityThread: Package [com.carenet.app] reported as REPLACED, but missing application info. Assuming REMOVED.
04-02 23:00:26.976 23796 23796 D ActivityThread: Package [com.carenet.app] reported as REPLACED, but missing application info. Assuming REMOVED.
04-02 23:00:26.976  2654  2654 D ActivityThread: Package [com.carenet.app] reported as REPLACED, but missing application info. Assuming REMOVED.
04-02 23:00:26.976  3978  3978 D ActivityThread: Package [com.carenet.app] reported as REPLACED, but missing application info. Assuming REMOVED.
04-02 23:00:26.976  2660  2660 D ActivityThread: Package [com.carenet.app] reported as REPLACED, but missing application info. Assuming REMOVED.
04-02 23:00:26.976  2762  2762 D ActivityThread: Package [com.carenet.app] reported as REPLACED, but missing application info. Assuming REMOVED.
04-02 23:00:26.976  3815  3815 D ActivityThread: Package [com.carenet.app] reported as REPLACED, but missing application info. Assuming REMOVED.
04-02 23:00:26.976 19022 19022 D ActivityThread: Package [com.carenet.app] reported as REPLACED, but missing application info. Assuming REMOVED.
04-02 23:00:26.976 21148 21148 D ActivityThread: Package [com.carenet.app] reported as REPLACED, but missing application info. Assuming REMOVED.
04-02 23:00:26.977  9995  9995 D ActivityThread: Package [com.carenet.app] reported as REPLACED, but missing application info. Assuming REMOVED.
04-02 23:00:26.977  9923  9923 D ActivityThread: Package [com.carenet.app] reported as REPLACED, but missing application info. Assuming REMOVED.
04-02 23:00:26.977  2475  2475 D ActivityThread: Package [com.carenet.app] reported as REPLACED, but missing application info. Assuming REMOVED.
04-02 23:00:26.977 23459 23459 D ActivityThread: Package [com.carenet.app] reported as REPLACED, but missing application info. Assuming REMOVED.
04-02 23:00:26.977  9733  9733 D ActivityThread: Package [com.carenet.app] reported as REPLACED, but missing application info. Assuming REMOVED.
04-02 23:00:26.977 10222 10222 D ActivityThread: Package [com.carenet.app] reported as REPLACED, but missing application info. Assuming REMOVED.
04-02 23:00:26.977 10423 10423 D ActivityThread: Package [com.carenet.app] reported as REPLACED, but missing application info. Assuming REMOVED.
04-02 23:00:26.977  3319  3319 D ActivityThread: Package [com.carenet.app] reported as REPLACED, but missing application info. Assuming REMOVED.
04-02 23:00:26.978  4253  4253 D ActivityThread: Package [com.carenet.app] reported as REPLACED, but missing application info. Assuming REMOVED.
04-02 23:00:26.978 10152 10152 D ActivityThread: Package [com.carenet.app] reported as REPLACED, but missing application info. Assuming REMOVED.
04-02 23:00:26.978  3019  3019 D ActivityThread: Package [com.carenet.app] reported as REPLACED, but missing application info. Assuming REMOVED.
04-02 23:00:26.978 28406 28406 D ActivityThread: Package [com.carenet.app] reported as REPLACED, but missing application info. Assuming REMOVED.
04-02 23:00:26.978  5372  5372 D ActivityThread: Package [com.carenet.app] reported as REPLACED, but missing application info. Assuming REMOVED.
04-02 23:00:26.978  4075  4075 D ActivityThread: Package [com.carenet.app] reported as REPLACED, but missing application info. Assuming REMOVED.
04-02 23:00:26.978 28745 28745 D ActivityThread: Package [com.carenet.app] reported as REPLACED, but missing application info. Assuming REMOVED.
04-02 23:00:26.979  6633  6633 D ActivityThread: Package [com.carenet.app] reported as REPLACED, but missing application info. Assuming REMOVED.
04-02 23:00:26.979  9452  9452 D ActivityThread: Package [com.carenet.app] reported as REPLACED, but missing application info. Assuming REMOVED.
04-02 23:00:26.979  3288  3288 D ActivityThread: Package [com.carenet.app] reported as REPLACED, but missing application info. Assuming REMOVED.
04-02 23:00:26.979  3263  3263 D ActivityThread: Package [com.carenet.app] reported as REPLACED, but missing application info. Assuming REMOVED.
04-02 23:00:26.980 21254 21254 D ActivityThread: Package [com.carenet.app] reported as REPLACED, but missing application info. Assuming REMOVED.
04-02 23:00:26.980  4529  4529 D ActivityThread: Package [com.carenet.app] reported as REPLACED, but missing application info. Assuming REMOVED.
04-02 23:00:26.980  6702  6702 D ActivityThread: Package [com.carenet.app] reported as REPLACED, but missing application info. Assuming REMOVED.
04-02 23:00:26.981 14629 14629 D ActivityThread: Package [com.carenet.app] reported as REPLACED, but missing application info. Assuming REMOVED.
04-02 23:00:26.981 21034 21034 D ActivityThread: Package [com.carenet.app] reported as REPLACED, but missing application info. Assuming REMOVED.
04-02 23:00:26.982  1727  1858 D PackageInstallerSession: Marking session 633161994 as applied
04-02 23:00:26.982  2697  2697 D ActivityThread: Package [com.carenet.app] reported as REPLACED, but missing application info. Assuming REMOVED.
04-02 23:00:26.982 26570 26570 D ActivityThread: Package [com.carenet.app] reported as REPLACED, but missing application info. Assuming REMOVED.
04-02 23:00:26.983  2675  2675 D ActivityThread: Package [com.carenet.app] reported as REPLACED, but missing application info. Assuming REMOVED.
04-02 23:00:26.986  2700  2700 D ActivityThread: Package [com.carenet.app] reported as REPLACED, but missing application info. Assuming REMOVED.
04-02 23:00:26.986  3803  3803 D ActivityThread: Package [com.carenet.app] reported as REPLACED, but missing application info. Assuming REMOVED.
04-02 23:00:26.987  1727  2800 W AppOpService: Ignored setUidMode call for runtime permission app op: uid = 10272, code = RECEIVE_WAP_PUSH, mode = allow, callingUid = 1001, oldMode = allow
04-02 23:00:26.988  1727  2800 W AppOpService: Ignored setUidMode call for runtime permission app op: uid = 10272, code = READ_CELL_BROADCASTS, mode = allow, callingUid = 1001, oldMode = allow
04-02 23:00:26.993  1727  2780 W AppOpService: Ignored setUidMode call for runtime permission app op: uid = 1001, code = READ_SMS, mode = allow, callingUid = 1001, oldMode = allow
04-02 23:00:26.993  1727  2780 W AppOpService: Ignored setUidMode call for runtime permission app op: uid = 1001, code = RECEIVE_SMS, mode = allow, callingUid = 1001, oldMode = allow
04-02 23:00:26.993  1727  2780 W AppOpService: Ignored setUidMode call for runtime permission app op: uid = 1001, code = RECEIVE_WAP_PUSH, mode = allow, callingUid = 1001, oldMode = allow
04-02 23:00:26.993  1727  2780 W AppOpService: Ignored setUidMode call for runtime permission app op: uid = 1001, code = SEND_SMS, mode = allow, callingUid = 1001, oldMode = allow
04-02 23:00:26.993  1727  2780 W AppOpService: Ignored setUidMode call for runtime permission app op: uid = 1001, code = READ_CELL_BROADCASTS, mode = allow, callingUid = 1001, oldMode = allow
04-02 23:00:26.996  3871  3871 D ActivityThread: Package [com.carenet.app] reported as REPLACED, but missing application info. Assuming REMOVED.
04-02 23:00:27.001  1727  2334 D BackgroundInstallControlService: Package event received: 0
04-02 23:00:27.004  1727  2334 D BackgroundInstallControlService: Package event received: 0
04-02 23:00:27.010  1727  1727 I Telecom : CarModeTracker: Package com.carenet.app is not tracked.: SSH.oR@EpM
04-02 23:00:27.010  1727  1727 I Telecom : InCallController: updateCarModeForConnections: car mode apps: : SSH.oR@EpM
04-02 23:00:27.010  1727  1727 I Telecom : InCallController: update carmode current:UserHandle{0} parent:null: SSH.oR@EpM
04-02 23:00:27.018  1727  2482 W AppOpService: Ignored setUidMode call for runtime permission app op: uid = 10272, code = RECEIVE_WAP_PUSH, mode = allow, callingUid = 1001, oldMode = allow
04-02 23:00:27.018  1727  2482 W AppOpService: Ignored setUidMode call for runtime permission app op: uid = 10272, code = READ_CELL_BROADCASTS, mode = allow, callingUid = 1001, oldMode = allow
04-02 23:00:27.019  1727  2482 W AppOpService: Ignored setUidMode call for runtime permission app op: uid = 1001, code = READ_SMS, mode = allow, callingUid = 1001, oldMode = allow
04-02 23:00:27.019  1727  2482 W AppOpService: Ignored setUidMode call for runtime permission app op: uid = 1001, code = RECEIVE_SMS, mode = allow, callingUid = 1001, oldMode = allow
04-02 23:00:27.019  1727  2482 W AppOpService: Ignored setUidMode call for runtime permission app op: uid = 1001, code = RECEIVE_WAP_PUSH, mode = allow, callingUid = 1001, oldMode = allow
04-02 23:00:27.019  1727  2482 W AppOpService: Ignored setUidMode call for runtime permission app op: uid = 1001, code = SEND_SMS, mode = allow, callingUid = 1001, oldMode = allow
04-02 23:00:27.019  1727  2482 W AppOpService: Ignored setUidMode call for runtime permission app op: uid = 1001, code = READ_CELL_BROADCASTS, mode = allow, callingUid = 1001, oldMode = allow
04-02 23:00:27.023  1727  2482 W AppOpService: Ignored setUidMode call for runtime permission app op: uid = 10272, code = RECEIVE_WAP_PUSH, mode = allow, callingUid = 1001, oldMode = allow
04-02 23:00:27.023  1727  2482 W AppOpService: Ignored setUidMode call for runtime permission app op: uid = 10272, code = READ_CELL_BROADCASTS, mode = allow, callingUid = 1001, oldMode = allow
04-02 23:00:27.024  1727  2482 W AppOpService: Ignored setUidMode call for runtime permission app op: uid = 1001, code = READ_SMS, mode = allow, callingUid = 1001, oldMode = allow
04-02 23:00:27.024  1727  2482 W AppOpService: Ignored setUidMode call for runtime permission app op: uid = 1001, code = RECEIVE_SMS, mode = allow, callingUid = 1001, oldMode = allow
04-02 23:00:27.024  1727  2482 W AppOpService: Ignored setUidMode call for runtime permission app op: uid = 1001, code = RECEIVE_WAP_PUSH, mode = allow, callingUid = 1001, oldMode = allow
04-02 23:00:27.024  1727  2482 W AppOpService: Ignored setUidMode call for runtime permission app op: uid = 1001, code = SEND_SMS, mode = allow, callingUid = 1001, oldMode = allow
04-02 23:00:27.024  1727  2482 W AppOpService: Ignored setUidMode call for runtime permission app op: uid = 1001, code = READ_CELL_BROADCASTS, mode = allow, callingUid = 1001, oldMode = allow
04-02 23:00:27.030  1727  1727 D AS.AudioService: received android.intent.action.PACKAGE_ADDED replacing: true archival: false for package com.carenet.app with uid 10388
04-02 23:00:27.046  1727  1727 D BackupManagerConstants: getFullBackupIntervalMilliseconds(...) returns 86400000
04-02 23:00:27.046  1727  1727 D BackupManagerConstants: getFullBackupRequiredNetworkType(...) returns 2
04-02 23:00:27.046  1727  1727 D BackupManagerConstants: getFullBackupRequireCharging(...) returns true
04-02 23:00:27.055  2738  2738 D ActivityThread: Package [com.carenet.app] reported as REPLACED, but missing application info. Assuming REMOVED.
04-02 23:00:27.056  2738  2738 D ActivityThread: Package [com.carenet.app] reported as REPLACED, but missing application info. Assuming REMOVED.
04-02 23:00:27.059  1727  1727 D AS.AudioService: received android.intent.action.PACKAGE_ADDED replacing: true archival: false for package com.carenet.app with uid 1010388
04-02 23:00:27.059  1727  1727 D ActivityThread: Package [com.carenet.app] reported as REPLACED, but missing application info. Assuming REMOVED.
04-02 23:00:27.060  1727  1727 D ActivityThread: Package [com.carenet.app] reported as REPLACED, but missing application info. Assuming REMOVED.
04-02 23:00:27.060  1727  2352 W ActivityManager: Unable to launch app com.google.android.permissioncontroller/1010224 for service Intent { act=android.permission.PermissionControllerService cmp=com.google.android.permissioncontroller/com.android.permissioncontroller.permission.service.PermissionControllerServiceImpl }: user 10 is stopped
04-02 23:00:27.063  1727  4017 W AppOpService: Ignored setUidMode call for runtime permission app op: uid = 10272, code = RECEIVE_WAP_PUSH, mode = allow, callingUid = 1001, oldMode = allow
04-02 23:00:27.064  1727  4017 W AppOpService: Ignored setUidMode call for runtime permission app op: uid = 10272, code = READ_CELL_BROADCASTS, mode = allow, callingUid = 1001, oldMode = allow
04-02 23:00:27.064  1727  2800 W AppOpService: Ignored setUidMode call for runtime permission app op: uid = 1001, code = READ_SMS, mode = allow, callingUid = 1001, oldMode = allow
04-02 23:00:27.065  1727  2800 W AppOpService: Ignored setUidMode call for runtime permission app op: uid = 1001, code = RECEIVE_SMS, mode = allow, callingUid = 1001, oldMode = allow
04-02 23:00:27.065  1727  2800 W AppOpService: Ignored setUidMode call for runtime permission app op: uid = 1001, code = RECEIVE_WAP_PUSH, mode = allow, callingUid = 1001, oldMode = allow
04-02 23:00:27.065  1727  2800 W AppOpService: Ignored setUidMode call for runtime permission app op: uid = 1001, code = SEND_SMS, mode = allow, callingUid = 1001, oldMode = allow
04-02 23:00:27.065  1727  2800 W AppOpService: Ignored setUidMode call for runtime permission app op: uid = 1001, code = READ_CELL_BROADCASTS, mode = allow, callingUid = 1001, oldMode = allow
04-02 23:00:27.074  1727  4020 W AppOpService: Ignored setUidMode call for runtime permission app op: uid = 10272, code = RECEIVE_WAP_PUSH, mode = allow, callingUid = 1001, oldMode = allow
04-02 23:00:27.075  1727  2800 W AppOpService: Ignored setUidMode call for runtime permission app op: uid = 10272, code = READ_CELL_BROADCASTS, mode = allow, callingUid = 1001, oldMode = allow
04-02 23:00:27.076  1727  4020 W AppOpService: Ignored setUidMode call for runtime permission app op: uid = 1001, code = READ_SMS, mode = allow, callingUid = 1001, oldMode = allow
04-02 23:00:27.076  1727  4020 W AppOpService: Ignored setUidMode call for runtime permission app op: uid = 1001, code = RECEIVE_SMS, mode = allow, callingUid = 1001, oldMode = allow
04-02 23:00:27.077  1727  4020 W AppOpService: Ignored setUidMode call for runtime permission app op: uid = 1001, code = RECEIVE_WAP_PUSH, mode = allow, callingUid = 1001, oldMode = allow
04-02 23:00:27.077  1727  2482 W AppOpService: Ignored setUidMode call for runtime permission app op: uid = 1001, code = SEND_SMS, mode = allow, callingUid = 1001, oldMode = allow
04-02 23:00:27.077  1727  2482 W AppOpService: Ignored setUidMode call for runtime permission app op: uid = 1001, code = READ_CELL_BROADCASTS, mode = allow, callingUid = 1001, oldMode = allow
04-02 23:00:27.079  2799  2799 D ActivityThread: Package [com.carenet.app] reported as REPLACED, but missing application info. Assuming REMOVED.
04-02 23:00:27.081  2799  2799 D ActivityThread: Package [com.carenet.app] reported as REPLACED, but missing application info. Assuming REMOVED.
04-02 23:00:27.086  1727 17287 I DevicePolicyManager: Found non test-only non precreated users, not allowing bypassing
04-02 23:00:27.089  1727  1727 D AS.AudioService: received android.intent.action.PACKAGE_REPLACED replacing: true archival: false for package com.carenet.app with uid 10388
04-02 23:00:27.095  1727  2601 I DevicePolicyManager: Found non test-only non precreated users, not allowing bypassing
04-02 23:00:27.096  1727  1727 D AS.AudioService: received android.intent.action.PACKAGE_REPLACED replacing: true archival: false for package com.carenet.app with uid 1010388
04-02 23:00:27.098  1727  1727 W AlarmManager: Package com.carenet.app, uid 10388 lost permission to set exact alarms!
04-02 23:00:27.098  1727  2601 I DevicePolicyManager: Found non test-only non precreated users, not allowing bypassing
04-02 23:00:27.100  1727  1727 W AlarmManager: Package com.carenet.app, uid 1010388 lost permission to set exact alarms!
04-02 23:00:27.114  1727 17287 I DevicePolicyManager: Found non test-only non precreated users, not allowing bypassing
04-02 23:00:27.118  1727 16963 V Configuration: Updating configuration, locales updated from [] to [en_US]
04-02 23:00:27.118  1727 16963 V Configuration: Updating configuration, locales updated from [] to [en_US]
04-02 23:00:27.118  1727 16963 V Configuration: Updating configuration, locales updated from [] to [en_US]
04-02 23:00:27.118  1727 16963 V Configuration: Updating configuration, locales updated from [] to [en_US]
04-02 23:00:27.118  1727 16963 V Configuration: Updating configuration, locales updated from [] to [en_US]
04-02 23:00:27.118  1727 16963 V Configuration: Updating configuration, locales updated from [] to [en_US]
04-02 23:00:27.118  1727 16963 V Configuration: Updating configuration, locales updated from [] to [en_US]
04-02 23:00:27.118  1727 16963 V Configuration: Updating configuration, locales updated from [] to [en_US]
04-02 23:00:27.118  1727 16963 V Configuration: Updating configuration, locales updated from [] to [en_US]
04-02 23:00:27.118  1727 16963 V Configuration: Updating configuration, locales updated from [] to [en_US]
04-02 23:00:27.118  1727 16963 V Configuration: Updating configuration, locales updated from [] to [en_US]
04-02 23:00:27.118  1727 16963 V Configuration: Updating configuration, locales updated from [] to [en_US]
04-02 23:00:27.118  1727 16963 V Configuration: Updating configuration, locales updated from [] to [en_US]
04-02 23:00:27.118  1727 16963 V Configuration: Updating configuration, locales updated from [] to [en_US]
04-02 23:00:27.118  1727 16963 V Configuration: Updating configuration, locales updated from [] to [en_US]
04-02 23:00:27.118  1727 16963 V Configuration: Updating configuration, locales updated from [] to [en_US]
04-02 23:00:27.139  1727 16963 V Configuration: Updating configuration, locales updated from [] to [en_US]
04-02 23:00:27.139  1727 16963 V Configuration: Updating configuration, locales updated from [] to [en_US]
04-02 23:00:27.140  1727 16963 D IntervalStats: Unable to parse usage stats packages: [28, 239, 270, 285, 289, 295, 303, 310, 335, 380, 406, 422, 430, 432, 475, 497, 542, 579, 621, 623, 624, 722, 793, 861, 963, 966, 972, 973, 987, 1081, 1088, 1133, 1138, 1141, 1142, 1157, 1160, 1165, 1172, 1180, 1182, 1230, 1231, 1232, 1233, 1243, 1244, 1245, 1246, 1248, 1250, 1251, 1252, 1255, 1260, 1269, 1271, 1272, 1273, 1274, 1275, 1276, 1279, 1310, 1311, 1312, 1313, 1314, 1315, 1316, 1318, 1320, 1321, 1322, 1328, 1339, 1340, 1345, 1346, 1351, 1352, 1353, 1354, 1356, 1357, 1386, 1387, 1388, 1397, 1402]
04-02 23:00:27.165  1727  2334 D BackgroundInstallControlService: Package event received: 0
04-02 23:00:27.165  1727  2334 D BackgroundInstallControlService: Package event received: 0
04-02 23:00:27.225  1727 16963 W UsageStatsService: Failed to query usage stats for locked user 10
04-02 23:00:27.376  1727  2482 V Configuration: Updating configuration, locales updated from [] to [en_US]
04-02 23:00:27.376  1727  2482 V Configuration: Updating configuration, locales updated from [] to [en_US]
04-02 23:00:27.376  1727  2482 V Configuration: Updating configuration, locales updated from [] to [en_US]
04-02 23:00:27.376  1727  2482 V Configuration: Updating configuration, locales updated from [] to [en_US]
04-02 23:00:27.376  1727  2482 V Configuration: Updating configuration, locales updated from [] to [en_US]
04-02 23:00:27.376  1727  2482 V Configuration: Updating configuration, locales updated from [] to [en_US]
04-02 23:00:27.376  1727  2482 V Configuration: Updating configuration, locales updated from [] to [en_US]
04-02 23:00:27.376  1727  2482 V Configuration: Updating configuration, locales updated from [] to [en_US]
04-02 23:00:27.376  1727  2482 V Configuration: Updating configuration, locales updated from [] to [en_US]
04-02 23:00:27.377  1727  2482 V Configuration: Updating configuration, locales updated from [] to [en_US]
04-02 23:00:27.377  1727  2482 V Configuration: Updating configuration, locales updated from [] to [en_US]
04-02 23:00:27.377  1727  2482 V Configuration: Updating configuration, locales updated from [] to [en_US]
04-02 23:00:27.377  1727  2482 V Configuration: Updating configuration, locales updated from [] to [en_US]
04-02 23:00:27.377  1727  2482 V Configuration: Updating configuration, locales updated from [] to [en_US]
04-02 23:00:27.377  1727  2482 V Configuration: Updating configuration, locales updated from [] to [en_US]
04-02 23:00:27.377  1727  2482 V Configuration: Updating configuration, locales updated from [] to [en_US]
04-02 23:00:27.377  1727  2482 V Configuration: Updating configuration, locales updated from [] to [en_US]
04-02 23:00:27.377  1727  2482 V Configuration: Updating configuration, locales updated from [] to [en_US]
04-02 23:00:27.378  1727  2482 D IntervalStats: Unable to parse usage stats packages: [28, 239, 270, 285, 289, 295, 303, 310, 335, 380, 406, 422, 430, 432, 475, 497, 542, 579, 621, 623, 624, 722, 793, 861, 963, 966, 972, 973, 987, 1081, 1088, 1133, 1138, 1141, 1142, 1157, 1160, 1165, 1172, 1180, 1182, 1230, 1231, 1232, 1233, 1243, 1244, 1245, 1246, 1248, 1250, 1251, 1252, 1255, 1260, 1269, 1271, 1272, 1273, 1274, 1275, 1276, 1279, 1310, 1311, 1312, 1313, 1314, 1315, 1316, 1318, 1320, 1321, 1322, 1328, 1339, 1340, 1345, 1346, 1351, 1352, 1353, 1354, 1356, 1357, 1386, 1387, 1388, 1397, 1402]
04-02 23:00:27.379  1727  3709 V Configuration: Updating configuration, locales updated from [en_US] to [af]
04-02 23:00:27.379  1727  3709 V Configuration: Updating configuration, locales updated from [en_US] to [af_ZA]
04-02 23:00:27.379  1727  3709 V Configuration: Updating configuration, locales updated from [en_US] to [am]
04-02 23:00:27.380  1727  3709 V Configuration: Updating configuration, locales updated from [en_US] to [am_ET]
04-02 23:00:27.381  1727  3709 V Configuration: Updating configuration, locales updated from [en_US] to [ar]
04-02 23:00:27.381  1727  3709 V Configuration: Updating configuration, locales updated from [en_US] to [ar_EG]
04-02 23:00:27.381  1727  3709 V Configuration: Updating configuration, locales updated from [en_US] to [ar_XB]
04-02 23:00:27.381  1727  3709 V Configuration: Updating configuration, locales updated from [en_US] to [as]
04-02 23:00:27.382  1727  3709 V Configuration: Updating configuration, locales updated from [en_US] to [az]
04-02 23:00:27.382  1727  3709 V Configuration: Updating configuration, locales updated from [en_US] to [be]
04-02 23:00:27.384  1727  3709 V Configuration: Updating configuration, locales updated from [en_US] to [bg]
04-02 23:00:27.384  1727  3709 V Configuration: Updating configuration, locales updated from [en_US] to [bg_BG]
04-02 23:00:27.388  1727  3709 V Configuration: Updating configuration, locales updated from [en_US] to [bn]
04-02 23:00:27.388  1727  3709 V Configuration: Updating configuration, locales updated from [en_US] to [bs]
04-02 23:00:27.389  1727  3709 V Configuration: Updating configuration, locales updated from [en_US] to [ca]
04-02 23:00:27.389  1727  3709 V Configuration: Updating configuration, locales updated from [en_US] to [ca_ES]
04-02 23:00:27.389  1727  3709 V Configuration: Updating configuration, locales updated from [en_US] to [cs]
04-02 23:00:27.390  1727  3709 V Configuration: Updating configuration, locales updated from [en_US] to [cs_CZ]
04-02 23:00:27.390  1727  3709 V Configuration: Updating configuration, locales updated from [en_US] to [da]
04-02 23:00:27.390  1727  3709 V Configuration: Updating configuration, locales updated from [en_US] to [da_DK]
04-02 23:00:27.391  1727  3709 V Configuration: Updating configuration, locales updated from [en_US] to [de]
04-02 23:00:27.391  1727  3709 V Configuration: Updating configuration, locales updated from [en_US] to [de_DE]
04-02 23:00:27.391  1727  3709 V Configuration: Updating configuration, locales updated from [en_US] to [el]
04-02 23:00:27.392  1727  3709 V Configuration: Updating configuration, locales updated from [en_US] to [el_GR]
04-02 23:00:27.393  1727  3709 V Configuration: Updating configuration, locales updated from [en_US] to [en]
04-02 23:00:27.393  1727  3709 V Configuration: Updating configuration, locales updated from [en_US] to [en_AU]
04-02 23:00:27.393  1727  3709 V Configuration: Updating configuration, locales updated from [en_US] to [en_CA]
04-02 23:00:27.393  1727  3709 V Configuration: Updating configuration, locales updated from [en_US] to [en_GB]
04-02 23:00:27.394  1727  3709 V Configuration: Updating configuration, locales updated from [en_US] to [en_IN]
04-02 23:00:27.394  1727  3709 V Configuration: Updating configuration, locales updated from [en_US] to [en_XA]
04-02 23:00:27.394  1727  3709 V Configuration: Updating configuration, locales updated from [en_US] to [en_XC]
04-02 23:00:27.395  1727  3709 V Configuration: Updating configuration, locales updated from [en_US] to [es]
04-02 23:00:27.396  1727  3709 V Configuration: Updating configuration, locales updated from [en_US] to [es_419]
04-02 23:00:27.396  1727  3709 V Configuration: Updating configuration, locales updated from [en_US] to [es_ES]
04-02 23:00:27.396  1727  3709 V Configuration: Updating configuration, locales updated from [en_US] to [es_US]
04-02 23:00:27.396  1727  3709 V Configuration: Updating configuration, locales updated from [en_US] to [et]
04-02 23:00:27.397  1727  3709 V Configuration: Updating configuration, locales updated from [en_US] to [et_EE]
04-02 23:00:27.397  1727  3709 V Configuration: Updating configuration, locales updated from [en_US] to [eu]
04-02 23:00:27.398  1727  3709 V Configuration: Updating configuration, locales updated from [en_US] to [fa]
04-02 23:00:27.398  1727  3709 V Configuration: Updating configuration, locales updated from [en_US] to [fa_IR]
04-02 23:00:27.398  1727  3709 V Configuration: Updating configuration, locales updated from [en_US] to [fi]
04-02 23:00:27.399  1727  3709 V Configuration: Updating configuration, locales updated from [en_US] to [fi_FI]
04-02 23:00:27.399  1727  3709 V Configuration: Updating configuration, locales updated from [en_US] to [fil]
04-02 23:00:27.399  1727  3709 V Configuration: Updating configuration, locales updated from [en_US] to [fil_PH]
04-02 23:00:27.399  1727  3709 V Configuration: Updating configuration, locales updated from [en_US] to [fr]
04-02 23:00:27.400  1727  3709 V Configuration: Updating configuration, locales updated from [en_US] to [fr_CA]
04-02 23:00:27.400  1727  3709 V Configuration: Updating configuration, locales updated from [en_US] to [fr_FR]
04-02 23:00:27.400  1727  3709 V Configuration: Updating configuration, locales updated from [en_US] to [gl]
04-02 23:00:27.401  1727  3709 V Configuration: Updating configuration, locales updated from [en_US] to [gu]
04-02 23:00:27.401  1727  3709 V Configuration: Updating configuration, locales updated from [en_US] to [hi]
04-02 23:00:27.401  1727  3709 V Configuration: Updating configuration, locales updated from [en_US] to [hi_IN]
04-02 23:00:27.401  1727  3709 V Configuration: Updating configuration, locales updated from [en_US] to [hr]
04-02 23:00:27.402  1727  3709 V Configuration: Updating configuration, locales updated from [en_US] to [hr_HR]
04-02 23:00:27.402  1727  3709 V Configuration: Updating configuration, locales updated from [en_US] to [hu]
04-02 23:00:27.402  1727  3709 V Configuration: Updating configuration, locales updated from [en_US] to [hu_HU]
04-02 23:00:27.403  1727  3709 V Configuration: Updating configuration, locales updated from [en_US] to [hy]
04-02 23:00:27.403  1727  3709 V Configuration: Updating configuration, locales updated from [en_US] to [id]
04-02 23:00:27.403  1727  3709 V Configuration: Updating configuration, locales updated from [en_US] to [id_ID]
04-02 23:00:27.403  1727  3709 V Configuration: Updating configuration, locales updated from [en_US] to [is]
04-02 23:00:27.404  1727  3709 V Configuration: Updating configuration, locales updated from [en_US] to [it]
04-02 23:00:27.404  1727  3709 V Configuration: Updating configuration, locales updated from [en_US] to [it_IT]
04-02 23:00:27.404  1727  3709 V Configuration: Updating configuration, locales updated from [en_US] to [he]
04-02 23:00:27.405  1727  3709 V Configuration: Updating configuration, locales updated from [en_US] to [he_IL]
04-02 23:00:27.405  1727  3709 V Configuration: Updating configuration, locales updated from [en_US] to [ja]
04-02 23:00:27.405  1727  3709 V Configuration: Updating configuration, locales updated from [en_US] to [ja_JP]
04-02 23:00:27.405  1727  3709 V Configuration: Updating configuration, locales updated from [en_US] to [ka]
04-02 23:00:27.406  1727  3709 V Configuration: Updating configuration, locales updated from [en_US] to [kk]
04-02 23:00:27.406  1727  3709 V Configuration: Updating configuration, locales updated from [en_US] to [km]
04-02 23:00:27.406  1727  3709 V Configuration: Updating configuration, locales updated from [en_US] to [kn]
04-02 23:00:27.407  1727  3709 V Configuration: Updating configuration, locales updated from [en_US] to [ko]
04-02 23:00:27.407  1727  3709 V Configuration: Updating configuration, locales updated from [en_US] to [ko_KR]
04-02 23:00:27.407  1727  3709 V Configuration: Updating configuration, locales updated from [en_US] to [ky]
04-02 23:00:27.407  1727  3709 V Configuration: Updating configuration, locales updated from [en_US] to [lo]
04-02 23:00:27.408  1727  3709 V Configuration: Updating configuration, locales updated from [en_US] to [lt]
04-02 23:00:27.408  1727  3709 V Configuration: Updating configuration, locales updated from [en_US] to [lt_LT]
04-02 23:00:27.408  1727  3709 V Configuration: Updating configuration, locales updated from [en_US] to [lv]
04-02 23:00:27.408  1727  3709 V Configuration: Updating configuration, locales updated from [en_US] to [lv_LV]
04-02 23:00:27.409  1727  3709 V Configuration: Updating configuration, locales updated from [en_US] to [mk]
04-02 23:00:27.409  1727  3709 V Configuration: Updating configuration, locales updated from [en_US] to [ml]
04-02 23:00:27.409  1727  3709 V Configuration: Updating configuration, locales updated from [en_US] to [mn]
04-02 23:00:27.410  1727  3709 V Configuration: Updating configuration, locales updated from [en_US] to [mr]
04-02 23:00:27.410  1727  3709 V Configuration: Updating configuration, locales updated from [en_US] to [ms]
04-02 23:00:27.410  1727  3709 V Configuration: Updating configuration, locales updated from [en_US] to [ms_MY]
04-02 23:00:27.411  1727  3709 V Configuration: Updating configuration, locales updated from [en_US] to [my]
04-02 23:00:27.411  1727  3709 V Configuration: Updating configuration, locales updated from [en_US] to [nb]
04-02 23:00:27.411  1727  3709 V Configuration: Updating configuration, locales updated from [en_US] to [nb_NO]
04-02 23:00:27.411  1727  3709 V Configuration: Updating configuration, locales updated from [en_US] to [ne]
04-02 23:00:27.412  1727  3709 V Configuration: Updating configuration, locales updated from [en_US] to [nl]
04-02 23:00:27.412  1727  3709 V Configuration: Updating configuration, locales updated from [en_US] to [nl_NL]
04-02 23:00:27.412  1727  3709 V Configuration: Updating configuration, locales updated from [en_US] to [or]
04-02 23:00:27.412  1727  3709 V Configuration: Updating configuration, locales updated from [en_US] to [pa]
04-02 23:00:27.413  1727  3709 V Configuration: Updating configuration, locales updated from [en_US] to [pl]
04-02 23:00:27.413  1727  3709 V Configuration: Updating configuration, locales updated from [en_US] to [pl_PL]
04-02 23:00:27.413  1727  3709 V Configuration: Updating configuration, locales updated from [en_US] to [pt]
04-02 23:00:27.413  1727  3709 V Configuration: Updating configuration, locales updated from [en_US] to [pt_BR]
04-02 23:00:27.414  1727  3709 V Configuration: Updating configuration, locales updated from [en_US] to [pt_PT]
04-02 23:00:27.415  1727  3709 V Configuration: Updating configuration, locales updated from [en_US] to [ro]
04-02 23:00:27.415  1727  3709 V Configuration: Updating configuration, locales updated from [en_US] to [ro_RO]
04-02 23:00:27.415  1727  3709 V Configuration: Updating configuration, locales updated from [en_US] to [ru]
04-02 23:00:27.416  1727  3709 V Configuration: Updating configuration, locales updated from [en_US] to [ru_RU]
04-02 23:00:27.416  1727  3709 V Configuration: Updating configuration, locales updated from [en_US] to [si]
04-02 23:00:27.418  1727  3709 V Configuration: Updating configuration, locales updated from [en_US] to [sk]
04-02 23:00:27.419  1727  3709 V Configuration: Updating configuration, locales updated from [en_US] to [sk_SK]
04-02 23:00:27.419  1727  3709 V Configuration: Updating configuration, locales updated from [en_US] to [sl]
04-02 23:00:27.419  1727  3709 V Configuration: Updating configuration, locales updated from [en_US] to [sl_SI]
04-02 23:00:27.419  1727  3709 V Configuration: Updating configuration, locales updated from [en_US] to [sq]
04-02 23:00:27.420  1727  3709 V Configuration: Updating configuration, locales updated from [en_US] to [sr]
04-02 23:00:27.420  1727  3709 V Configuration: Updating configuration, locales updated from [en_US] to [sr__#Latn]
04-02 23:00:27.420  1727  3709 V Configuration: Updating configuration, locales updated from [en_US] to [sr_RS]
04-02 23:00:27.421  1727  3709 V Configuration: Updating configuration, locales updated from [en_US] to [sv]
04-02 23:00:27.421  1727  3709 V Configuration: Updating configuration, locales updated from [en_US] to [sv_SE]
04-02 23:00:27.421  1727  3709 V Configuration: Updating configuration, locales updated from [en_US] to [sw]
04-02 23:00:27.421  1727  3709 V Configuration: Updating configuration, locales updated from [en_US] to [sw_TZ]
04-02 23:00:27.422  1727  3709 V Configuration: Updating configuration, locales updated from [en_US] to [ta]
04-02 23:00:27.422  1727  3709 V Configuration: Updating configuration, locales updated from [en_US] to [te]
04-02 23:00:27.423  1727  3709 V Configuration: Updating configuration, locales updated from [en_US] to [th]
04-02 23:00:27.423  1727  3709 V Configuration: Updating configuration, locales updated from [en_US] to [th_TH]
04-02 23:00:27.424  1727  3709 V Configuration: Updating configuration, locales updated from [en_US] to [tr]
04-02 23:00:27.424  1727  3709 V Configuration: Updating configuration, locales updated from [en_US] to [tr_TR]
04-02 23:00:27.424  1727  3709 V Configuration: Updating configuration, locales updated from [en_US] to [uk]
04-02 23:00:27.424  1727  3709 V Configuration: Updating configuration, locales updated from [en_US] to [uk_UA]
04-02 23:00:27.425  1727  3709 V Configuration: Updating configuration, locales updated from [en_US] to [ur]
04-02 23:00:27.425  1727  3709 V Configuration: Updating configuration, locales updated from [en_US] to [uz]
04-02 23:00:27.425  1727  3709 V Configuration: Updating configuration, locales updated from [en_US] to [vi]
04-02 23:00:27.425  1727  3709 V Configuration: Updating configuration, locales updated from [en_US] to [vi_VN]
04-02 23:00:27.426  1727  3709 V Configuration: Updating configuration, locales updated from [en_US] to [zh_CN]
04-02 23:00:27.426  1727  3709 V Configuration: Updating configuration, locales updated from [en_US] to [zh_HK]
04-02 23:00:27.426  1727  3709 V Configuration: Updating configuration, locales updated from [en_US] to [zh_TW]
04-02 23:00:27.426  1727  3709 V Configuration: Updating configuration, locales updated from [en_US] to [zu]
04-02 23:00:27.427  1727  3709 V Configuration: Updating configuration, locales updated from [en_US] to [zu_ZA]
04-02 23:00:27.439  1727  2334 D BackgroundInstallControlService: Package event received: 0
04-02 23:00:27.487  1727  4020 V Configuration: Updating configuration, locales updated from [] to [en_US]
04-02 23:00:27.488  1727  4020 V Configuration: Updating configuration, locales updated from [] to [en_US]
04-02 23:00:27.488  1727  4020 V Configuration: Updating configuration, locales updated from [] to [en_US]
04-02 23:00:27.488  1727  4020 V Configuration: Updating configuration, locales updated from [] to [en_US]
04-02 23:00:27.488  1727  4020 V Configuration: Updating configuration, locales updated from [] to [en_US]
04-02 23:00:27.488  1727  4020 V Configuration: Updating configuration, locales updated from [] to [en_US]
04-02 23:00:27.488  1727  4020 V Configuration: Updating configuration, locales updated from [] to [en_US]
04-02 23:00:27.488  1727  4020 V Configuration: Updating configuration, locales updated from [] to [en_US]
